{
  "config": {
    "view": {
      "continuousHeight": 300,
      "continuousWidth": 400
    }
  },
  "data": {
    "values": [
      {
        "x_cat": "Q",
        "y": 2.073776170899
      },
      {
        "x_cat": "M",
        "y": -0.3372989855092
      },
      {
        "x_cat": "M",
        "y": -0.5581818991175
      },
      {
        "x_cat": "O",
        "y": 1.6786383700364
      },
      {
        "x_cat": "O",
        "y": 0.2680468668474
      },
      {
        "x_cat": "M",
        "y": -0.1528879495323
      },
      {
        "x_cat": "L",
        "y": 3.4415746197232
      },
      {
        "x_cat": "L",
        "y": 0.8604979552327
      },
      {
        "x_cat": "M",
        "y": -0.3844567912265
      },
      {
        "x_cat": "L",
        "y": 0.4273050095413
      },
      {
        "x_cat": "N",
        "y": 1.297963240307
      },
      {
        "x_cat": "M",
        "y": 0.8533584705463
      },
      {
        "x_cat": "L",
        "y": 0.8939749922494
      },
      {
        "x_cat": "L",
        "y": -2.0482994108438
      },
      {
        "x_cat": "O",
        "y": -0.6726956437497
      },
      {
        "x_cat": "N",
        "y": -0.235693678282
      },
      {
        "x_cat": "O",
        "y": 2.1303457732641
      },
      {
        "x_cat": "M",
        "y": -0.9728074934078
      },
      {
        "x_cat": "K",
        "y": 0.9315471849795
      },
      {
        "x_cat": "I",
        "y": -0.670934519146
      },
      {
        "x_cat": "H",
        "y": -0.6936385428398
      },
      {
        "x_cat": "M",
        "y": -0.4218960394842
      },
      {
        "x_cat": "L",
        "y": -1.1547835119851
      },
      {
        "x_cat": "K",
        "y": -3.1796294781723
      },
      {
        "x_cat": "O",
        "y": 2.1211911141018
      },
      {
        "x_cat": "K",
        "y": -0.3032142129878
      },
      {
        "x_cat": "M",
        "y": 0.2310819006998
      },
      {
        "x_cat": "L",
        "y": 0.4712770761459
      },
      {
        "x_cat": "L",
        "y": 1.4832431124633
      },
      {
        "x_cat": "L",
        "y": 1.7067576194227
      },
      {
        "x_cat": "M",
        "y": -1.3566328974446
      },
      {
        "x_cat": "N",
        "y": 2.3105328522663
      },
      {
        "x_cat": "K",
        "y": -0.4053637136083
      },
      {
        "x_cat": "K",
        "y": -3.2965795172084
      },
      {
        "x_cat": "N",
        "y": -2.3115272119897
      },
      {
        "x_cat": "O",
        "y": 0.6894171529475
      },
      {
        "x_cat": "O",
        "y": 1.1209674637482
      },
      {
        "x_cat": "N",
        "y": 0.9191964293302
      },
      {
        "x_cat": "K",
        "y": 1.0464170280014
      },
      {
        "x_cat": "L",
        "y": -0.8709199909249
      },
      {
        "x_cat": "J",
        "y": -1.8983994280803
      },
      {
        "x_cat": "K",
        "y": -0.6955714404079
      },
      {
        "x_cat": "I",
        "y": -1.1003718426488
      },
      {
        "x_cat": "M",
        "y": 0.6605169143393
      },
      {
        "x_cat": "L",
        "y": 0.2797809247152
      },
      {
        "x_cat": "K",
        "y": 1.5228394427033
      },
      {
        "x_cat": "I",
        "y": -1.588335168994
      },
      {
        "x_cat": "L",
        "y": 0.1698781704941
      },
      {
        "x_cat": "J",
        "y": -2.3411397285958
      },
      {
        "x_cat": "M",
        "y": 0.6386683909584
      }
    ]
  },
  "encoding": {
    "x": {
      "field": "x_cat",
      "type": "nominal"
    },
    "y": {
      "field": "y",
      "type": "quantitative"
    }
  },
  "height": 600,
  "mark": {
    "opacity": 0.5,
    "thickness": 2,
    "type": "tick"
  },
  "width": 800
}