{
  "config": {
    "view": {
      "continuousHeight": 300,
      "continuousWidth": 400
    }
  },
  "data": {
    "values": [
      {
        "value": 0.0,
        "variable": "x"
      },
      {
        "value": 0.0,
        "variable": "x"
      },
      {
        "value": 0.0,
        "variable": "x"
      },
      {
        "value": 0.0,
        "variable": "x"
      },
      {
        "value": 0.0,
        "variable": "x"
      },
      {
        "value": 0.0,
        "variable": "x"
      },
      {
        "value": 0.0,
        "variable": "x"
      },
      {
        "value": 0.0,
        "variable": "x"
      },
      {
        "value": 0.0,
        "variable": "x"
      },
      {
        "value": 0.0,
        "variable": "x"
      },
      {
        "value": 1.0,
        "variable": "x"
      },
      {
        "value": 1.0,
        "variable": "x"
      },
      {
        "value": 1.0,
        "variable": "x"
      },
      {
        "value": 1.0,
        "variable": "x"
      },
      {
        "value": 1.0,
        "variable": "x"
      },
      {
        "value": 1.0,
        "variable": "x"
      },
      {
        "value": 1.0,
        "variable": "x"
      },
      {
        "value": 1.0,
        "variable": "x"
      },
      {
        "value": 1.0,
        "variable": "x"
      },
      {
        "value": 1.0,
        "variable": "x"
      },
      {
        "value": 2.0,
        "variable": "x"
      },
      {
        "value": 2.0,
        "variable": "x"
      },
      {
        "value": 2.0,
        "variable": "x"
      },
      {
        "value": 2.0,
        "variable": "x"
      },
      {
        "value": 2.0,
        "variable": "x"
      },
      {
        "value": 2.0,
        "variable": "x"
      },
      {
        "value": 2.0,
        "variable": "x"
      },
      {
        "value": 2.0,
        "variable": "x"
      },
      {
        "value": 2.0,
        "variable": "x"
      },
      {
        "value": 2.0,
        "variable": "x"
      },
      {
        "value": 3.0,
        "variable": "x"
      },
      {
        "value": 3.0,
        "variable": "x"
      },
      {
        "value": 3.0,
        "variable": "x"
      },
      {
        "value": 3.0,
        "variable": "x"
      },
      {
        "value": 3.0,
        "variable": "x"
      },
      {
        "value": 3.0,
        "variable": "x"
      },
      {
        "value": 3.0,
        "variable": "x"
      },
      {
        "value": 3.0,
        "variable": "x"
      },
      {
        "value": 3.0,
        "variable": "x"
      },
      {
        "value": 3.0,
        "variable": "x"
      },
      {
        "value": 4.0,
        "variable": "x"
      },
      {
        "value": 4.0,
        "variable": "x"
      },
      {
        "value": 4.0,
        "variable": "x"
      },
      {
        "value": 4.0,
        "variable": "x"
      },
      {
        "value": 4.0,
        "variable": "x"
      },
      {
        "value": 4.0,
        "variable": "x"
      },
      {
        "value": 4.0,
        "variable": "x"
      },
      {
        "value": 4.0,
        "variable": "x"
      },
      {
        "value": 4.0,
        "variable": "x"
      },
      {
        "value": 4.0,
        "variable": "x"
      },
      {
        "value": 5.0,
        "variable": "x"
      },
      {
        "value": 5.0,
        "variable": "x"
      },
      {
        "value": 5.0,
        "variable": "x"
      },
      {
        "value": 5.0,
        "variable": "x"
      },
      {
        "value": 5.0,
        "variable": "x"
      },
      {
        "value": 5.0,
        "variable": "x"
      },
      {
        "value": 5.0,
        "variable": "x"
      },
      {
        "value": 5.0,
        "variable": "x"
      },
      {
        "value": 5.0,
        "variable": "x"
      },
      {
        "value": 5.0,
        "variable": "x"
      },
      {
        "value": 6.0,
        "variable": "x"
      },
      {
        "value": 6.0,
        "variable": "x"
      },
      {
        "value": 6.0,
        "variable": "x"
      },
      {
        "value": 6.0,
        "variable": "x"
      },
      {
        "value": 6.0,
        "variable": "x"
      },
      {
        "value": 6.0,
        "variable": "x"
      },
      {
        "value": 6.0,
        "variable": "x"
      },
      {
        "value": 6.0,
        "variable": "x"
      },
      {
        "value": 6.0,
        "variable": "x"
      },
      {
        "value": 6.0,
        "variable": "x"
      },
      {
        "value": 7.0,
        "variable": "x"
      },
      {
        "value": 7.0,
        "variable": "x"
      },
      {
        "value": 7.0,
        "variable": "x"
      },
      {
        "value": 7.0,
        "variable": "x"
      },
      {
        "value": 7.0,
        "variable": "x"
      },
      {
        "value": 7.0,
        "variable": "x"
      },
      {
        "value": 7.0,
        "variable": "x"
      },
      {
        "value": 7.0,
        "variable": "x"
      },
      {
        "value": 7.0,
        "variable": "x"
      },
      {
        "value": 7.0,
        "variable": "x"
      },
      {
        "value": 8.0,
        "variable": "x"
      },
      {
        "value": 8.0,
        "variable": "x"
      },
      {
        "value": 8.0,
        "variable": "x"
      },
      {
        "value": 8.0,
        "variable": "x"
      },
      {
        "value": 8.0,
        "variable": "x"
      },
      {
        "value": 8.0,
        "variable": "x"
      },
      {
        "value": 8.0,
        "variable": "x"
      },
      {
        "value": 8.0,
        "variable": "x"
      },
      {
        "value": 8.0,
        "variable": "x"
      },
      {
        "value": 8.0,
        "variable": "x"
      },
      {
        "value": 9.0,
        "variable": "x"
      },
      {
        "value": 9.0,
        "variable": "x"
      },
      {
        "value": 9.0,
        "variable": "x"
      },
      {
        "value": 9.0,
        "variable": "x"
      },
      {
        "value": 9.0,
        "variable": "x"
      },
      {
        "value": 9.0,
        "variable": "x"
      },
      {
        "value": 9.0,
        "variable": "x"
      },
      {
        "value": 9.0,
        "variable": "x"
      },
      {
        "value": 9.0,
        "variable": "x"
      },
      {
        "value": 9.0,
        "variable": "x"
      },
      {
        "value": 1.7640523459677,
        "variable": "y"
      },
      {
        "value": 0.4001572083672,
        "variable": "y"
      },
      {
        "value": 0.9787379841057,
        "variable": "y"
      },
      {
        "value": 2.2408931992015,
        "variable": "y"
      },
      {
        "value": 1.86755799015,
        "variable": "y"
      },
      {
        "value": -0.9772778798764,
        "variable": "y"
      },
      {
        "value": 0.9500884175256,
        "variable": "y"
      },
      {
        "value": -0.1513572082977,
        "variable": "y"
      },
      {
        "value": -0.1032188517936,
        "variable": "y"
      },
      {
        "value": 0.4105985019384,
        "variable": "y"
      },
      {
        "value": 0.1440435711609,
        "variable": "y"
      },
      {
        "value": 1.454273506963,
        "variable": "y"
      },
      {
        "value": 0.761037725147,
        "variable": "y"
      },
      {
        "value": 0.1216750164928,
        "variable": "y"
      },
      {
        "value": 0.4438632327454,
        "variable": "y"
      },
      {
        "value": 0.3336743273743,
        "variable": "y"
      },
      {
        "value": 1.4940790731576,
        "variable": "y"
      },
      {
        "value": -0.2051582637658,
        "variable": "y"
      },
      {
        "value": 0.3130677016509,
        "variable": "y"
      },
      {
        "value": -0.8540957393017,
        "variable": "y"
      },
      {
        "value": -2.5529898158341,
        "variable": "y"
      },
      {
        "value": 0.6536185954404,
        "variable": "y"
      },
      {
        "value": 0.8644361988595,
        "variable": "y"
      },
      {
        "value": -0.7421650204064,
        "variable": "y"
      },
      {
        "value": 2.2697546239876,
        "variable": "y"
      },
      {
        "value": -1.4543656745988,
        "variable": "y"
      },
      {
        "value": 0.0457585173014,
        "variable": "y"
      },
      {
        "value": -0.1871838500258,
        "variable": "y"
      },
      {
        "value": 1.5327792143585,
        "variable": "y"
      },
      {
        "value": 1.4693587699003,
        "variable": "y"
      },
      {
        "value": 0.1549474256969,
        "variable": "y"
      },
      {
        "value": 0.3781625196022,
        "variable": "y"
      },
      {
        "value": -0.8877857476301,
        "variable": "y"
      },
      {
        "value": -1.9807964682239,
        "variable": "y"
      },
      {
        "value": -0.3479121493262,
        "variable": "y"
      },
      {
        "value": 0.156348969104,
        "variable": "y"
      },
      {
        "value": 1.2302906807277,
        "variable": "y"
      },
      {
        "value": 1.2023798487844,
        "variable": "y"
      },
      {
        "value": -0.387326817408,
        "variable": "y"
      },
      {
        "value": -0.3023027505753,
        "variable": "y"
      },
      {
        "value": -1.0485529650671,
        "variable": "y"
      },
      {
        "value": -1.420017937179,
        "variable": "y"
      },
      {
        "value": -1.706270190625,
        "variable": "y"
      },
      {
        "value": 1.9507753952318,
        "variable": "y"
      },
      {
        "value": -0.5096521817517,
        "variable": "y"
      },
      {
        "value": -0.4380743016112,
        "variable": "y"
      },
      {
        "value": -1.2527953600499,
        "variable": "y"
      },
      {
        "value": 0.7774903558319,
        "variable": "y"
      },
      {
        "value": -1.613897847558,
        "variable": "y"
      },
      {
        "value": -0.212740280214,
        "variable": "y"
      },
      {
        "value": -0.8954665611937,
        "variable": "y"
      },
      {
        "value": 0.3869024978593,
        "variable": "y"
      },
      {
        "value": -0.5108051375689,
        "variable": "y"
      },
      {
        "value": -1.1806321841224,
        "variable": "y"
      },
      {
        "value": -0.0281822283387,
        "variable": "y"
      },
      {
        "value": 0.4283318705304,
        "variable": "y"
      },
      {
        "value": 0.0665172223832,
        "variable": "y"
      },
      {
        "value": 0.3024718977398,
        "variable": "y"
      },
      {
        "value": -0.634322093681,
        "variable": "y"
      },
      {
        "value": -0.3627411659871,
        "variable": "y"
      },
      {
        "value": -0.672460447776,
        "variable": "y"
      },
      {
        "value": -0.3595531615405,
        "variable": "y"
      },
      {
        "value": -0.8131462820445,
        "variable": "y"
      },
      {
        "value": -1.7262826023317,
        "variable": "y"
      },
      {
        "value": 0.1774261422538,
        "variable": "y"
      },
      {
        "value": -0.4017809362083,
        "variable": "y"
      },
      {
        "value": -1.630198346966,
        "variable": "y"
      },
      {
        "value": 0.4627822555258,
        "variable": "y"
      },
      {
        "value": -0.9072983643832,
        "variable": "y"
      },
      {
        "value": 0.0519453957961,
        "variable": "y"
      },
      {
        "value": 0.7290905621775,
        "variable": "y"
      },
      {
        "value": 0.1289829107574,
        "variable": "y"
      },
      {
        "value": 1.1394006845433,
        "variable": "y"
      },
      {
        "value": -1.2348258203537,
        "variable": "y"
      },
      {
        "value": 0.4023416411775,
        "variable": "y"
      },
      {
        "value": -0.6848100909403,
        "variable": "y"
      },
      {
        "value": -0.8707971491819,
        "variable": "y"
      },
      {
        "value": -0.5788496647644,
        "variable": "y"
      },
      {
        "value": -0.3115525321274,
        "variable": "y"
      },
      {
        "value": 0.0561653422297,
        "variable": "y"
      },
      {
        "value": -1.1651498407834,
        "variable": "y"
      },
      {
        "value": 0.9008264869542,
        "variable": "y"
      },
      {
        "value": 0.4656624397305,
        "variable": "y"
      },
      {
        "value": -1.5362436862772,
        "variable": "y"
      },
      {
        "value": 1.4882521937956,
        "variable": "y"
      },
      {
        "value": 1.8958891760306,
        "variable": "y"
      },
      {
        "value": 1.1787795711597,
        "variable": "y"
      },
      {
        "value": -0.1799248358124,
        "variable": "y"
      },
      {
        "value": -1.0707526215105,
        "variable": "y"
      },
      {
        "value": 1.0544517269311,
        "variable": "y"
      },
      {
        "value": -0.4031769469732,
        "variable": "y"
      },
      {
        "value": 1.2224450703824,
        "variable": "y"
      },
      {
        "value": 0.2082749780769,
        "variable": "y"
      },
      {
        "value": 0.9766390364837,
        "variable": "y"
      },
      {
        "value": 0.3563663971744,
        "variable": "y"
      },
      {
        "value": 0.7065731681919,
        "variable": "y"
      },
      {
        "value": 0.0105000207208,
        "variable": "y"
      },
      {
        "value": 1.7858704939058,
        "variable": "y"
      },
      {
        "value": 0.1269120927036,
        "variable": "y"
      },
      {
        "value": 0.4019893634447,
        "variable": "y"
      }
    ]
  },
  "encoding": {
    "x": {
      "field": "variable",
      "type": "nominal"
    },
    "y": {
      "field": "value",
      "type": "quantitative"
    }
  },
  "height": 600,
  "mark": {
    "opacity": 1.0,
    "thickness": 2,
    "type": "tick"
  },
  "width": 800
}