{
  "config": {
    "view": {
      "continuousHeight": 300,
      "continuousWidth": 400
    }
  },
  "data": {
    "values": [
      {
        "x": 1.7640523459677,
        "y": 2.073776170899,
        "z": 1.8716591437633
      },
      {
        "x": 0.4001572083672,
        "y": -0.3372989855092,
        "z": -1.1705299861827
      },
      {
        "x": 0.9787379841057,
        "y": -0.5581818991175,
        "z": 1.1754183483235
      },
      {
        "x": 2.2408931992015,
        "y": 1.6786383700364,
        "z": 1.8692873741136
      },
      {
        "x": 1.86755799015,
        "y": 0.2680468668474,
        "z": 0.0902364731988
      },
      {
        "x": -0.9772778798764,
        "y": -0.1528879495323,
        "z": -1.2379130685482
      },
      {
        "x": 0.9500884175256,
        "y": 3.4415746197232,
        "z": 4.4138369525645
      },
      {
        "x": -0.1513572082977,
        "y": 0.8604979552327,
        "z": 2.2919696392777
      },
      {
        "x": -0.1032188517936,
        "y": -0.3844567912265,
        "z": -0.6295298344857
      },
      {
        "x": 0.4105985019384,
        "y": 0.4273050095413,
        "z": -0.1959488005708
      },
      {
        "x": 0.1440435711609,
        "y": 1.297963240307,
        "z": 0.9019643743014
      },
      {
        "x": 1.454273506963,
        "y": 0.8533584705463,
        "z": -0.5051639317355
      },
      {
        "x": 0.761037725147,
        "y": 0.8939749922494,
        "z": 2.2165775199164
      },
      {
        "x": 0.1216750164928,
        "y": -2.0482994108438,
        "z": -2.0448554724095
      },
      {
        "x": 0.4438632327454,
        "y": -0.6726956437497,
        "z": -0.6728924138582
      },
      {
        "x": 0.3336743273743,
        "y": -0.235693678282,
        "z": 1.2980102771284
      },
      {
        "x": 1.4940790731576,
        "y": 2.1303457732641,
        "z": 1.3572635254399
      },
      {
        "x": -0.2051582637658,
        "y": -0.9728074934078,
        "z": -1.3740624305789
      },
      {
        "x": 0.3130677016509,
        "y": 0.9315471849795,
        "z": 0.8161904206068
      },
      {
        "x": -0.8540957393017,
        "y": -0.670934519146,
        "z": 0.340620929842
      },
      {
        "x": -2.5529898158341,
        "y": -0.6936385428398,
        "z": 0.8195969792161
      },
      {
        "x": 0.6536185954404,
        "y": -0.4218960394842,
        "z": 0.4951725817138
      },
      {
        "x": 0.8644361988595,
        "y": -1.1547835119851,
        "z": -0.4258904401972
      },
      {
        "x": -0.7421650204064,
        "y": -3.1796294781723,
        "z": -2.6275973351618
      },
      {
        "x": 2.2697546239876,
        "y": 2.1211911141018,
        "z": -0.6820429705432
      },
      {
        "x": -1.4543656745988,
        "y": -0.3032142129878,
        "z": -0.6992673911579
      },
      {
        "x": 0.0457585173014,
        "y": 0.2310819006998,
        "z": -0.482061721384
      },
      {
        "x": -0.1871838500258,
        "y": 0.4712770761459,
        "z": 1.7721107448472
      },
      {
        "x": 1.5327792143585,
        "y": 1.4832431124633,
        "z": 0.930377319644
      },
      {
        "x": 1.4693587699003,
        "y": 1.7067576194227,
        "z": 3.7776550293272
      },
      {
        "x": 0.1549474256969,
        "y": -1.3566328974446,
        "z": -1.722541227538
      },
      {
        "x": 0.3781625196022,
        "y": 2.3105328522663,
        "z": 1.4129028106102
      },
      {
        "x": -0.8877857476301,
        "y": -0.4053637136083,
        "z": 1.0395727674127
      },
      {
        "x": -1.9807964682239,
        "y": -3.2965795172084,
        "z": -3.1236376630437
      },
      {
        "x": -0.3479121493262,
        "y": -2.3115272119897,
        "z": -2.028838715706
      },
      {
        "x": 0.156348969104,
        "y": 0.6894171529475,
        "z": 1.7802867162127
      },
      {
        "x": 1.2302906807277,
        "y": 1.1209674637482,
        "z": 0.9196193021047
      },
      {
        "x": 1.2023798487844,
        "y": 0.9191964293302,
        "z": 0.2385106742609
      },
      {
        "x": -0.387326817408,
        "y": 1.0464170280014,
        "z": 1.8496920517348
      },
      {
        "x": -0.3023027505753,
        "y": -0.8709199909249,
        "z": -1.2130838208954
      },
      {
        "x": -1.0485529650671,
        "y": -1.8983994280803,
        "z": -2.3708882702794
      },
      {
        "x": -1.420017937179,
        "y": -0.6955714404079,
        "z": -1.3878283385668
      },
      {
        "x": -1.706270190625,
        "y": -1.1003718426488,
        "z": -1.1470431063674
      },
      {
        "x": 1.9507753952318,
        "y": 0.6605169143393,
        "z": 0.0409368260899
      },
      {
        "x": -0.5096521817517,
        "y": 0.2797809247152,
        "z": 1.1493069322424
      },
      {
        "x": -0.4380743016112,
        "y": 1.5228394427033,
        "z": 1.3759565899373
      },
      {
        "x": -1.2527953600499,
        "y": -1.588335168994,
        "z": -1.260243405926
      },
      {
        "x": 0.7774903558319,
        "y": 0.1698781704941,
        "z": -1.1931653290488
      },
      {
        "x": -1.613897847558,
        "y": -2.3411397285958,
        "z": -1.533305425543
      },
      {
        "x": -0.212740280214,
        "y": 0.6386683909584,
        "z": 1.2993324200604
      }
    ]
  },
  "encoding": {
    "color": {
      "field": "z",
      "scale": {
        "range": [
          "#F271B8",
          "#00B4D7"
        ],
        "type": "linear"
      },
      "type": "quantitative"
    },
    "x": {
      "field": "y",
      "type": "quantitative"
    },
    "y": {
      "field": "x",
      "type": "quantitative"
    }
  },
  "height": 600,
  "mark": {
    "opacity": 1.0,
    "type": "point"
  },
  "width": 800
}