{
  "$schema": "https://vega.github.io/schema/vega-lite/v4.8.1.json",
  "config": {
    "view": {
      "continuousHeight": 300,
      "continuousWidth": 400
    }
  },
  "data": {
    "values": [
      {
        "x": 1.7640523459677,
        "y": 2.073776170899
      },
      {
        "x": 0.4001572083672,
        "y": -0.3372989855092
      },
      {
        "x": 0.9787379841057,
        "y": -0.5581818991175
      },
      {
        "x": 2.2408931992015,
        "y": 1.6786383700364
      },
      {
        "x": 1.86755799015,
        "y": 0.2680468668474
      },
      {
        "x": -0.9772778798764,
        "y": -0.1528879495323
      },
      {
        "x": 0.9500884175256,
        "y": 3.4415746197232
      },
      {
        "x": -0.1513572082977,
        "y": 0.8604979552327
      },
      {
        "x": -0.1032188517936,
        "y": -0.3844567912265
      },
      {
        "x": 0.4105985019384,
        "y": 0.4273050095413
      },
      {
        "x": 0.1440435711609,
        "y": 1.297963240307
      },
      {
        "x": 1.454273506963,
        "y": 0.8533584705463
      },
      {
        "x": 0.761037725147,
        "y": 0.8939749922494
      },
      {
        "x": 0.1216750164928,
        "y": -2.0482994108438
      },
      {
        "x": 0.4438632327454,
        "y": -0.6726956437497
      },
      {
        "x": 0.3336743273743,
        "y": -0.235693678282
      },
      {
        "x": 1.4940790731576,
        "y": 2.1303457732641
      },
      {
        "x": -0.2051582637658,
        "y": -0.9728074934078
      },
      {
        "x": 0.3130677016509,
        "y": 0.9315471849795
      },
      {
        "x": -0.8540957393017,
        "y": -0.670934519146
      },
      {
        "x": -2.5529898158341,
        "y": -0.6936385428398
      },
      {
        "x": 0.6536185954404,
        "y": -0.4218960394842
      },
      {
        "x": 0.8644361988595,
        "y": -1.1547835119851
      },
      {
        "x": -0.7421650204064,
        "y": -3.1796294781723
      },
      {
        "x": 2.2697546239876,
        "y": 2.1211911141018
      },
      {
        "x": -1.4543656745988,
        "y": -0.3032142129878
      },
      {
        "x": 0.0457585173014,
        "y": 0.2310819006998
      },
      {
        "x": -0.1871838500258,
        "y": 0.4712770761459
      },
      {
        "x": 1.5327792143585,
        "y": 1.4832431124633
      },
      {
        "x": 1.4693587699003,
        "y": 1.7067576194227
      },
      {
        "x": 0.1549474256969,
        "y": -1.3566328974446
      },
      {
        "x": 0.3781625196022,
        "y": 2.3105328522663
      },
      {
        "x": -0.8877857476301,
        "y": -0.4053637136083
      },
      {
        "x": -1.9807964682239,
        "y": -3.2965795172084
      },
      {
        "x": -0.3479121493262,
        "y": -2.3115272119897
      },
      {
        "x": 0.156348969104,
        "y": 0.6894171529475
      },
      {
        "x": 1.2302906807277,
        "y": 1.1209674637482
      },
      {
        "x": 1.2023798487844,
        "y": 0.9191964293302
      },
      {
        "x": -0.387326817408,
        "y": 1.0464170280014
      },
      {
        "x": -0.3023027505753,
        "y": -0.8709199909249
      },
      {
        "x": -1.0485529650671,
        "y": -1.8983994280803
      },
      {
        "x": -1.420017937179,
        "y": -0.6955714404079
      },
      {
        "x": -1.706270190625,
        "y": -1.1003718426488
      },
      {
        "x": 1.9507753952318,
        "y": 0.6605169143393
      },
      {
        "x": -0.5096521817517,
        "y": 0.2797809247152
      },
      {
        "x": -0.4380743016112,
        "y": 1.5228394427033
      },
      {
        "x": -1.2527953600499,
        "y": -1.588335168994
      },
      {
        "x": 0.7774903558319,
        "y": 0.1698781704941
      },
      {
        "x": -1.613897847558,
        "y": -2.3411397285958
      },
      {
        "x": -0.212740280214,
        "y": 0.6386683909584
      }
    ]
  },
  "encoding": {
    "x": {
      "field": "y",
      "type": "quantitative"
    },
    "y": {
      "field": "x",
      "type": "quantitative"
    }
  },
  "height": 600,
  "mark": {
    "opacity": 1.0,
    "type": "point"
  },
  "width": 800
}