{
  "config": {
    "view": {
      "continuousHeight": 300,
      "continuousWidth": 400
    }
  },
  "data": {
    "values": [
      {
        "Autocorrelation": 1.0,
        "Lag": 0
      },
      {
        "Autocorrelation": -0.0705158322822,
        "Lag": 1
      },
      {
        "Autocorrelation": 0.282592198191,
        "Lag": 2
      },
      {
        "Autocorrelation": -0.121634201324,
        "Lag": 3
      },
      {
        "Autocorrelation": 0.0745877924561,
        "Lag": 4
      },
      {
        "Autocorrelation": -0.0734959485887,
        "Lag": 5
      },
      {
        "Autocorrelation": 0.0710106670223,
        "Lag": 6
      },
      {
        "Autocorrelation": -0.0505686488362,
        "Lag": 7
      },
      {
        "Autocorrelation": 0.0554371287185,
        "Lag": 8
      },
      {
        "Autocorrelation": -0.1747851682917,
        "Lag": 9
      },
      {
        "Autocorrelation": 0.2372179636358,
        "Lag": 10
      },
      {
        "Autocorrelation": -0.1215914908736,
        "Lag": 11
      },
      {
        "Autocorrelation": 0.1271298422811,
        "Lag": 12
      },
      {
        "Autocorrelation": -0.042201004458,
        "Lag": 13
      },
      {
        "Autocorrelation": 0.1160230529033,
        "Lag": 14
      },
      {
        "Autocorrelation": 0.0417696270256,
        "Lag": 15
      }
    ]
  },
  "encoding": {
    "x": {
      "field": "Lag",
      "type": "ordinal"
    },
    "y": {
      "field": "Autocorrelation",
      "type": "quantitative"
    }
  },
  "height": 600,
  "mark": "bar",
  "width": 800
}