{
  "config": {
    "view": {
      "continuousHeight": 300,
      "continuousWidth": 400
    }
  },
  "data": {
    "values": [
      {
        "x_cat": "Q",
        "y": 2.073776170899,
        "z": 1.8716591437633
      },
      {
        "x_cat": "M",
        "y": -0.3372989855092,
        "z": -1.1705299861827
      },
      {
        "x_cat": "M",
        "y": -0.5581818991175,
        "z": 1.1754183483235
      },
      {
        "x_cat": "O",
        "y": 1.6786383700364,
        "z": 1.8692873741136
      },
      {
        "x_cat": "O",
        "y": 0.2680468668474,
        "z": 0.0902364731988
      },
      {
        "x_cat": "M",
        "y": -0.1528879495323,
        "z": -1.2379130685482
      },
      {
        "x_cat": "L",
        "y": 3.4415746197232,
        "z": 4.4138369525645
      },
      {
        "x_cat": "L",
        "y": 0.8604979552327,
        "z": 2.2919696392777
      },
      {
        "x_cat": "M",
        "y": -0.3844567912265,
        "z": -0.6295298344857
      },
      {
        "x_cat": "L",
        "y": 0.4273050095413,
        "z": -0.1959488005708
      },
      {
        "x_cat": "N",
        "y": 1.297963240307,
        "z": 0.9019643743014
      },
      {
        "x_cat": "M",
        "y": 0.8533584705463,
        "z": -0.5051639317355
      },
      {
        "x_cat": "L",
        "y": 0.8939749922494,
        "z": 2.2165775199164
      },
      {
        "x_cat": "L",
        "y": -2.0482994108438,
        "z": -2.0448554724095
      },
      {
        "x_cat": "O",
        "y": -0.6726956437497,
        "z": -0.6728924138582
      },
      {
        "x_cat": "N",
        "y": -0.235693678282,
        "z": 1.2980102771284
      },
      {
        "x_cat": "O",
        "y": 2.1303457732641,
        "z": 1.3572635254399
      },
      {
        "x_cat": "M",
        "y": -0.9728074934078,
        "z": -1.3740624305789
      },
      {
        "x_cat": "K",
        "y": 0.9315471849795,
        "z": 0.8161904206068
      },
      {
        "x_cat": "I",
        "y": -0.670934519146,
        "z": 0.340620929842
      },
      {
        "x_cat": "H",
        "y": -0.6936385428398,
        "z": 0.8195969792161
      },
      {
        "x_cat": "M",
        "y": -0.4218960394842,
        "z": 0.4951725817138
      },
      {
        "x_cat": "L",
        "y": -1.1547835119851,
        "z": -0.4258904401972
      },
      {
        "x_cat": "K",
        "y": -3.1796294781723,
        "z": -2.6275973351618
      },
      {
        "x_cat": "O",
        "y": 2.1211911141018,
        "z": -0.6820429705432
      },
      {
        "x_cat": "K",
        "y": -0.3032142129878,
        "z": -0.6992673911579
      },
      {
        "x_cat": "M",
        "y": 0.2310819006998,
        "z": -0.482061721384
      },
      {
        "x_cat": "L",
        "y": 0.4712770761459,
        "z": 1.7721107448472
      },
      {
        "x_cat": "L",
        "y": 1.4832431124633,
        "z": 0.930377319644
      },
      {
        "x_cat": "L",
        "y": 1.7067576194227,
        "z": 3.7776550293272
      },
      {
        "x_cat": "M",
        "y": -1.3566328974446,
        "z": -1.722541227538
      },
      {
        "x_cat": "N",
        "y": 2.3105328522663,
        "z": 1.4129028106102
      },
      {
        "x_cat": "K",
        "y": -0.4053637136083,
        "z": 1.0395727674127
      },
      {
        "x_cat": "K",
        "y": -3.2965795172084,
        "z": -3.1236376630437
      },
      {
        "x_cat": "N",
        "y": -2.3115272119897,
        "z": -2.028838715706
      },
      {
        "x_cat": "O",
        "y": 0.6894171529475,
        "z": 1.7802867162127
      },
      {
        "x_cat": "O",
        "y": 1.1209674637482,
        "z": 0.9196193021047
      },
      {
        "x_cat": "N",
        "y": 0.9191964293302,
        "z": 0.2385106742609
      },
      {
        "x_cat": "K",
        "y": 1.0464170280014,
        "z": 1.8496920517348
      },
      {
        "x_cat": "L",
        "y": -0.8709199909249,
        "z": -1.2130838208954
      },
      {
        "x_cat": "J",
        "y": -1.8983994280803,
        "z": -2.3708882702794
      },
      {
        "x_cat": "K",
        "y": -0.6955714404079,
        "z": -1.3878283385668
      },
      {
        "x_cat": "I",
        "y": -1.1003718426488,
        "z": -1.1470431063674
      },
      {
        "x_cat": "M",
        "y": 0.6605169143393,
        "z": 0.0409368260899
      },
      {
        "x_cat": "L",
        "y": 0.2797809247152,
        "z": 1.1493069322424
      },
      {
        "x_cat": "K",
        "y": 1.5228394427033,
        "z": 1.3759565899373
      },
      {
        "x_cat": "I",
        "y": -1.588335168994,
        "z": -1.260243405926
      },
      {
        "x_cat": "L",
        "y": 0.1698781704941,
        "z": -1.1931653290488
      },
      {
        "x_cat": "J",
        "y": -2.3411397285958,
        "z": -1.533305425543
      },
      {
        "x_cat": "M",
        "y": 0.6386683909584,
        "z": 1.2993324200604
      },
      {
        "x_cat": "L",
        "y": -0.0070499810089,
        "z": 0.7718000641278
      },
      {
        "x_cat": "N",
        "y": -0.7244208135525,
        "z": 0.7828994392061
      },
      {
        "x_cat": "L",
        "y": 0.6270392274827,
        "z": 1.0066154331671
      },
      {
        "x_cat": "M",
        "y": 0.0949170952881,
        "z": 0.746846644205
      },
      {
        "x_cat": "K",
        "y": 0.2664171834287,
        "z": 0.6184173417842
      },
      {
        "x_cat": "K",
        "y": -1.7573476559308,
        "z": -2.2410865419035
      },
      {
        "x_cat": "M",
        "y": 0.858894675378,
        "z": 0.7231518055095
      },
      {
        "x_cat": "M",
        "y": -1.3225695250918,
        "z": -1.4575409544181
      },
      {
        "x_cat": "K",
        "y": 0.1055086241672,
        "z": 1.1108448398829
      },
      {
        "x_cat": "K",
        "y": 0.651527941665,
        "z": -0.202797547774
      },
      {
        "x_cat": "L",
        "y": 0.2857476525033,
        "z": -1.5090177888356
      },
      {
        "x_cat": "K",
        "y": -2.9749240873007,
        "z": -1.9920134307626
      },
      {
        "x_cat": "K",
        "y": -1.5412771097978,
        "z": -0.7385021496532
      },
      {
        "x_cat": "J",
        "y": -0.9837841351417,
        "z": -1.4511804915365
      },
      {
        "x_cat": "L",
        "y": 0.0952821821373,
        "z": -1.3189507495226
      },
      {
        "x_cat": "N",
        "y": -1.9266828091726,
        "z": -3.0466762585789
      },
      {
        "x_cat": "L",
        "y": -2.0683773984507,
        "z": -1.1811807266193
      },
      {
        "x_cat": "M",
        "y": 0.4573905966559,
        "z": 0.5336726475141
      },
      {
        "x_cat": "L",
        "y": -2.6193832264216,
        "z": -1.396254445288
      },
      {
        "x_cat": "M",
        "y": 1.7575316982829,
        "z": 1.0918953792892
      },
      {
        "x_cat": "L",
        "y": 1.54028042494,
        "z": 1.1990066810873
      },
      {
        "x_cat": "N",
        "y": 0.2783438231103,
        "z": -0.2263121632266
      },
      {
        "x_cat": "L",
        "y": 0.4039450030325,
        "z": 0.7315183565421
      },
      {
        "x_cat": "L",
        "y": -1.5477923476867,
        "z": -0.4054055561837
      },
      {
        "x_cat": "N",
        "y": -0.2510745731677,
        "z": 0.495456875838
      },
      {
        "x_cat": "L",
        "y": -1.6760358279354,
        "z": 0.1150203077279
      },
      {
        "x_cat": "N",
        "y": -0.7218307684833,
        "z": -0.7943678782773
      },
      {
        "x_cat": "L",
        "y": 0.5244739361307,
        "z": 1.7721558808645
      },
      {
        "x_cat": "M",
        "y": -0.5016013307088,
        "z": -0.430458352319
      },
      {
        "x_cat": "N",
        "y": -0.356098538434,
        "z": -2.2038720250671
      },
      {
        "x_cat": "K",
        "y": -0.9865296419574,
        "z": 0.9793852301258
      },
      {
        "x_cat": "N",
        "y": 1.6825076399311,
        "z": 1.4414337694921
      },
      {
        "x_cat": "N",
        "y": -0.0589779628351,
        "z": -0.2167822514149
      },
      {
        "x_cat": "J",
        "y": -2.9173403841853,
        "z": -2.3918827881335
      },
      {
        "x_cat": "M",
        "y": 2.4337283773358,
        "z": 0.5220574418913
      },
      {
        "x_cat": "O",
        "y": 0.5341980960848,
        "z": 1.4690035085904
      },
      {
        "x_cat": "O",
        "y": 1.7137672026129,
        "z": 2.5597134192798
      },
      {
        "x_cat": "M",
        "y": -0.2758841332202,
        "z": -0.1574194677302
      },
      {
        "x_cat": "J",
        "y": -1.9671595051026,
        "z": -1.4642450379373
      },
      {
        "x_cat": "N",
        "y": 2.4416331627051,
        "z": 2.2433560828967
      },
      {
        "x_cat": "L",
        "y": 0.5942161144989,
        "z": 1.359751942296
      },
      {
        "x_cat": "N",
        "y": 1.7989127077716,
        "z": 2.7062516640978
      },
      {
        "x_cat": "O",
        "y": 0.6482758165626,
        "z": 0.8456669892686
      },
      {
        "x_cat": "O",
        "y": 1.4521091409655,
        "z": 2.8259573473963
      },
      {
        "x_cat": "N",
        "y": -0.6272109386002,
        "z": -1.6165409869373
      },
      {
        "x_cat": "N",
        "y": 0.1445794563593,
        "z": -0.844522923349
      },
      {
        "x_cat": "M",
        "y": -1.6305031987087,
        "z": -4.107488595109
      },
      {
        "x_cat": "N",
        "y": 2.0781532309482,
        "z": 2.8484075055629
      },
      {
        "x_cat": "L",
        "y": 1.5600169837717,
        "z": 1.4738904032003
      },
      {
        "x_cat": "N",
        "y": 0.0182780619822,
        "z": -0.839389892565
      },
      {
        "x_cat": "N",
        "y": 2.1206432893776,
        "z": 2.7598168874899
      },
      {
        "x_cat": "L",
        "y": -1.8805142277334,
        "z": -2.127714571062
      },
      {
        "x_cat": "K",
        "y": -1.7416648413289,
        "z": -1.5082852728883
      },
      {
        "x_cat": "N",
        "y": 0.6293121789746,
        "z": 1.5001262969543
      },
      {
        "x_cat": "K",
        "y": -2.6363290691761,
        "z": -1.9624738953008
      },
      {
        "x_cat": "M",
        "y": 3.0822194413568,
        "z": 4.7094864222391
      },
      {
        "x_cat": "L",
        "y": -0.4186438104874,
        "z": 0.333052707982
      },
      {
        "x_cat": "L",
        "y": 0.224132885758,
        "z": -0.5642082654448
      },
      {
        "x_cat": "P",
        "y": 2.225283250158,
        "z": 1.4170624453659
      },
      {
        "x_cat": "N",
        "y": 0.6742790851755,
        "z": -0.6993245938048
      },
      {
        "x_cat": "N",
        "y": 1.5506470125082,
        "z": 1.1460477992093
      },
      {
        "x_cat": "M",
        "y": -0.680820544461,
        "z": 0.3472424959911
      },
      {
        "x_cat": "L",
        "y": -0.0725386009661,
        "z": -1.5913210329869
      },
      {
        "x_cat": "N",
        "y": 2.0472897273554,
        "z": 1.5634895673741
      },
      {
        "x_cat": "M",
        "y": -1.0531838961783,
        "z": -0.4381106919911
      },
      {
        "x_cat": "L",
        "y": -0.7041138148229,
        "z": 0.1175066443416
      },
      {
        "x_cat": "N",
        "y": 0.3708421312225,
        "z": 0.4975009976924
      },
      {
        "x_cat": "L",
        "y": -1.2622985151189,
        "z": -0.6870484733872
      },
      {
        "x_cat": "M",
        "y": 0.7493619018242,
        "z": 2.8555996553498
      },
      {
        "x_cat": "N",
        "y": -0.1305709445325,
        "z": 0.7639186446151
      },
      {
        "x_cat": "K",
        "y": 2.4287189561428,
        "z": 1.6415680726038
      },
      {
        "x_cat": "L",
        "y": -0.1140918711582,
        "z": -1.5113114315498
      },
      {
        "x_cat": "M",
        "y": -0.0746019437285,
        "z": 0.2527176832279
      },
      {
        "x_cat": "M",
        "y": -0.1598499059856,
        "z": 0.634804534447
      },
      {
        "x_cat": "K",
        "y": -0.8062292366727,
        "z": -1.2222491426068
      },
      {
        "x_cat": "M",
        "y": -2.1092498955608,
        "z": -1.3979755140276
      },
      {
        "x_cat": "J",
        "y": 0.6255476966841,
        "z": 0.5850096956729
      },
      {
        "x_cat": "N",
        "y": 2.640561676118,
        "z": 0.9361060419867
      },
      {
        "x_cat": "N",
        "y": 2.1209395016093,
        "z": 2.7046929869698
      },
      {
        "x_cat": "M",
        "y": -0.149192672624,
        "z": -1.1567805072712
      },
      {
        "x_cat": "I",
        "y": 0.0356482749622,
        "z": 0.7608333846469
      },
      {
        "x_cat": "N",
        "y": 1.923290140727,
        "z": 2.8700090744253
      },
      {
        "x_cat": "K",
        "y": -1.1099973568994,
        "z": -0.6032644674816
      },
      {
        "x_cat": "M",
        "y": -0.7020112740058,
        "z": 0.9429379654062
      },
      {
        "x_cat": "M",
        "y": 0.7122671107606,
        "z": 1.225377240705
      },
      {
        "x_cat": "M",
        "y": 0.8219097213514,
        "z": 1.1479192442635
      },
      {
        "x_cat": "M",
        "y": 1.001888701524,
        "z": 1.5184074847965
      },
      {
        "x_cat": "K",
        "y": -0.29633857757,
        "z": -0.1343667230387
      },
      {
        "x_cat": "O",
        "y": -0.8524667612264,
        "z": 1.0618094557952
      },
      {
        "x_cat": "L",
        "y": 0.0115357130592,
        "z": 0.6967446909932
      },
      {
        "x_cat": "J",
        "y": -3.5206435156406,
        "z": -0.8491799083006
      },
      {
        "x_cat": "K",
        "y": 1.4373676197533,
        "z": 0.1757844530368
      },
      {
        "x_cat": "N",
        "y": -0.1125649731091,
        "z": -0.0491894498721
      },
      {
        "x_cat": "O",
        "y": 0.4473989853597,
        "z": -0.1648519021868
      },
      {
        "x_cat": "N",
        "y": 1.8506039803031,
        "z": 2.5570395789545
      },
      {
        "x_cat": "N",
        "y": 1.4713299297068,
        "z": 1.3222624227369
      },
      {
        "x_cat": "K",
        "y": -0.5040772065407,
        "z": -0.182626299108
      },
      {
        "x_cat": "M",
        "y": 2.7285147792709,
        "z": 2.3858444050294
      },
      {
        "x_cat": "L",
        "y": -1.4999796499258,
        "z": -1.154253794428
      },
      {
        "x_cat": "L",
        "y": -0.6436457157758,
        "z": -1.1119259929757
      },
      {
        "x_cat": "M",
        "y": -0.4220367861164,
        "z": -0.1301451699626
      },
      {
        "x_cat": "P",
        "y": 1.8172738274349,
        "z": 2.2823245972881
      },
      {
        "x_cat": "J",
        "y": -1.1937353514468,
        "z": -1.0687604068768
      },
      {
        "x_cat": "L",
        "y": 0.3288278460563,
        "z": 0.8887613934417
      },
      {
        "x_cat": "L",
        "y": 1.2719476178047,
        "z": 1.9505712319683
      },
      {
        "x_cat": "K",
        "y": -2.5858643991886,
        "z": -2.9904190247538
      },
      {
        "x_cat": "N",
        "y": -0.1622247965874,
        "z": 0.5070194581246
      },
      {
        "x_cat": "K",
        "y": -2.0987150418428,
        "z": -1.6048925448979
      },
      {
        "x_cat": "L",
        "y": -0.4858523215842,
        "z": 0.73508732838
      },
      {
        "x_cat": "J",
        "y": -1.3298585756597,
        "z": -1.2261706380351
      },
      {
        "x_cat": "L",
        "y": 0.053856941234,
        "z": 0.7514215908514
      },
      {
        "x_cat": "P",
        "y": 3.3008620220679,
        "z": 2.6312708754988
      },
      {
        "x_cat": "N",
        "y": 1.7203062462299,
        "z": 0.4293953523371
      },
      {
        "x_cat": "M",
        "y": -0.9572670124541,
        "z": -0.762405717321
      },
      {
        "x_cat": "L",
        "y": -2.425339982104,
        "z": -2.2311147757941
      },
      {
        "x_cat": "N",
        "y": -1.8236983721645,
        "z": -2.498525281869
      },
      {
        "x_cat": "M",
        "y": -0.5102032723491,
        "z": -2.5072367152821
      },
      {
        "x_cat": "K",
        "y": -2.7998100720745,
        "z": -0.3940394633824
      },
      {
        "x_cat": "N",
        "y": 1.2304241571604,
        "z": 1.8505026201084
      },
      {
        "x_cat": "N",
        "y": 0.5477307985892,
        "z": 0.9250289618745
      },
      {
        "x_cat": "N",
        "y": -0.3889155832795,
        "z": 1.1635876117753
      },
      {
        "x_cat": "N",
        "y": 1.2621203890982,
        "z": -0.2034067313352
      },
      {
        "x_cat": "M",
        "y": -0.1791360539742,
        "z": 0.1853579870958
      },
      {
        "x_cat": "M",
        "y": -1.2451815542792,
        "z": -1.2607041602377
      },
      {
        "x_cat": "L",
        "y": -2.2165185502094,
        "z": -1.017956157668
      },
      {
        "x_cat": "O",
        "y": 0.7306341640716,
        "z": 0.3128206106472
      },
      {
        "x_cat": "K",
        "y": -1.4680533364837,
        "z": -3.1632158488898
      },
      {
        "x_cat": "L",
        "y": 1.5805090147046,
        "z": 2.4015833714416
      },
      {
        "x_cat": "L",
        "y": -1.0991265635092,
        "z": -2.872799336322
      },
      {
        "x_cat": "L",
        "y": 0.2038529809755,
        "z": -0.8555973850428
      },
      {
        "x_cat": "L",
        "y": -0.6343086698742,
        "z": 0.0941444949685
      },
      {
        "x_cat": "J",
        "y": -0.4882926914881,
        "z": 0.6708919569269
      },
      {
        "x_cat": "J",
        "y": -0.6397093821145,
        "z": -0.3581555190285
      },
      {
        "x_cat": "J",
        "y": -3.6851744755847,
        "z": -4.0796888879866
      },
      {
        "x_cat": "N",
        "y": 0.8241073835564,
        "z": -1.1612427435091
      },
      {
        "x_cat": "L",
        "y": -1.1620827367572,
        "z": -1.6044249652847
      },
      {
        "x_cat": "J",
        "y": -2.3835186452937,
        "z": -3.3231067406005
      },
      {
        "x_cat": "M",
        "y": -0.9906286665873,
        "z": -1.3109463412249
      },
      {
        "x_cat": "M",
        "y": -1.3951701036709,
        "z": -2.3174866999624
      },
      {
        "x_cat": "M",
        "y": 1.8001688039074,
        "z": 1.2704068387566
      },
      {
        "x_cat": "L",
        "y": -1.6496661822715,
        "z": 0.0138095606649
      },
      {
        "x_cat": "L",
        "y": -1.9851959891088,
        "z": -4.5116629763262
      },
      {
        "x_cat": "N",
        "y": -0.7995583230352,
        "z": -3.068601649929
      },
      {
        "x_cat": "K",
        "y": -0.0329375657283,
        "z": 0.488750773695
      },
      {
        "x_cat": "N",
        "y": 1.1559577707983,
        "z": 0.7762470291401
      },
      {
        "x_cat": "J",
        "y": 0.4823168547572,
        "z": -0.5903944796028
      },
      {
        "x_cat": "O",
        "y": 0.7157220531967,
        "z": -0.5833643723996
      },
      {
        "x_cat": "N",
        "y": 2.9965000737427,
        "z": 3.1762483952839
      },
      {
        "x_cat": "P",
        "y": 2.0945051723416,
        "z": 2.3624281943353
      },
      {
        "x_cat": "O",
        "y": 1.1052086492914,
        "z": 1.875395346205
      },
      {
        "x_cat": "L",
        "y": -0.8415280190362,
        "z": 0.4779843714129
      },
      {
        "x_cat": "K",
        "y": -0.6380670281476,
        "z": -1.0639201580426
      },
      {
        "x_cat": "N",
        "y": 1.8819402054849,
        "z": 1.9751704942121
      },
      {
        "x_cat": "L",
        "y": -1.4287363285231,
        "z": -1.5296026491672
      },
      {
        "x_cat": "M",
        "y": -0.5450866212485,
        "z": -0.5978825732213
      },
      {
        "x_cat": "K",
        "y": -0.2161783988307,
        "z": -0.4582671099096
      },
      {
        "x_cat": "M",
        "y": -0.8000896599294,
        "z": -2.035966737296
      },
      {
        "x_cat": "L",
        "y": -1.8656125233543,
        "z": -1.6467993974788
      },
      {
        "x_cat": "M",
        "y": 0.1126761868164,
        "z": 0.3601111684681
      },
      {
        "x_cat": "M",
        "y": -0.846448950721,
        "z": -0.7553248570642
      },
      {
        "x_cat": "M",
        "y": 1.2030496373515,
        "z": 2.1386881828812
      },
      {
        "x_cat": "M",
        "y": -0.87911361968,
        "z": -0.2148772233716
      },
      {
        "x_cat": "P",
        "y": 2.2854291428003,
        "z": 0.4865852032551
      },
      {
        "x_cat": "K",
        "y": -1.7773493035206,
        "z": -2.7548842119096
      },
      {
        "x_cat": "K",
        "y": -1.0283928409632,
        "z": -0.0215189555517
      },
      {
        "x_cat": "K",
        "y": -0.3542288770801,
        "z": -0.7954926952379
      },
      {
        "x_cat": "K",
        "y": 0.2293715625025,
        "z": 0.4924440024908
      },
      {
        "x_cat": "M",
        "y": 0.318545173469,
        "z": 0.0247181654289
      },
      {
        "x_cat": "P",
        "y": 2.2535296013012,
        "z": 3.4933842038804
      },
      {
        "x_cat": "K",
        "y": -0.1122595174106,
        "z": 0.0407818945818
      },
      {
        "x_cat": "K",
        "y": 0.3497385174768,
        "z": 0.441678769862
      },
      {
        "x_cat": "L",
        "y": -0.4713805313112,
        "z": -1.9659835301812
      },
      {
        "x_cat": "J",
        "y": 0.499957230322,
        "z": -1.1424598220034
      },
      {
        "x_cat": "L",
        "y": -0.2507833543575,
        "z": -0.6432654454012
      },
      {
        "x_cat": "K",
        "y": -1.5432158057207,
        "z": -0.6051564116096
      },
      {
        "x_cat": "L",
        "y": -0.0669083918934,
        "z": -0.8424279664872
      },
      {
        "x_cat": "N",
        "y": 1.1569775576278,
        "z": 2.587598445955
      },
      {
        "x_cat": "L",
        "y": -0.3544208511183,
        "z": -0.9517301886621
      },
      {
        "x_cat": "M",
        "y": -1.2890386054892,
        "z": -0.8736620889974
      },
      {
        "x_cat": "M",
        "y": -0.3940021440919,
        "z": -0.890700940512
      },
      {
        "x_cat": "I",
        "y": -1.4452642959171,
        "z": -0.9900969040661
      },
      {
        "x_cat": "L",
        "y": -2.5956704588427,
        "z": -1.198725509443
      },
      {
        "x_cat": "M",
        "y": -1.401342264941,
        "z": -0.4410094930546
      },
      {
        "x_cat": "M",
        "y": 1.5262220791127,
        "z": 3.1957099653531
      },
      {
        "x_cat": "L",
        "y": -1.4107562060689,
        "z": -2.1358094226086
      },
      {
        "x_cat": "N",
        "y": 0.5395723697356,
        "z": -0.5961123454632
      },
      {
        "x_cat": "N",
        "y": 2.0647299593366,
        "z": 0.8316211326211
      },
      {
        "x_cat": "J",
        "y": -1.5294497329994,
        "z": -1.7565683085073
      },
      {
        "x_cat": "M",
        "y": 2.1655341626568,
        "z": 0.880041619185
      },
      {
        "x_cat": "L",
        "y": 1.3081518377667,
        "z": 0.3763459104774
      },
      {
        "x_cat": "M",
        "y": -1.0777216241538,
        "z": -1.8383985756331
      },
      {
        "x_cat": "L",
        "y": -0.3422352226532,
        "z": 2.878266566388
      },
      {
        "x_cat": "M",
        "y": 0.641223751277,
        "z": 0.8621666340596
      },
      {
        "x_cat": "L",
        "y": 0.6638780148671,
        "z": 0.6009657525416
      },
      {
        "x_cat": "M",
        "y": -1.2116368269333,
        "z": -1.8415238397091
      },
      {
        "x_cat": "K",
        "y": -1.0062205533422,
        "z": -2.079429914183
      },
      {
        "x_cat": "O",
        "y": 2.9194631471483,
        "z": 2.9205189621203
      },
      {
        "x_cat": "N",
        "y": 0.9061977296123,
        "z": -0.1115236268763
      },
      {
        "x_cat": "J",
        "y": -0.802053996842,
        "z": -2.3763816536618
      },
      {
        "x_cat": "K",
        "y": -2.3918868404472,
        "z": -4.0273188496575
      }
    ]
  },
  "facet": {
    "row": {
      "field": "x_cat",
      "type": "nominal"
    }
  },
  "spec": {
    "encoding": {
      "x": {
        "field": "z",
        "type": "quantitative"
      },
      "y": {
        "field": "y",
        "type": "quantitative"
      }
    },
    "height": 60,
    "mark": {
      "opacity": 0.5,
      "type": "circle"
    },
    "width": 80
  }
}