{
  "config": {
    "view": {
      "continuousHeight": 300,
      "continuousWidth": 400
    }
  },
  "data": {
    "values": [
      {
        "petalLength": 1.4,
        "petalWidth": 0.2,
        "sepalWidth": 3.5,
        "species": "setosa"
      },
      {
        "petalLength": 1.4,
        "petalWidth": 0.2,
        "sepalWidth": 3.0,
        "species": "setosa"
      },
      {
        "petalLength": 1.3,
        "petalWidth": 0.2,
        "sepalWidth": 3.2,
        "species": "setosa"
      },
      {
        "petalLength": 1.5,
        "petalWidth": 0.2,
        "sepalWidth": 3.1,
        "species": "setosa"
      },
      {
        "petalLength": 1.4,
        "petalWidth": 0.2,
        "sepalWidth": 3.6,
        "species": "setosa"
      },
      {
        "petalLength": 1.7,
        "petalWidth": 0.4,
        "sepalWidth": 3.9,
        "species": "setosa"
      },
      {
        "petalLength": 1.4,
        "petalWidth": 0.3,
        "sepalWidth": 3.4,
        "species": "setosa"
      },
      {
        "petalLength": 1.5,
        "petalWidth": 0.2,
        "sepalWidth": 3.4,
        "species": "setosa"
      },
      {
        "petalLength": 1.4,
        "petalWidth": 0.2,
        "sepalWidth": 2.9,
        "species": "setosa"
      },
      {
        "petalLength": 1.5,
        "petalWidth": 0.1,
        "sepalWidth": 3.1,
        "species": "setosa"
      },
      {
        "petalLength": 1.5,
        "petalWidth": 0.2,
        "sepalWidth": 3.7,
        "species": "setosa"
      },
      {
        "petalLength": 1.6,
        "petalWidth": 0.2,
        "sepalWidth": 3.4,
        "species": "setosa"
      },
      {
        "petalLength": 1.4,
        "petalWidth": 0.1,
        "sepalWidth": 3.0,
        "species": "setosa"
      },
      {
        "petalLength": 1.1,
        "petalWidth": 0.1,
        "sepalWidth": 3.0,
        "species": "setosa"
      },
      {
        "petalLength": 1.2,
        "petalWidth": 0.2,
        "sepalWidth": 4.0,
        "species": "setosa"
      },
      {
        "petalLength": 1.5,
        "petalWidth": 0.4,
        "sepalWidth": 4.4,
        "species": "setosa"
      },
      {
        "petalLength": 1.3,
        "petalWidth": 0.4,
        "sepalWidth": 3.9,
        "species": "setosa"
      },
      {
        "petalLength": 1.4,
        "petalWidth": 0.3,
        "sepalWidth": 3.5,
        "species": "setosa"
      },
      {
        "petalLength": 1.7,
        "petalWidth": 0.3,
        "sepalWidth": 3.8,
        "species": "setosa"
      },
      {
        "petalLength": 1.5,
        "petalWidth": 0.3,
        "sepalWidth": 3.8,
        "species": "setosa"
      },
      {
        "petalLength": 1.7,
        "petalWidth": 0.2,
        "sepalWidth": 3.4,
        "species": "setosa"
      },
      {
        "petalLength": 1.5,
        "petalWidth": 0.4,
        "sepalWidth": 3.7,
        "species": "setosa"
      },
      {
        "petalLength": 1.0,
        "petalWidth": 0.2,
        "sepalWidth": 3.6,
        "species": "setosa"
      },
      {
        "petalLength": 1.7,
        "petalWidth": 0.5,
        "sepalWidth": 3.3,
        "species": "setosa"
      },
      {
        "petalLength": 1.9,
        "petalWidth": 0.2,
        "sepalWidth": 3.4,
        "species": "setosa"
      },
      {
        "petalLength": 1.6,
        "petalWidth": 0.2,
        "sepalWidth": 3.0,
        "species": "setosa"
      },
      {
        "petalLength": 1.6,
        "petalWidth": 0.4,
        "sepalWidth": 3.4,
        "species": "setosa"
      },
      {
        "petalLength": 1.5,
        "petalWidth": 0.2,
        "sepalWidth": 3.5,
        "species": "setosa"
      },
      {
        "petalLength": 1.4,
        "petalWidth": 0.2,
        "sepalWidth": 3.4,
        "species": "setosa"
      },
      {
        "petalLength": 1.6,
        "petalWidth": 0.2,
        "sepalWidth": 3.2,
        "species": "setosa"
      },
      {
        "petalLength": 1.6,
        "petalWidth": 0.2,
        "sepalWidth": 3.1,
        "species": "setosa"
      },
      {
        "petalLength": 1.5,
        "petalWidth": 0.4,
        "sepalWidth": 3.4,
        "species": "setosa"
      },
      {
        "petalLength": 1.5,
        "petalWidth": 0.1,
        "sepalWidth": 4.1,
        "species": "setosa"
      },
      {
        "petalLength": 1.4,
        "petalWidth": 0.2,
        "sepalWidth": 4.2,
        "species": "setosa"
      },
      {
        "petalLength": 1.5,
        "petalWidth": 0.2,
        "sepalWidth": 3.1,
        "species": "setosa"
      },
      {
        "petalLength": 1.2,
        "petalWidth": 0.2,
        "sepalWidth": 3.2,
        "species": "setosa"
      },
      {
        "petalLength": 1.3,
        "petalWidth": 0.2,
        "sepalWidth": 3.5,
        "species": "setosa"
      },
      {
        "petalLength": 1.4,
        "petalWidth": 0.1,
        "sepalWidth": 3.6,
        "species": "setosa"
      },
      {
        "petalLength": 1.3,
        "petalWidth": 0.2,
        "sepalWidth": 3.0,
        "species": "setosa"
      },
      {
        "petalLength": 1.5,
        "petalWidth": 0.2,
        "sepalWidth": 3.4,
        "species": "setosa"
      },
      {
        "petalLength": 1.3,
        "petalWidth": 0.3,
        "sepalWidth": 3.5,
        "species": "setosa"
      },
      {
        "petalLength": 1.3,
        "petalWidth": 0.3,
        "sepalWidth": 2.3,
        "species": "setosa"
      },
      {
        "petalLength": 1.3,
        "petalWidth": 0.2,
        "sepalWidth": 3.2,
        "species": "setosa"
      },
      {
        "petalLength": 1.6,
        "petalWidth": 0.6,
        "sepalWidth": 3.5,
        "species": "setosa"
      },
      {
        "petalLength": 1.9,
        "petalWidth": 0.4,
        "sepalWidth": 3.8,
        "species": "setosa"
      },
      {
        "petalLength": 1.4,
        "petalWidth": 0.3,
        "sepalWidth": 3.0,
        "species": "setosa"
      },
      {
        "petalLength": 1.6,
        "petalWidth": 0.2,
        "sepalWidth": 3.8,
        "species": "setosa"
      },
      {
        "petalLength": 1.4,
        "petalWidth": 0.2,
        "sepalWidth": 3.2,
        "species": "setosa"
      },
      {
        "petalLength": 1.5,
        "petalWidth": 0.2,
        "sepalWidth": 3.7,
        "species": "setosa"
      },
      {
        "petalLength": 1.4,
        "petalWidth": 0.2,
        "sepalWidth": 3.3,
        "species": "setosa"
      },
      {
        "petalLength": 4.7,
        "petalWidth": 1.4,
        "sepalWidth": 3.2,
        "species": "versicolor"
      },
      {
        "petalLength": 4.5,
        "petalWidth": 1.5,
        "sepalWidth": 3.2,
        "species": "versicolor"
      },
      {
        "petalLength": 4.9,
        "petalWidth": 1.5,
        "sepalWidth": 3.1,
        "species": "versicolor"
      },
      {
        "petalLength": 4.0,
        "petalWidth": 1.3,
        "sepalWidth": 2.3,
        "species": "versicolor"
      },
      {
        "petalLength": 4.6,
        "petalWidth": 1.5,
        "sepalWidth": 2.8,
        "species": "versicolor"
      },
      {
        "petalLength": 4.5,
        "petalWidth": 1.3,
        "sepalWidth": 2.8,
        "species": "versicolor"
      },
      {
        "petalLength": 4.7,
        "petalWidth": 1.6,
        "sepalWidth": 3.3,
        "species": "versicolor"
      },
      {
        "petalLength": 3.3,
        "petalWidth": 1.0,
        "sepalWidth": 2.4,
        "species": "versicolor"
      },
      {
        "petalLength": 4.6,
        "petalWidth": 1.3,
        "sepalWidth": 2.9,
        "species": "versicolor"
      },
      {
        "petalLength": 3.9,
        "petalWidth": 1.4,
        "sepalWidth": 2.7,
        "species": "versicolor"
      },
      {
        "petalLength": 3.5,
        "petalWidth": 1.0,
        "sepalWidth": 2.0,
        "species": "versicolor"
      },
      {
        "petalLength": 4.2,
        "petalWidth": 1.5,
        "sepalWidth": 3.0,
        "species": "versicolor"
      },
      {
        "petalLength": 4.0,
        "petalWidth": 1.0,
        "sepalWidth": 2.2,
        "species": "versicolor"
      },
      {
        "petalLength": 4.7,
        "petalWidth": 1.4,
        "sepalWidth": 2.9,
        "species": "versicolor"
      },
      {
        "petalLength": 3.6,
        "petalWidth": 1.3,
        "sepalWidth": 2.9,
        "species": "versicolor"
      },
      {
        "petalLength": 4.4,
        "petalWidth": 1.4,
        "sepalWidth": 3.1,
        "species": "versicolor"
      },
      {
        "petalLength": 4.5,
        "petalWidth": 1.5,
        "sepalWidth": 3.0,
        "species": "versicolor"
      },
      {
        "petalLength": 4.1,
        "petalWidth": 1.0,
        "sepalWidth": 2.7,
        "species": "versicolor"
      },
      {
        "petalLength": 4.5,
        "petalWidth": 1.5,
        "sepalWidth": 2.2,
        "species": "versicolor"
      },
      {
        "petalLength": 3.9,
        "petalWidth": 1.1,
        "sepalWidth": 2.5,
        "species": "versicolor"
      },
      {
        "petalLength": 4.8,
        "petalWidth": 1.8,
        "sepalWidth": 3.2,
        "species": "versicolor"
      },
      {
        "petalLength": 4.0,
        "petalWidth": 1.3,
        "sepalWidth": 2.8,
        "species": "versicolor"
      },
      {
        "petalLength": 4.9,
        "petalWidth": 1.5,
        "sepalWidth": 2.5,
        "species": "versicolor"
      },
      {
        "petalLength": 4.7,
        "petalWidth": 1.2,
        "sepalWidth": 2.8,
        "species": "versicolor"
      },
      {
        "petalLength": 4.3,
        "petalWidth": 1.3,
        "sepalWidth": 2.9,
        "species": "versicolor"
      },
      {
        "petalLength": 4.4,
        "petalWidth": 1.4,
        "sepalWidth": 3.0,
        "species": "versicolor"
      },
      {
        "petalLength": 4.8,
        "petalWidth": 1.4,
        "sepalWidth": 2.8,
        "species": "versicolor"
      },
      {
        "petalLength": 5.0,
        "petalWidth": 1.7,
        "sepalWidth": 3.0,
        "species": "versicolor"
      },
      {
        "petalLength": 4.5,
        "petalWidth": 1.5,
        "sepalWidth": 2.9,
        "species": "versicolor"
      },
      {
        "petalLength": 3.5,
        "petalWidth": 1.0,
        "sepalWidth": 2.6,
        "species": "versicolor"
      },
      {
        "petalLength": 3.8,
        "petalWidth": 1.1,
        "sepalWidth": 2.4,
        "species": "versicolor"
      },
      {
        "petalLength": 3.7,
        "petalWidth": 1.0,
        "sepalWidth": 2.4,
        "species": "versicolor"
      },
      {
        "petalLength": 3.9,
        "petalWidth": 1.2,
        "sepalWidth": 2.7,
        "species": "versicolor"
      },
      {
        "petalLength": 5.1,
        "petalWidth": 1.6,
        "sepalWidth": 2.7,
        "species": "versicolor"
      },
      {
        "petalLength": 4.5,
        "petalWidth": 1.5,
        "sepalWidth": 3.0,
        "species": "versicolor"
      },
      {
        "petalLength": 4.5,
        "petalWidth": 1.6,
        "sepalWidth": 3.4,
        "species": "versicolor"
      },
      {
        "petalLength": 4.7,
        "petalWidth": 1.5,
        "sepalWidth": 3.1,
        "species": "versicolor"
      },
      {
        "petalLength": 4.4,
        "petalWidth": 1.3,
        "sepalWidth": 2.3,
        "species": "versicolor"
      },
      {
        "petalLength": 4.1,
        "petalWidth": 1.3,
        "sepalWidth": 3.0,
        "species": "versicolor"
      },
      {
        "petalLength": 4.0,
        "petalWidth": 1.3,
        "sepalWidth": 2.5,
        "species": "versicolor"
      },
      {
        "petalLength": 4.4,
        "petalWidth": 1.2,
        "sepalWidth": 2.6,
        "species": "versicolor"
      },
      {
        "petalLength": 4.6,
        "petalWidth": 1.4,
        "sepalWidth": 3.0,
        "species": "versicolor"
      },
      {
        "petalLength": 4.0,
        "petalWidth": 1.2,
        "sepalWidth": 2.6,
        "species": "versicolor"
      },
      {
        "petalLength": 3.3,
        "petalWidth": 1.0,
        "sepalWidth": 2.3,
        "species": "versicolor"
      },
      {
        "petalLength": 4.2,
        "petalWidth": 1.3,
        "sepalWidth": 2.7,
        "species": "versicolor"
      },
      {
        "petalLength": 4.2,
        "petalWidth": 1.2,
        "sepalWidth": 3.0,
        "species": "versicolor"
      },
      {
        "petalLength": 4.2,
        "petalWidth": 1.3,
        "sepalWidth": 2.9,
        "species": "versicolor"
      },
      {
        "petalLength": 4.3,
        "petalWidth": 1.3,
        "sepalWidth": 2.9,
        "species": "versicolor"
      },
      {
        "petalLength": 3.0,
        "petalWidth": 1.1,
        "sepalWidth": 2.5,
        "species": "versicolor"
      },
      {
        "petalLength": 4.1,
        "petalWidth": 1.3,
        "sepalWidth": 2.8,
        "species": "versicolor"
      },
      {
        "petalLength": 6.0,
        "petalWidth": 2.5,
        "sepalWidth": 3.3,
        "species": "virginica"
      },
      {
        "petalLength": 5.1,
        "petalWidth": 1.9,
        "sepalWidth": 2.7,
        "species": "virginica"
      },
      {
        "petalLength": 5.9,
        "petalWidth": 2.1,
        "sepalWidth": 3.0,
        "species": "virginica"
      },
      {
        "petalLength": 5.6,
        "petalWidth": 1.8,
        "sepalWidth": 2.9,
        "species": "virginica"
      },
      {
        "petalLength": 5.8,
        "petalWidth": 2.2,
        "sepalWidth": 3.0,
        "species": "virginica"
      },
      {
        "petalLength": 6.6,
        "petalWidth": 2.1,
        "sepalWidth": 3.0,
        "species": "virginica"
      },
      {
        "petalLength": 4.5,
        "petalWidth": 1.7,
        "sepalWidth": 2.5,
        "species": "virginica"
      },
      {
        "petalLength": 6.3,
        "petalWidth": 1.8,
        "sepalWidth": 2.9,
        "species": "virginica"
      },
      {
        "petalLength": 5.8,
        "petalWidth": 1.8,
        "sepalWidth": 2.5,
        "species": "virginica"
      },
      {
        "petalLength": 6.1,
        "petalWidth": 2.5,
        "sepalWidth": 3.6,
        "species": "virginica"
      },
      {
        "petalLength": 5.1,
        "petalWidth": 2.0,
        "sepalWidth": 3.2,
        "species": "virginica"
      },
      {
        "petalLength": 5.3,
        "petalWidth": 1.9,
        "sepalWidth": 2.7,
        "species": "virginica"
      },
      {
        "petalLength": 5.5,
        "petalWidth": 2.1,
        "sepalWidth": 3.0,
        "species": "virginica"
      },
      {
        "petalLength": 5.0,
        "petalWidth": 2.0,
        "sepalWidth": 2.5,
        "species": "virginica"
      },
      {
        "petalLength": 5.1,
        "petalWidth": 2.4,
        "sepalWidth": 2.8,
        "species": "virginica"
      },
      {
        "petalLength": 5.3,
        "petalWidth": 2.3,
        "sepalWidth": 3.2,
        "species": "virginica"
      },
      {
        "petalLength": 5.5,
        "petalWidth": 1.8,
        "sepalWidth": 3.0,
        "species": "virginica"
      },
      {
        "petalLength": 6.7,
        "petalWidth": 2.2,
        "sepalWidth": 3.8,
        "species": "virginica"
      },
      {
        "petalLength": 6.9,
        "petalWidth": 2.3,
        "sepalWidth": 2.6,
        "species": "virginica"
      },
      {
        "petalLength": 5.0,
        "petalWidth": 1.5,
        "sepalWidth": 2.2,
        "species": "virginica"
      },
      {
        "petalLength": 5.7,
        "petalWidth": 2.3,
        "sepalWidth": 3.2,
        "species": "virginica"
      },
      {
        "petalLength": 4.9,
        "petalWidth": 2.0,
        "sepalWidth": 2.8,
        "species": "virginica"
      },
      {
        "petalLength": 6.7,
        "petalWidth": 2.0,
        "sepalWidth": 2.8,
        "species": "virginica"
      },
      {
        "petalLength": 4.9,
        "petalWidth": 1.8,
        "sepalWidth": 2.7,
        "species": "virginica"
      },
      {
        "petalLength": 5.7,
        "petalWidth": 2.1,
        "sepalWidth": 3.3,
        "species": "virginica"
      },
      {
        "petalLength": 6.0,
        "petalWidth": 1.8,
        "sepalWidth": 3.2,
        "species": "virginica"
      },
      {
        "petalLength": 4.8,
        "petalWidth": 1.8,
        "sepalWidth": 2.8,
        "species": "virginica"
      },
      {
        "petalLength": 4.9,
        "petalWidth": 1.8,
        "sepalWidth": 3.0,
        "species": "virginica"
      },
      {
        "petalLength": 5.6,
        "petalWidth": 2.1,
        "sepalWidth": 2.8,
        "species": "virginica"
      },
      {
        "petalLength": 5.8,
        "petalWidth": 1.6,
        "sepalWidth": 3.0,
        "species": "virginica"
      },
      {
        "petalLength": 6.1,
        "petalWidth": 1.9,
        "sepalWidth": 2.8,
        "species": "virginica"
      },
      {
        "petalLength": 6.4,
        "petalWidth": 2.0,
        "sepalWidth": 3.8,
        "species": "virginica"
      },
      {
        "petalLength": 5.6,
        "petalWidth": 2.2,
        "sepalWidth": 2.8,
        "species": "virginica"
      },
      {
        "petalLength": 5.1,
        "petalWidth": 1.5,
        "sepalWidth": 2.8,
        "species": "virginica"
      },
      {
        "petalLength": 5.6,
        "petalWidth": 1.4,
        "sepalWidth": 2.6,
        "species": "virginica"
      },
      {
        "petalLength": 6.1,
        "petalWidth": 2.3,
        "sepalWidth": 3.0,
        "species": "virginica"
      },
      {
        "petalLength": 5.6,
        "petalWidth": 2.4,
        "sepalWidth": 3.4,
        "species": "virginica"
      },
      {
        "petalLength": 5.5,
        "petalWidth": 1.8,
        "sepalWidth": 3.1,
        "species": "virginica"
      },
      {
        "petalLength": 4.8,
        "petalWidth": 1.8,
        "sepalWidth": 3.0,
        "species": "virginica"
      },
      {
        "petalLength": 5.4,
        "petalWidth": 2.1,
        "sepalWidth": 3.1,
        "species": "virginica"
      },
      {
        "petalLength": 5.6,
        "petalWidth": 2.4,
        "sepalWidth": 3.1,
        "species": "virginica"
      },
      {
        "petalLength": 5.1,
        "petalWidth": 2.3,
        "sepalWidth": 3.1,
        "species": "virginica"
      },
      {
        "petalLength": 5.1,
        "petalWidth": 1.9,
        "sepalWidth": 2.7,
        "species": "virginica"
      },
      {
        "petalLength": 5.9,
        "petalWidth": 2.3,
        "sepalWidth": 3.2,
        "species": "virginica"
      },
      {
        "petalLength": 5.7,
        "petalWidth": 2.5,
        "sepalWidth": 3.3,
        "species": "virginica"
      },
      {
        "petalLength": 5.2,
        "petalWidth": 2.3,
        "sepalWidth": 3.0,
        "species": "virginica"
      },
      {
        "petalLength": 5.0,
        "petalWidth": 1.9,
        "sepalWidth": 2.5,
        "species": "virginica"
      },
      {
        "petalLength": 5.2,
        "petalWidth": 2.0,
        "sepalWidth": 3.0,
        "species": "virginica"
      },
      {
        "petalLength": 5.4,
        "petalWidth": 2.3,
        "sepalWidth": 3.4,
        "species": "virginica"
      },
      {
        "petalLength": 5.1,
        "petalWidth": 1.8,
        "sepalWidth": 3.0,
        "species": "virginica"
      }
    ]
  },
  "encoding": {
    "color": {
      "field": "sepalWidth",
      "scale": {
        "range": [
          "#F271B8",
          "#00B4D7"
        ],
        "type": "linear"
      },
      "type": "quantitative"
    },
    "tooltip": {
      "field": "species",
      "type": "nominal"
    },
    "x": {
      "field": "petalWidth",
      "type": "quantitative"
    },
    "y": {
      "field": "petalLength",
      "type": "quantitative"
    }
  },
  "height": 600,
  "mark": {
    "opacity": 1.0,
    "type": "point"
  },
  "width": 800
}