{
  "$schema": "https://vega.github.io/schema/vega-lite/v4.8.1.json",
  "config": {
    "view": {
      "continuousHeight": 300,
      "continuousWidth": 400
    }
  },
  "data": {
    "values": [
      {
        "x_cat": "Q",
        "y": 2.073776170899
      },
      {
        "x_cat": "M",
        "y": -0.3372989855092
      },
      {
        "x_cat": "M",
        "y": -0.5581818991175
      },
      {
        "x_cat": "O",
        "y": 1.6786383700364
      },
      {
        "x_cat": "O",
        "y": 0.2680468668474
      },
      {
        "x_cat": "M",
        "y": -0.1528879495323
      },
      {
        "x_cat": "L",
        "y": 3.4415746197232
      },
      {
        "x_cat": "L",
        "y": 0.8604979552327
      },
      {
        "x_cat": "M",
        "y": -0.3844567912265
      },
      {
        "x_cat": "L",
        "y": 0.4273050095413
      },
      {
        "x_cat": "N",
        "y": 1.297963240307
      },
      {
        "x_cat": "M",
        "y": 0.8533584705463
      },
      {
        "x_cat": "L",
        "y": 0.8939749922494
      },
      {
        "x_cat": "L",
        "y": -2.0482994108438
      },
      {
        "x_cat": "O",
        "y": -0.6726956437497
      },
      {
        "x_cat": "N",
        "y": -0.235693678282
      },
      {
        "x_cat": "O",
        "y": 2.1303457732641
      },
      {
        "x_cat": "M",
        "y": -0.9728074934078
      },
      {
        "x_cat": "K",
        "y": 0.9315471849795
      },
      {
        "x_cat": "I",
        "y": -0.670934519146
      },
      {
        "x_cat": "H",
        "y": -0.6936385428398
      },
      {
        "x_cat": "M",
        "y": -0.4218960394842
      },
      {
        "x_cat": "L",
        "y": -1.1547835119851
      },
      {
        "x_cat": "K",
        "y": -3.1796294781723
      },
      {
        "x_cat": "O",
        "y": 2.1211911141018
      },
      {
        "x_cat": "K",
        "y": -0.3032142129878
      },
      {
        "x_cat": "M",
        "y": 0.2310819006998
      },
      {
        "x_cat": "L",
        "y": 0.4712770761459
      },
      {
        "x_cat": "L",
        "y": 1.4832431124633
      },
      {
        "x_cat": "L",
        "y": 1.7067576194227
      },
      {
        "x_cat": "M",
        "y": -1.3566328974446
      },
      {
        "x_cat": "N",
        "y": 2.3105328522663
      },
      {
        "x_cat": "K",
        "y": -0.4053637136083
      },
      {
        "x_cat": "K",
        "y": -3.2965795172084
      },
      {
        "x_cat": "N",
        "y": -2.3115272119897
      },
      {
        "x_cat": "O",
        "y": 0.6894171529475
      },
      {
        "x_cat": "O",
        "y": 1.1209674637482
      },
      {
        "x_cat": "N",
        "y": 0.9191964293302
      },
      {
        "x_cat": "K",
        "y": 1.0464170280014
      },
      {
        "x_cat": "L",
        "y": -0.8709199909249
      },
      {
        "x_cat": "J",
        "y": -1.8983994280803
      },
      {
        "x_cat": "K",
        "y": -0.6955714404079
      },
      {
        "x_cat": "I",
        "y": -1.1003718426488
      },
      {
        "x_cat": "M",
        "y": 0.6605169143393
      },
      {
        "x_cat": "L",
        "y": 0.2797809247152
      },
      {
        "x_cat": "K",
        "y": 1.5228394427033
      },
      {
        "x_cat": "I",
        "y": -1.588335168994
      },
      {
        "x_cat": "L",
        "y": 0.1698781704941
      },
      {
        "x_cat": "J",
        "y": -2.3411397285958
      },
      {
        "x_cat": "M",
        "y": 0.6386683909584
      },
      {
        "x_cat": "L",
        "y": -0.0070499810089
      },
      {
        "x_cat": "N",
        "y": -0.7244208135525
      },
      {
        "x_cat": "L",
        "y": 0.6270392274827
      },
      {
        "x_cat": "M",
        "y": 0.0949170952881
      },
      {
        "x_cat": "K",
        "y": 0.2664171834287
      },
      {
        "x_cat": "K",
        "y": -1.7573476559308
      },
      {
        "x_cat": "M",
        "y": 0.858894675378
      },
      {
        "x_cat": "M",
        "y": -1.3225695250918
      },
      {
        "x_cat": "K",
        "y": 0.1055086241672
      },
      {
        "x_cat": "K",
        "y": 0.651527941665
      },
      {
        "x_cat": "L",
        "y": 0.2857476525033
      },
      {
        "x_cat": "K",
        "y": -2.9749240873007
      },
      {
        "x_cat": "K",
        "y": -1.5412771097978
      },
      {
        "x_cat": "J",
        "y": -0.9837841351417
      },
      {
        "x_cat": "L",
        "y": 0.0952821821373
      },
      {
        "x_cat": "N",
        "y": -1.9266828091726
      },
      {
        "x_cat": "L",
        "y": -2.0683773984507
      },
      {
        "x_cat": "M",
        "y": 0.4573905966559
      },
      {
        "x_cat": "L",
        "y": -2.6193832264216
      },
      {
        "x_cat": "M",
        "y": 1.7575316982829
      },
      {
        "x_cat": "L",
        "y": 1.54028042494
      },
      {
        "x_cat": "N",
        "y": 0.2783438231103
      },
      {
        "x_cat": "L",
        "y": 0.4039450030325
      },
      {
        "x_cat": "L",
        "y": -1.5477923476867
      },
      {
        "x_cat": "N",
        "y": -0.2510745731677
      },
      {
        "x_cat": "L",
        "y": -1.6760358279354
      },
      {
        "x_cat": "N",
        "y": -0.7218307684833
      },
      {
        "x_cat": "L",
        "y": 0.5244739361307
      },
      {
        "x_cat": "M",
        "y": -0.5016013307088
      },
      {
        "x_cat": "N",
        "y": -0.356098538434
      },
      {
        "x_cat": "K",
        "y": -0.9865296419574
      },
      {
        "x_cat": "N",
        "y": 1.6825076399311
      },
      {
        "x_cat": "N",
        "y": -0.0589779628351
      },
      {
        "x_cat": "J",
        "y": -2.9173403841853
      },
      {
        "x_cat": "M",
        "y": 2.4337283773358
      },
      {
        "x_cat": "O",
        "y": 0.5341980960848
      },
      {
        "x_cat": "O",
        "y": 1.7137672026129
      },
      {
        "x_cat": "M",
        "y": -0.2758841332202
      },
      {
        "x_cat": "J",
        "y": -1.9671595051026
      },
      {
        "x_cat": "N",
        "y": 2.4416331627051
      },
      {
        "x_cat": "L",
        "y": 0.5942161144989
      },
      {
        "x_cat": "N",
        "y": 1.7989127077716
      },
      {
        "x_cat": "O",
        "y": 0.6482758165626
      },
      {
        "x_cat": "O",
        "y": 1.4521091409655
      },
      {
        "x_cat": "N",
        "y": -0.6272109386002
      },
      {
        "x_cat": "N",
        "y": 0.1445794563593
      },
      {
        "x_cat": "M",
        "y": -1.6305031987087
      },
      {
        "x_cat": "N",
        "y": 2.0781532309482
      },
      {
        "x_cat": "L",
        "y": 1.5600169837717
      },
      {
        "x_cat": "N",
        "y": 0.0182780619822
      },
      {
        "x_cat": "N",
        "y": 2.1206432893776
      },
      {
        "x_cat": "L",
        "y": -1.8805142277334
      },
      {
        "x_cat": "K",
        "y": -1.7416648413289
      },
      {
        "x_cat": "N",
        "y": 0.6293121789746
      },
      {
        "x_cat": "K",
        "y": -2.6363290691761
      },
      {
        "x_cat": "M",
        "y": 3.0822194413568
      },
      {
        "x_cat": "L",
        "y": -0.4186438104874
      },
      {
        "x_cat": "L",
        "y": 0.224132885758
      },
      {
        "x_cat": "P",
        "y": 2.225283250158
      },
      {
        "x_cat": "N",
        "y": 0.6742790851755
      },
      {
        "x_cat": "N",
        "y": 1.5506470125082
      },
      {
        "x_cat": "M",
        "y": -0.680820544461
      },
      {
        "x_cat": "L",
        "y": -0.0725386009661
      },
      {
        "x_cat": "N",
        "y": 2.0472897273554
      },
      {
        "x_cat": "M",
        "y": -1.0531838961783
      },
      {
        "x_cat": "L",
        "y": -0.7041138148229
      },
      {
        "x_cat": "N",
        "y": 0.3708421312225
      },
      {
        "x_cat": "L",
        "y": -1.2622985151189
      },
      {
        "x_cat": "M",
        "y": 0.7493619018242
      },
      {
        "x_cat": "N",
        "y": -0.1305709445325
      },
      {
        "x_cat": "K",
        "y": 2.4287189561428
      },
      {
        "x_cat": "L",
        "y": -0.1140918711582
      },
      {
        "x_cat": "M",
        "y": -0.0746019437285
      },
      {
        "x_cat": "M",
        "y": -0.1598499059856
      },
      {
        "x_cat": "K",
        "y": -0.8062292366727
      },
      {
        "x_cat": "M",
        "y": -2.1092498955608
      },
      {
        "x_cat": "J",
        "y": 0.6255476966841
      },
      {
        "x_cat": "N",
        "y": 2.640561676118
      },
      {
        "x_cat": "N",
        "y": 2.1209395016093
      },
      {
        "x_cat": "M",
        "y": -0.149192672624
      },
      {
        "x_cat": "I",
        "y": 0.0356482749622
      },
      {
        "x_cat": "N",
        "y": 1.923290140727
      },
      {
        "x_cat": "K",
        "y": -1.1099973568994
      },
      {
        "x_cat": "M",
        "y": -0.7020112740058
      },
      {
        "x_cat": "M",
        "y": 0.7122671107606
      },
      {
        "x_cat": "M",
        "y": 0.8219097213514
      },
      {
        "x_cat": "M",
        "y": 1.001888701524
      },
      {
        "x_cat": "K",
        "y": -0.29633857757
      },
      {
        "x_cat": "O",
        "y": -0.8524667612264
      },
      {
        "x_cat": "L",
        "y": 0.0115357130592
      },
      {
        "x_cat": "J",
        "y": -3.5206435156406
      },
      {
        "x_cat": "K",
        "y": 1.4373676197533
      },
      {
        "x_cat": "N",
        "y": -0.1125649731091
      },
      {
        "x_cat": "O",
        "y": 0.4473989853597
      },
      {
        "x_cat": "N",
        "y": 1.8506039803031
      },
      {
        "x_cat": "N",
        "y": 1.4713299297068
      },
      {
        "x_cat": "K",
        "y": -0.5040772065407
      },
      {
        "x_cat": "M",
        "y": 2.7285147792709
      },
      {
        "x_cat": "L",
        "y": -1.4999796499258
      },
      {
        "x_cat": "L",
        "y": -0.6436457157758
      },
      {
        "x_cat": "M",
        "y": -0.4220367861164
      },
      {
        "x_cat": "P",
        "y": 1.8172738274349
      },
      {
        "x_cat": "J",
        "y": -1.1937353514468
      },
      {
        "x_cat": "L",
        "y": 0.3288278460563
      },
      {
        "x_cat": "L",
        "y": 1.2719476178047
      },
      {
        "x_cat": "K",
        "y": -2.5858643991886
      },
      {
        "x_cat": "N",
        "y": -0.1622247965874
      },
      {
        "x_cat": "K",
        "y": -2.0987150418428
      },
      {
        "x_cat": "L",
        "y": -0.4858523215842
      },
      {
        "x_cat": "J",
        "y": -1.3298585756597
      },
      {
        "x_cat": "L",
        "y": 0.053856941234
      },
      {
        "x_cat": "P",
        "y": 3.3008620220679
      },
      {
        "x_cat": "N",
        "y": 1.7203062462299
      },
      {
        "x_cat": "M",
        "y": -0.9572670124541
      },
      {
        "x_cat": "L",
        "y": -2.425339982104
      },
      {
        "x_cat": "N",
        "y": -1.8236983721645
      },
      {
        "x_cat": "M",
        "y": -0.5102032723491
      },
      {
        "x_cat": "K",
        "y": -2.7998100720745
      },
      {
        "x_cat": "N",
        "y": 1.2304241571604
      },
      {
        "x_cat": "N",
        "y": 0.5477307985892
      },
      {
        "x_cat": "N",
        "y": -0.3889155832795
      },
      {
        "x_cat": "N",
        "y": 1.2621203890982
      },
      {
        "x_cat": "M",
        "y": -0.1791360539742
      },
      {
        "x_cat": "M",
        "y": -1.2451815542792
      },
      {
        "x_cat": "L",
        "y": -2.2165185502094
      },
      {
        "x_cat": "O",
        "y": 0.7306341640716
      },
      {
        "x_cat": "K",
        "y": -1.4680533364837
      },
      {
        "x_cat": "L",
        "y": 1.5805090147046
      },
      {
        "x_cat": "L",
        "y": -1.0991265635092
      },
      {
        "x_cat": "L",
        "y": 0.2038529809755
      },
      {
        "x_cat": "L",
        "y": -0.6343086698742
      },
      {
        "x_cat": "J",
        "y": -0.4882926914881
      },
      {
        "x_cat": "J",
        "y": -0.6397093821145
      },
      {
        "x_cat": "J",
        "y": -3.6851744755847
      },
      {
        "x_cat": "N",
        "y": 0.8241073835564
      },
      {
        "x_cat": "L",
        "y": -1.1620827367572
      },
      {
        "x_cat": "J",
        "y": -2.3835186452937
      },
      {
        "x_cat": "M",
        "y": -0.9906286665873
      },
      {
        "x_cat": "M",
        "y": -1.3951701036709
      },
      {
        "x_cat": "M",
        "y": 1.8001688039074
      },
      {
        "x_cat": "L",
        "y": -1.6496661822715
      },
      {
        "x_cat": "L",
        "y": -1.9851959891088
      },
      {
        "x_cat": "N",
        "y": -0.7995583230352
      },
      {
        "x_cat": "K",
        "y": -0.0329375657283
      },
      {
        "x_cat": "N",
        "y": 1.1559577707983
      },
      {
        "x_cat": "J",
        "y": 0.4823168547572
      },
      {
        "x_cat": "O",
        "y": 0.7157220531967
      },
      {
        "x_cat": "N",
        "y": 2.9965000737427
      },
      {
        "x_cat": "P",
        "y": 2.0945051723416
      },
      {
        "x_cat": "O",
        "y": 1.1052086492914
      },
      {
        "x_cat": "L",
        "y": -0.8415280190362
      },
      {
        "x_cat": "K",
        "y": -0.6380670281476
      },
      {
        "x_cat": "N",
        "y": 1.8819402054849
      },
      {
        "x_cat": "L",
        "y": -1.4287363285231
      },
      {
        "x_cat": "M",
        "y": -0.5450866212485
      },
      {
        "x_cat": "K",
        "y": -0.2161783988307
      },
      {
        "x_cat": "M",
        "y": -0.8000896599294
      },
      {
        "x_cat": "L",
        "y": -1.8656125233543
      },
      {
        "x_cat": "M",
        "y": 0.1126761868164
      },
      {
        "x_cat": "M",
        "y": -0.846448950721
      },
      {
        "x_cat": "M",
        "y": 1.2030496373515
      },
      {
        "x_cat": "M",
        "y": -0.87911361968
      },
      {
        "x_cat": "P",
        "y": 2.2854291428003
      },
      {
        "x_cat": "K",
        "y": -1.7773493035206
      },
      {
        "x_cat": "K",
        "y": -1.0283928409632
      },
      {
        "x_cat": "K",
        "y": -0.3542288770801
      },
      {
        "x_cat": "K",
        "y": 0.2293715625025
      },
      {
        "x_cat": "M",
        "y": 0.318545173469
      },
      {
        "x_cat": "P",
        "y": 2.2535296013012
      },
      {
        "x_cat": "K",
        "y": -0.1122595174106
      },
      {
        "x_cat": "K",
        "y": 0.3497385174768
      },
      {
        "x_cat": "L",
        "y": -0.4713805313112
      },
      {
        "x_cat": "J",
        "y": 0.499957230322
      },
      {
        "x_cat": "L",
        "y": -0.2507833543575
      },
      {
        "x_cat": "K",
        "y": -1.5432158057207
      },
      {
        "x_cat": "L",
        "y": -0.0669083918934
      },
      {
        "x_cat": "N",
        "y": 1.1569775576278
      },
      {
        "x_cat": "L",
        "y": -0.3544208511183
      },
      {
        "x_cat": "M",
        "y": -1.2890386054892
      },
      {
        "x_cat": "M",
        "y": -0.3940021440919
      },
      {
        "x_cat": "I",
        "y": -1.4452642959171
      },
      {
        "x_cat": "L",
        "y": -2.5956704588427
      },
      {
        "x_cat": "M",
        "y": -1.401342264941
      },
      {
        "x_cat": "M",
        "y": 1.5262220791127
      },
      {
        "x_cat": "L",
        "y": -1.4107562060689
      },
      {
        "x_cat": "N",
        "y": 0.5395723697356
      },
      {
        "x_cat": "N",
        "y": 2.0647299593366
      },
      {
        "x_cat": "J",
        "y": -1.5294497329994
      },
      {
        "x_cat": "M",
        "y": 2.1655341626568
      },
      {
        "x_cat": "L",
        "y": 1.3081518377667
      },
      {
        "x_cat": "M",
        "y": -1.0777216241538
      },
      {
        "x_cat": "L",
        "y": -0.3422352226532
      },
      {
        "x_cat": "M",
        "y": 0.641223751277
      },
      {
        "x_cat": "L",
        "y": 0.6638780148671
      },
      {
        "x_cat": "M",
        "y": -1.2116368269333
      },
      {
        "x_cat": "K",
        "y": -1.0062205533422
      },
      {
        "x_cat": "O",
        "y": 2.9194631471483
      },
      {
        "x_cat": "N",
        "y": 0.9061977296123
      },
      {
        "x_cat": "J",
        "y": -0.802053996842
      },
      {
        "x_cat": "K",
        "y": -2.3918868404472
      }
    ]
  },
  "encoding": {
    "x": {
      "field": "x_cat",
      "type": "nominal"
    },
    "y": {
      "field": "y",
      "type": "quantitative"
    }
  },
  "height": 600,
  "mark": {
    "opacity": 0.25,
    "thickness": 2,
    "type": "tick"
  },
  "width": 800
}