{
  "$schema": "https://vega.github.io/schema/vega-lite/v4.8.1.json",
  "config": {
    "view": {
      "continuousHeight": 300,
      "continuousWidth": 400
    }
  },
  "data": {
    "values": [
      {
        "x": -5,
        "y": -5,
        "z": 50
      },
      {
        "x": -4,
        "y": -5,
        "z": 41
      },
      {
        "x": -3,
        "y": -5,
        "z": 34
      },
      {
        "x": -2,
        "y": -5,
        "z": 29
      },
      {
        "x": -1,
        "y": -5,
        "z": 26
      },
      {
        "x": 0,
        "y": -5,
        "z": 25
      },
      {
        "x": 1,
        "y": -5,
        "z": 26
      },
      {
        "x": 2,
        "y": -5,
        "z": 29
      },
      {
        "x": 3,
        "y": -5,
        "z": 34
      },
      {
        "x": 4,
        "y": -5,
        "z": 41
      },
      {
        "x": 5,
        "y": -5,
        "z": 50
      },
      {
        "x": -5,
        "y": -4,
        "z": 41
      },
      {
        "x": -4,
        "y": -4,
        "z": 32
      },
      {
        "x": -3,
        "y": -4,
        "z": 25
      },
      {
        "x": -2,
        "y": -4,
        "z": 20
      },
      {
        "x": -1,
        "y": -4,
        "z": 17
      },
      {
        "x": 0,
        "y": -4,
        "z": 16
      },
      {
        "x": 1,
        "y": -4,
        "z": 17
      },
      {
        "x": 2,
        "y": -4,
        "z": 20
      },
      {
        "x": 3,
        "y": -4,
        "z": 25
      },
      {
        "x": 4,
        "y": -4,
        "z": 32
      },
      {
        "x": 5,
        "y": -4,
        "z": 41
      },
      {
        "x": -5,
        "y": -3,
        "z": 34
      },
      {
        "x": -4,
        "y": -3,
        "z": 25
      },
      {
        "x": -3,
        "y": -3,
        "z": 18
      },
      {
        "x": -2,
        "y": -3,
        "z": 13
      },
      {
        "x": -1,
        "y": -3,
        "z": 10
      },
      {
        "x": 0,
        "y": -3,
        "z": 9
      },
      {
        "x": 1,
        "y": -3,
        "z": 10
      },
      {
        "x": 2,
        "y": -3,
        "z": 13
      },
      {
        "x": 3,
        "y": -3,
        "z": 18
      },
      {
        "x": 4,
        "y": -3,
        "z": 25
      },
      {
        "x": 5,
        "y": -3,
        "z": 34
      },
      {
        "x": -5,
        "y": -2,
        "z": 29
      },
      {
        "x": -4,
        "y": -2,
        "z": 20
      },
      {
        "x": -3,
        "y": -2,
        "z": 13
      },
      {
        "x": -2,
        "y": -2,
        "z": 8
      },
      {
        "x": -1,
        "y": -2,
        "z": 5
      },
      {
        "x": 0,
        "y": -2,
        "z": 4
      },
      {
        "x": 1,
        "y": -2,
        "z": 5
      },
      {
        "x": 2,
        "y": -2,
        "z": 8
      },
      {
        "x": 3,
        "y": -2,
        "z": 13
      },
      {
        "x": 4,
        "y": -2,
        "z": 20
      },
      {
        "x": 5,
        "y": -2,
        "z": 29
      },
      {
        "x": -5,
        "y": -1,
        "z": 26
      },
      {
        "x": -4,
        "y": -1,
        "z": 17
      },
      {
        "x": -3,
        "y": -1,
        "z": 10
      },
      {
        "x": -2,
        "y": -1,
        "z": 5
      },
      {
        "x": -1,
        "y": -1,
        "z": 2
      },
      {
        "x": 0,
        "y": -1,
        "z": 1
      },
      {
        "x": 1,
        "y": -1,
        "z": 2
      },
      {
        "x": 2,
        "y": -1,
        "z": 5
      },
      {
        "x": 3,
        "y": -1,
        "z": 10
      },
      {
        "x": 4,
        "y": -1,
        "z": 17
      },
      {
        "x": 5,
        "y": -1,
        "z": 26
      },
      {
        "x": -5,
        "y": 0,
        "z": 25
      },
      {
        "x": -4,
        "y": 0,
        "z": 16
      },
      {
        "x": -3,
        "y": 0,
        "z": 9
      },
      {
        "x": -2,
        "y": 0,
        "z": 4
      },
      {
        "x": -1,
        "y": 0,
        "z": 1
      },
      {
        "x": 0,
        "y": 0,
        "z": 0
      },
      {
        "x": 1,
        "y": 0,
        "z": 1
      },
      {
        "x": 2,
        "y": 0,
        "z": 4
      },
      {
        "x": 3,
        "y": 0,
        "z": 9
      },
      {
        "x": 4,
        "y": 0,
        "z": 16
      },
      {
        "x": 5,
        "y": 0,
        "z": 25
      },
      {
        "x": -5,
        "y": 1,
        "z": 26
      },
      {
        "x": -4,
        "y": 1,
        "z": 17
      },
      {
        "x": -3,
        "y": 1,
        "z": 10
      },
      {
        "x": -2,
        "y": 1,
        "z": 5
      },
      {
        "x": -1,
        "y": 1,
        "z": 2
      },
      {
        "x": 0,
        "y": 1,
        "z": 1
      },
      {
        "x": 1,
        "y": 1,
        "z": 2
      },
      {
        "x": 2,
        "y": 1,
        "z": 5
      },
      {
        "x": 3,
        "y": 1,
        "z": 10
      },
      {
        "x": 4,
        "y": 1,
        "z": 17
      },
      {
        "x": 5,
        "y": 1,
        "z": 26
      },
      {
        "x": -5,
        "y": 2,
        "z": 29
      },
      {
        "x": -4,
        "y": 2,
        "z": 20
      },
      {
        "x": -3,
        "y": 2,
        "z": 13
      },
      {
        "x": -2,
        "y": 2,
        "z": 8
      },
      {
        "x": -1,
        "y": 2,
        "z": 5
      },
      {
        "x": 0,
        "y": 2,
        "z": 4
      },
      {
        "x": 1,
        "y": 2,
        "z": 5
      },
      {
        "x": 2,
        "y": 2,
        "z": 8
      },
      {
        "x": 3,
        "y": 2,
        "z": 13
      },
      {
        "x": 4,
        "y": 2,
        "z": 20
      },
      {
        "x": 5,
        "y": 2,
        "z": 29
      },
      {
        "x": -5,
        "y": 3,
        "z": 34
      },
      {
        "x": -4,
        "y": 3,
        "z": 25
      },
      {
        "x": -3,
        "y": 3,
        "z": 18
      },
      {
        "x": -2,
        "y": 3,
        "z": 13
      },
      {
        "x": -1,
        "y": 3,
        "z": 10
      },
      {
        "x": 0,
        "y": 3,
        "z": 9
      },
      {
        "x": 1,
        "y": 3,
        "z": 10
      },
      {
        "x": 2,
        "y": 3,
        "z": 13
      },
      {
        "x": 3,
        "y": 3,
        "z": 18
      },
      {
        "x": 4,
        "y": 3,
        "z": 25
      },
      {
        "x": 5,
        "y": 3,
        "z": 34
      },
      {
        "x": -5,
        "y": 4,
        "z": 41
      },
      {
        "x": -4,
        "y": 4,
        "z": 32
      },
      {
        "x": -3,
        "y": 4,
        "z": 25
      },
      {
        "x": -2,
        "y": 4,
        "z": 20
      },
      {
        "x": -1,
        "y": 4,
        "z": 17
      },
      {
        "x": 0,
        "y": 4,
        "z": 16
      },
      {
        "x": 1,
        "y": 4,
        "z": 17
      },
      {
        "x": 2,
        "y": 4,
        "z": 20
      },
      {
        "x": 3,
        "y": 4,
        "z": 25
      },
      {
        "x": 4,
        "y": 4,
        "z": 32
      },
      {
        "x": 5,
        "y": 4,
        "z": 41
      },
      {
        "x": -5,
        "y": 5,
        "z": 50
      },
      {
        "x": -4,
        "y": 5,
        "z": 41
      },
      {
        "x": -3,
        "y": 5,
        "z": 34
      },
      {
        "x": -2,
        "y": 5,
        "z": 29
      },
      {
        "x": -1,
        "y": 5,
        "z": 26
      },
      {
        "x": 0,
        "y": 5,
        "z": 25
      },
      {
        "x": 1,
        "y": 5,
        "z": 26
      },
      {
        "x": 2,
        "y": 5,
        "z": 29
      },
      {
        "x": 3,
        "y": 5,
        "z": 34
      },
      {
        "x": 4,
        "y": 5,
        "z": 41
      },
      {
        "x": 5,
        "y": 5,
        "z": 50
      }
    ]
  },
  "encoding": {
    "color": {
      "aggregate": "average",
      "field": "z",
      "scale": {
        "range": [
          "#F271B8",
          "#00B4D7"
        ],
        "type": "linear"
      },
      "type": "quantitative"
    },
    "x": {
      "bin": {
        "maxbins": 14.0
      },
      "field": "x",
      "type": "quantitative"
    },
    "y": {
      "bin": {
        "maxbins": 8.0
      },
      "field": "y",
      "type": "quantitative"
    }
  },
  "height": 600,
  "mark": "rect",
  "width": 800
}