{
  "config": {
    "view": {
      "continuousHeight": 300,
      "continuousWidth": 400
    }
  },
  "data": {
    "values": [
      {
        "median": null,
        "q1": null,
        "q3": null,
        "x": null,
        "y": 0.4813713874836
      },
      {
        "median": null,
        "q1": null,
        "q3": null,
        "x": null,
        "y": 0.7578629150648
      },
      {
        "median": null,
        "q1": null,
        "q3": null,
        "x": null,
        "y": 0.4554319436453
      },
      {
        "median": null,
        "q1": null,
        "q3": null,
        "x": null,
        "y": 1.0832871715144
      },
      {
        "median": null,
        "q1": null,
        "q3": null,
        "x": null,
        "y": 0.6158026106036
      },
      {
        "median": null,
        "q1": null,
        "q3": null,
        "x": null,
        "y": 1.4941780713084
      },
      {
        "median": null,
        "q1": null,
        "q3": null,
        "x": null,
        "y": 1.218703552092
      },
      {
        "median": null,
        "q1": null,
        "q3": null,
        "x": null,
        "y": 1.5241584016813
      },
      {
        "median": null,
        "q1": null,
        "q3": null,
        "x": null,
        "y": 1.2677987378624
      },
      {
        "median": null,
        "q1": null,
        "q3": null,
        "x": null,
        "y": 1.529315083939
      },
      {
        "median": null,
        "q1": null,
        "q3": null,
        "x": null,
        "y": 1.1326137562011
      },
      {
        "median": null,
        "q1": null,
        "q3": null,
        "x": null,
        "y": 1.330990822409
      },
      {
        "median": null,
        "q1": null,
        "q3": null,
        "x": null,
        "y": 1.6360076717641
      },
      {
        "median": null,
        "q1": null,
        "q3": null,
        "x": null,
        "y": 1.5572940943211
      },
      {
        "median": null,
        "q1": null,
        "q3": null,
        "x": null,
        "y": 1.6065993072475
      },
      {
        "median": null,
        "q1": null,
        "q3": null,
        "x": null,
        "y": 1.2191161190737
      },
      {
        "median": null,
        "q1": null,
        "q3": null,
        "x": null,
        "y": 2.1300469055973
      },
      {
        "median": null,
        "q1": null,
        "q3": null,
        "x": null,
        "y": 2.2087455902932
      },
      {
        "median": null,
        "q1": null,
        "q3": null,
        "x": null,
        "y": 1.5041716299243
      },
      {
        "median": null,
        "q1": null,
        "q3": null,
        "x": null,
        "y": 2.2482118394148
      },
      {
        "median": null,
        "q1": null,
        "q3": null,
        "x": null,
        "y": 1.4527260723998
      },
      {
        "median": null,
        "q1": null,
        "q3": null,
        "x": null,
        "y": 2.2871246095998
      },
      {
        "median": null,
        "q1": null,
        "q3": null,
        "x": null,
        "y": 2.4611034081722
      },
      {
        "median": null,
        "q1": null,
        "q3": null,
        "x": null,
        "y": 2.3223724286887
      },
      {
        "median": 1.5041716299243,
        "q1": 1.218703552092,
        "q3": 2.1300469055973,
        "x": 0.102044810748,
        "y": 2.9413451218034
      },
      {
        "median": 1.5241584016813,
        "q1": 1.2191161190737,
        "q3": 2.2087455902932,
        "x": 0.1103751411643,
        "y": 2.2125875437978
      },
      {
        "median": 1.529315083939,
        "q1": 1.2677987378624,
        "q3": 2.2087455902932,
        "x": 0.1182744258689,
        "y": 2.2040524980507
      },
      {
        "median": 1.5572940943211,
        "q1": 1.330990822409,
        "q3": 2.2125875437978,
        "x": 0.1187277189542,
        "y": 2.5134229154712
      },
      {
        "median": 1.6065993072475,
        "q1": 1.4527260723998,
        "q3": 2.2482118394148,
        "x": 0.1201965612132,
        "y": 3.1020167640124
      },
      {
        "median": 1.6360076717641,
        "q1": 1.4941780713084,
        "q3": 2.2871246095998,
        "x": 0.1289262976549,
        "y": 3.2635715500451
      },
      {
        "median": 2.1300469055973,
        "q1": 1.5041716299243,
        "q3": 2.3223724286887,
        "x": 0.1317978624044,
        "y": 3.2678608653604
      },
      {
        "median": 2.2040524980507,
        "q1": 1.5241584016813,
        "q3": 2.4611034081722,
        "x": 0.1381829513486,
        "y": 3.173421306461
      },
      {
        "median": 2.2087455902932,
        "q1": 1.529315083939,
        "q3": 2.5134229154712,
        "x": 0.143353287409,
        "y": 3.6336117245213
      },
      {
        "median": 2.2125875437978,
        "q1": 1.5572940943211,
        "q3": 2.9413451218034,
        "x": 0.1589695836455,
        "y": 3.665816377145
      },
      {
        "median": 2.2482118394148,
        "q1": 1.6065993072475,
        "q3": 3.1020167640124,
        "x": 0.161309517885,
        "y": 3.8685248087909
      },
      {
        "median": 2.2871246095998,
        "q1": 1.6360076717641,
        "q3": 3.173421306461,
        "x": 0.1831913620071,
        "y": 3.3445259504377
      },
      {
        "median": 2.3223724286887,
        "q1": 2.1300469055973,
        "q3": 3.2635715500451,
        "x": 0.1965823616801,
        "y": 3.5839105867293
      },
      {
        "median": 2.4611034081722,
        "q1": 2.2040524980507,
        "q3": 3.2678608653604,
        "x": 0.2088767560948,
        "y": 4.4916256015889
      },
      {
        "median": 2.5134229154712,
        "q1": 2.2087455902932,
        "q3": 3.3445259504377,
        "x": 0.2103825610738,
        "y": 4.6359547159941
      },
      {
        "median": 2.9413451218034,
        "q1": 2.2125875437978,
        "q3": 3.5839105867293,
        "x": 0.2444255920016,
        "y": 4.5430550490023
      },
      {
        "median": 3.1020167640124,
        "q1": 2.2482118394148,
        "q3": 3.6336117245213,
        "x": 0.2532916025398,
        "y": 4.7871641997748
      },
      {
        "median": 3.173421306461,
        "q1": 2.2871246095998,
        "q3": 3.665816377145,
        "x": 0.2645556121046,
        "y": 4.7641083466465
      },
      {
        "median": 3.2635715500451,
        "q1": 2.3223724286887,
        "q3": 3.8685248087909,
        "x": 0.2653894909394,
        "y": 4.4366970071157
      },
      {
        "median": 3.2678608653604,
        "q1": 2.4611034081722,
        "q3": 4.4366970071157,
        "x": 0.2828069625764,
        "y": 4.485301136909
      },
      {
        "median": 3.3445259504377,
        "q1": 2.5134229154712,
        "q3": 4.485301136909,
        "x": 0.2894060929472,
        "y": 4.7378814080413
      },
      {
        "median": 3.5839105867293,
        "q1": 2.9413451218034,
        "q3": 4.4916256015889,
        "x": 0.2961401975221,
        "y": 4.9679140438988
      },
      {
        "median": 3.6336117245213,
        "q1": 3.1020167640124,
        "q3": 4.5430550490023,
        "x": 0.3154283509242,
        "y": 5.2541411919914
      },
      {
        "median": 3.665816377145,
        "q1": 3.173421306461,
        "q3": 4.6359547159941,
        "x": 0.317983179394,
        "y": 4.6969773863879
      },
      {
        "median": 3.8685248087909,
        "q1": 3.2635715500451,
        "q3": 4.6969773863879,
        "x": 0.3185689524513,
        "y": 5.5708772572525
      },
      {
        "median": 4.4366970071157,
        "q1": 3.2678608653604,
        "q3": 4.7378814080413,
        "x": 0.3595079005738,
        "y": 5.0702910257891
      },
      {
        "median": 4.485301136909,
        "q1": 3.3445259504377,
        "q3": 4.7408500048163,
        "x": 0.3637107709426,
        "y": 4.7408500048163
      },
      {
        "median": 4.4916256015889,
        "q1": 3.5839105867293,
        "q3": 4.7641083466465,
        "x": 0.368725170661,
        "y": 5.8786567549934
      },
      {
        "median": 4.5430550490023,
        "q1": 3.6336117245213,
        "q3": 4.7871641997748,
        "x": 0.3834415188258,
        "y": 5.768113337692
      },
      {
        "median": 4.6359547159941,
        "q1": 3.665816377145,
        "q3": 4.9679140438988,
        "x": 0.4142629945147,
        "y": 6.1353578700002
      },
      {
        "median": 4.6969773863879,
        "q1": 3.8685248087909,
        "q3": 5.0702910257891,
        "x": 0.4146619399905,
        "y": 6.4110203750864
      },
      {
        "median": 4.7378814080413,
        "q1": 4.4366970071157,
        "q3": 5.2541411919914,
        "x": 0.4236547993389,
        "y": 6.1659515760695
      },
      {
        "median": 4.7408500048163,
        "q1": 4.485301136909,
        "q3": 5.5708772572525,
        "x": 0.4370319537993,
        "y": 6.6002285399905
      },
      {
        "median": 4.7641083466465,
        "q1": 4.4916256015889,
        "q3": 5.768113337692,
        "x": 0.4375872112627,
        "y": 6.3799248862568
      },
      {
        "median": 4.7871641997748,
        "q1": 4.5430550490023,
        "q3": 5.8786567549934,
        "x": 0.4386015134623,
        "y": 5.9826218146425
      },
      {
        "median": 4.9679140438988,
        "q1": 4.6359547159941,
        "q3": 5.8786567549934,
        "x": 0.4561503322165,
        "y": 5.8514160088368
      },
      {
        "median": 5.0702910257891,
        "q1": 4.6969773863879,
        "q3": 5.9826218146425,
        "x": 0.4614793622529,
        "y": 6.4895869850786
      },
      {
        "median": 5.2541411919914,
        "q1": 4.7378814080413,
        "q3": 6.0925439760742,
        "x": 0.4663107728563,
        "y": 6.0925439760742
      },
      {
        "median": 5.5708772572525,
        "q1": 4.7408500048163,
        "q3": 6.1353578700002,
        "x": 0.4686512016477,
        "y": 6.762827782839
      },
      {
        "median": 5.768113337692,
        "q1": 4.7641083466465,
        "q3": 6.1353578700002,
        "x": 0.5218483217501,
        "y": 6.0669769919111
      },
      {
        "median": 5.8514160088368,
        "q1": 4.7871641997748,
        "q3": 6.1659515760695,
        "x": 0.5232480534667,
        "y": 6.6952824760738
      },
      {
        "median": 5.8786567549934,
        "q1": 4.9679140438988,
        "q3": 6.3799248862568,
        "x": 0.5288949197529,
        "y": 6.8225407886047
      },
      {
        "median": 5.9826218146425,
        "q1": 5.0702910257891,
        "q3": 6.4110203750864,
        "x": 0.5448831829969,
        "y": 6.7672277320069
      },
      {
        "median": 6.0669769919111,
        "q1": 5.2541411919914,
        "q3": 6.4895869850786,
        "x": 0.5488135039273,
        "y": 7.0056034274032
      },
      {
        "median": 6.0925439760742,
        "q1": 5.5708772572525,
        "q3": 6.6002285399905,
        "x": 0.5666014542066,
        "y": 7.0350984650844
      },
      {
        "median": 6.1353578700002,
        "q1": 5.768113337692,
        "q3": 6.6952824760738,
        "x": 0.5680445610939,
        "y": 7.338402213379
      },
      {
        "median": 6.1659515760695,
        "q1": 5.8514160088368,
        "q3": 6.762827782839,
        "x": 0.5684339488686,
        "y": 7.2853514941231
      },
      {
        "median": 6.3799248862568,
        "q1": 5.8786567549934,
        "q3": 6.7672277320069,
        "x": 0.5701967704179,
        "y": 7.4738611435028
      },
      {
        "median": 6.4110203750864,
        "q1": 5.9826218146425,
        "q3": 6.8225407886047,
        "x": 0.5759464955562,
        "y": 6.8839475486119
      },
      {
        "median": 6.4895869850786,
        "q1": 6.0669769919111,
        "q3": 6.8839475486119,
        "x": 0.5865129348101,
        "y": 7.410267279722
      },
      {
        "median": 6.6002285399905,
        "q1": 6.0925439760742,
        "q3": 7.0056034274032,
        "x": 0.6027633760716,
        "y": 7.2496214264688
      },
      {
        "median": 6.6952824760738,
        "q1": 6.1353578700002,
        "q3": 7.0350984650844,
        "x": 0.604845519745,
        "y": 7.1626140150747
      },
      {
        "median": 6.762827782839,
        "q1": 6.1659515760695,
        "q3": 7.1626140150747,
        "x": 0.6120957227224,
        "y": 7.4121768845383
      },
      {
        "median": 6.7672277320069,
        "q1": 6.3799248862568,
        "q3": 7.2496214264688,
        "x": 0.6169339968748,
        "y": 7.4219016369164
      },
      {
        "median": 6.8225407886047,
        "q1": 6.4110203750864,
        "q3": 7.2853514941231,
        "x": 0.6176354970759,
        "y": 8.1076444311696
      },
      {
        "median": 6.8839475486119,
        "q1": 6.4895869850786,
        "q3": 7.338402213379,
        "x": 0.6399210213275,
        "y": 8.1863334973404
      },
      {
        "median": 7.0056034274032,
        "q1": 6.6002285399905,
        "q3": 7.410267279722,
        "x": 0.6458941130667,
        "y": 8.1711055952879
      },
      {
        "median": 7.0350984650844,
        "q1": 6.6952824760738,
        "q3": 7.4121768845383,
        "x": 0.6531083254654,
        "y": 8.6633028713534
      },
      {
        "median": 7.1626140150747,
        "q1": 6.762827782839,
        "q3": 7.4219016369164,
        "x": 0.6563295894653,
        "y": 8.4492819620942
      },
      {
        "median": 7.2496214264688,
        "q1": 6.7672277320069,
        "q3": 7.4738611435028,
        "x": 0.6667667154457,
        "y": 8.3643757594443
      },
      {
        "median": 7.2853514941231,
        "q1": 6.8225407886047,
        "q3": 8.1076444311696,
        "x": 0.6674103799637,
        "y": 8.4929100240939
      },
      {
        "median": 7.338402213379,
        "q1": 6.8839475486119,
        "q3": 8.1711055952879,
        "x": 0.6706378696182,
        "y": 8.2216463826644
      },
      {
        "median": 7.410267279722,
        "q1": 7.0056034274032,
        "q3": 8.1863334973404,
        "x": 0.6818202991035,
        "y": 8.3474294524975
      },
      {
        "median": 7.4121768845383,
        "q1": 7.0350984650844,
        "q3": 8.2216463826644,
        "x": 0.69247211937,
        "y": 8.9074713281152
      },
      {
        "median": 7.4219016369164,
        "q1": 7.1626140150747,
        "q3": 8.3474294524975,
        "x": 0.6976311959273,
        "y": 9.1094396374121
      },
      {
        "median": 7.4738611435028,
        "q1": 7.2496214264688,
        "q3": 8.3643757594443,
        "x": 0.7151893663724,
        "y": 9.392653072546
      },
      {
        "median": 8.1076444311696,
        "q1": 7.2853514941231,
        "q3": 8.4492819620942,
        "x": 0.7163272041186,
        "y": 9.4899819136117
      },
      {
        "median": 8.1711055952879,
        "q1": 7.338402213379,
        "q3": 8.4929100240939,
        "x": 0.7392635793983,
        "y": 9.5534033337817
      },
      {
        "median": 8.1863334973404,
        "q1": 7.410267279722,
        "q3": 8.6633028713534,
        "x": 0.7742336894342,
        "y": 9.6049069712417
      },
      {
        "median": 8.2216463826644,
        "q1": 7.4121768845383,
        "q3": 8.9074713281152,
        "x": 0.7781567509499,
        "y": 10.0895840551479
      },
      {
        "median": 8.3474294524975,
        "q1": 7.4219016369164,
        "q3": 9.1094396374121,
        "x": 0.7805291762865,
        "y": 9.7482639871704
      },
      {
        "median": 8.3643757594443,
        "q1": 7.4738611435028,
        "q3": 9.392653072546,
        "x": 0.7917250380827,
        "y": 9.8597092376509
      },
      {
        "median": 8.4492819620942,
        "q1": 8.1076444311696,
        "q3": 9.4899819136117,
        "x": 0.7991585642167,
        "y": 10.2856312563381
      },
      {
        "median": 8.4929100240939,
        "q1": 8.1711055952879,
        "q3": 9.5534033337817,
        "x": 0.8209932298479,
        "y": 9.9676074067998
      },
      {
        "median": 8.6633028713534,
        "q1": 8.1863334973404,
        "q3": 9.6049069712417,
        "x": 0.8289400292174,
        "y": 10.5114377021473
      },
      {
        "median": 8.9074713281152,
        "q1": 8.2216463826644,
        "q3": 9.7482639871704,
        "x": 0.8326198455479,
        "y": 10.0462313152686
      }
    ]
  },
  "layer": [
    {
      "encoding": {
        "x": {
          "field": "x",
          "type": "quantitative"
        },
        "y": {
          "field": "median",
          "type": "quantitative"
        }
      },
      "height": 600,
      "mark": "line",
      "width": 800
    },
    {
      "encoding": {
        "x": {
          "field": "x",
          "type": "quantitative"
        },
        "y": {
          "field": "q1",
          "title": "y",
          "type": "quantitative"
        },
        "y2": {
          "field": "q3"
        }
      },
      "height": 600,
      "mark": {
        "opacity": 0.2,
        "type": "area"
      },
      "width": 800
    }
  ]
}