{
  "$schema": "https://vega.github.io/schema/vega-lite/v4.8.1.json",
  "config": {
    "view": {
      "continuousHeight": 300,
      "continuousWidth": 400
    }
  },
  "data": {
    "values": [
      {
        "x_cat": "Q",
        "y": 2.073776170899,
        "z": 1.8716591437633
      },
      {
        "x_cat": "M",
        "y": -0.3372989855092,
        "z": -1.1705299861827
      },
      {
        "x_cat": "M",
        "y": -0.5581818991175,
        "z": 1.1754183483235
      },
      {
        "x_cat": "O",
        "y": 1.6786383700364,
        "z": 1.8692873741136
      },
      {
        "x_cat": "O",
        "y": 0.2680468668474,
        "z": 0.0902364731988
      },
      {
        "x_cat": "M",
        "y": -0.1528879495323,
        "z": -1.2379130685482
      },
      {
        "x_cat": "L",
        "y": 3.4415746197232,
        "z": 4.4138369525645
      },
      {
        "x_cat": "L",
        "y": 0.8604979552327,
        "z": 2.2919696392777
      },
      {
        "x_cat": "M",
        "y": -0.3844567912265,
        "z": -0.6295298344857
      },
      {
        "x_cat": "L",
        "y": 0.4273050095413,
        "z": -0.1959488005708
      },
      {
        "x_cat": "N",
        "y": 1.297963240307,
        "z": 0.9019643743014
      },
      {
        "x_cat": "M",
        "y": 0.8533584705463,
        "z": -0.5051639317355
      },
      {
        "x_cat": "L",
        "y": 0.8939749922494,
        "z": 2.2165775199164
      },
      {
        "x_cat": "L",
        "y": -2.0482994108438,
        "z": -2.0448554724095
      },
      {
        "x_cat": "O",
        "y": -0.6726956437497,
        "z": -0.6728924138582
      },
      {
        "x_cat": "N",
        "y": -0.235693678282,
        "z": 1.2980102771284
      },
      {
        "x_cat": "O",
        "y": 2.1303457732641,
        "z": 1.3572635254399
      },
      {
        "x_cat": "M",
        "y": -0.9728074934078,
        "z": -1.3740624305789
      },
      {
        "x_cat": "K",
        "y": 0.9315471849795,
        "z": 0.8161904206068
      },
      {
        "x_cat": "I",
        "y": -0.670934519146,
        "z": 0.340620929842
      },
      {
        "x_cat": "H",
        "y": -0.6936385428398,
        "z": 0.8195969792161
      },
      {
        "x_cat": "M",
        "y": -0.4218960394842,
        "z": 0.4951725817138
      },
      {
        "x_cat": "L",
        "y": -1.1547835119851,
        "z": -0.4258904401972
      },
      {
        "x_cat": "K",
        "y": -3.1796294781723,
        "z": -2.6275973351618
      },
      {
        "x_cat": "O",
        "y": 2.1211911141018,
        "z": -0.6820429705432
      },
      {
        "x_cat": "K",
        "y": -0.3032142129878,
        "z": -0.6992673911579
      },
      {
        "x_cat": "M",
        "y": 0.2310819006998,
        "z": -0.482061721384
      },
      {
        "x_cat": "L",
        "y": 0.4712770761459,
        "z": 1.7721107448472
      },
      {
        "x_cat": "L",
        "y": 1.4832431124633,
        "z": 0.930377319644
      },
      {
        "x_cat": "L",
        "y": 1.7067576194227,
        "z": 3.7776550293272
      },
      {
        "x_cat": "M",
        "y": -1.3566328974446,
        "z": -1.722541227538
      },
      {
        "x_cat": "N",
        "y": 2.3105328522663,
        "z": 1.4129028106102
      },
      {
        "x_cat": "K",
        "y": -0.4053637136083,
        "z": 1.0395727674127
      },
      {
        "x_cat": "K",
        "y": -3.2965795172084,
        "z": -3.1236376630437
      },
      {
        "x_cat": "N",
        "y": -2.3115272119897,
        "z": -2.028838715706
      },
      {
        "x_cat": "O",
        "y": 0.6894171529475,
        "z": 1.7802867162127
      },
      {
        "x_cat": "O",
        "y": 1.1209674637482,
        "z": 0.9196193021047
      },
      {
        "x_cat": "N",
        "y": 0.9191964293302,
        "z": 0.2385106742609
      },
      {
        "x_cat": "K",
        "y": 1.0464170280014,
        "z": 1.8496920517348
      },
      {
        "x_cat": "L",
        "y": -0.8709199909249,
        "z": -1.2130838208954
      },
      {
        "x_cat": "J",
        "y": -1.8983994280803,
        "z": -2.3708882702794
      },
      {
        "x_cat": "K",
        "y": -0.6955714404079,
        "z": -1.3878283385668
      },
      {
        "x_cat": "I",
        "y": -1.1003718426488,
        "z": -1.1470431063674
      },
      {
        "x_cat": "M",
        "y": 0.6605169143393,
        "z": 0.0409368260899
      },
      {
        "x_cat": "L",
        "y": 0.2797809247152,
        "z": 1.1493069322424
      },
      {
        "x_cat": "K",
        "y": 1.5228394427033,
        "z": 1.3759565899373
      },
      {
        "x_cat": "I",
        "y": -1.588335168994,
        "z": -1.260243405926
      },
      {
        "x_cat": "L",
        "y": 0.1698781704941,
        "z": -1.1931653290488
      },
      {
        "x_cat": "J",
        "y": -2.3411397285958,
        "z": -1.533305425543
      },
      {
        "x_cat": "M",
        "y": 0.6386683909584,
        "z": 1.2993324200604
      }
    ]
  },
  "encoding": {
    "color": {
      "field": "x_cat",
      "type": "nominal"
    },
    "x": {
      "field": "z",
      "type": "quantitative"
    },
    "y": {
      "field": "y",
      "type": "quantitative"
    }
  },
  "height": 600,
  "mark": {
    "opacity": 1.0,
    "type": "point"
  },
  "width": 800
}