{
  "config": {
    "view": {
      "continuousHeight": 300,
      "continuousWidth": 400
    }
  },
  "data": {
    "values": [
      {
        "x_cat": "Q",
        "y": 2.073776170899,
        "z": 1.8716591437633
      },
      {
        "x_cat": "M",
        "y": -0.3372989855092,
        "z": -1.1705299861827
      },
      {
        "x_cat": "M",
        "y": -0.5581818991175,
        "z": 1.1754183483235
      },
      {
        "x_cat": "O",
        "y": 1.6786383700364,
        "z": 1.8692873741136
      },
      {
        "x_cat": "O",
        "y": 0.2680468668474,
        "z": 0.0902364731988
      },
      {
        "x_cat": "M",
        "y": -0.1528879495323,
        "z": -1.2379130685482
      },
      {
        "x_cat": "L",
        "y": 3.4415746197232,
        "z": 4.4138369525645
      },
      {
        "x_cat": "L",
        "y": 0.8604979552327,
        "z": 2.2919696392777
      },
      {
        "x_cat": "M",
        "y": -0.3844567912265,
        "z": -0.6295298344857
      },
      {
        "x_cat": "L",
        "y": 0.4273050095413,
        "z": -0.1959488005708
      }
    ]
  },
  "encoding": {
    "color": {
      "field": "x_cat",
      "type": "nominal"
    },
    "x": {
      "field": "z",
      "scale": {
        "zero": false
      },
      "type": "quantitative"
    },
    "y": {
      "field": "y",
      "scale": {
        "zero": false
      },
      "type": "quantitative"
    }
  },
  "height": 600,
  "mark": {
    "opacity": 1.0,
    "type": "point"
  },
  "width": 800
}