{
  "config": {
    "view": {
      "continuousHeight": 300,
      "continuousWidth": 400
    }
  },
  "data": {
    "values": [
      {
        "x_cat": "Q",
        "y_cat": "O",
        "z": 1.8716591437633
      },
      {
        "x_cat": "M",
        "y_cat": "L",
        "z": -1.1705299861827
      },
      {
        "x_cat": "M",
        "y_cat": "L",
        "z": 1.1754183483235
      },
      {
        "x_cat": "O",
        "y_cat": "N",
        "z": 1.8692873741136
      },
      {
        "x_cat": "O",
        "y_cat": "L",
        "z": 0.0902364731988
      },
      {
        "x_cat": "M",
        "y_cat": "L",
        "z": -1.2379130685482
      },
      {
        "x_cat": "L",
        "y_cat": "P",
        "z": 4.4138369525645
      },
      {
        "x_cat": "L",
        "y_cat": "N",
        "z": 2.2919696392777
      },
      {
        "x_cat": "M",
        "y_cat": "L",
        "z": -0.6295298344857
      },
      {
        "x_cat": "L",
        "y_cat": "M",
        "z": -0.1959488005708
      },
      {
        "x_cat": "N",
        "y_cat": "N",
        "z": 0.9019643743014
      },
      {
        "x_cat": "M",
        "y_cat": "M",
        "z": -0.5051639317355
      },
      {
        "x_cat": "L",
        "y_cat": "N",
        "z": 2.2165775199164
      },
      {
        "x_cat": "L",
        "y_cat": "K",
        "z": -2.0448554724095
      },
      {
        "x_cat": "O",
        "y_cat": "K",
        "z": -0.6728924138582
      },
      {
        "x_cat": "N",
        "y_cat": "K",
        "z": 1.2980102771284
      },
      {
        "x_cat": "O",
        "y_cat": "O",
        "z": 1.3572635254399
      },
      {
        "x_cat": "M",
        "y_cat": "L",
        "z": -1.3740624305789
      },
      {
        "x_cat": "K",
        "y_cat": "N",
        "z": 0.8161904206068
      },
      {
        "x_cat": "I",
        "y_cat": "L",
        "z": 0.340620929842
      },
      {
        "x_cat": "H",
        "y_cat": "K",
        "z": 0.8195969792161
      },
      {
        "x_cat": "M",
        "y_cat": "K",
        "z": 0.4951725817138
      },
      {
        "x_cat": "L",
        "y_cat": "K",
        "z": -0.4258904401972
      },
      {
        "x_cat": "K",
        "y_cat": "I",
        "z": -2.6275973351618
      },
      {
        "x_cat": "O",
        "y_cat": "N",
        "z": -0.6820429705432
      },
      {
        "x_cat": "K",
        "y_cat": "L",
        "z": -0.6992673911579
      },
      {
        "x_cat": "M",
        "y_cat": "M",
        "z": -0.482061721384
      },
      {
        "x_cat": "L",
        "y_cat": "M",
        "z": 1.7721107448472
      },
      {
        "x_cat": "L",
        "y_cat": "N",
        "z": 0.930377319644
      },
      {
        "x_cat": "L",
        "y_cat": "N",
        "z": 3.7776550293272
      },
      {
        "x_cat": "M",
        "y_cat": "K",
        "z": -1.722541227538
      },
      {
        "x_cat": "N",
        "y_cat": "N",
        "z": 1.4129028106102
      },
      {
        "x_cat": "K",
        "y_cat": "M",
        "z": 1.0395727674127
      },
      {
        "x_cat": "K",
        "y_cat": "J",
        "z": -3.1236376630437
      },
      {
        "x_cat": "N",
        "y_cat": "I",
        "z": -2.028838715706
      },
      {
        "x_cat": "O",
        "y_cat": "L",
        "z": 1.7802867162127
      },
      {
        "x_cat": "O",
        "y_cat": "N",
        "z": 0.9196193021047
      },
      {
        "x_cat": "N",
        "y_cat": "N",
        "z": 0.2385106742609
      },
      {
        "x_cat": "K",
        "y_cat": "M",
        "z": 1.8496920517348
      },
      {
        "x_cat": "L",
        "y_cat": "L",
        "z": -1.2130838208954
      },
      {
        "x_cat": "J",
        "y_cat": "J",
        "z": -2.3708882702794
      },
      {
        "x_cat": "K",
        "y_cat": "L",
        "z": -1.3878283385668
      },
      {
        "x_cat": "I",
        "y_cat": "K",
        "z": -1.1470431063674
      },
      {
        "x_cat": "M",
        "y_cat": "M",
        "z": 0.0409368260899
      },
      {
        "x_cat": "L",
        "y_cat": "M",
        "z": 1.1493069322424
      },
      {
        "x_cat": "K",
        "y_cat": "N",
        "z": 1.3759565899373
      },
      {
        "x_cat": "I",
        "y_cat": "K",
        "z": -1.260243405926
      },
      {
        "x_cat": "L",
        "y_cat": "L",
        "z": -1.1931653290488
      },
      {
        "x_cat": "J",
        "y_cat": "J",
        "z": -1.533305425543
      },
      {
        "x_cat": "M",
        "y_cat": "M",
        "z": 1.2993324200604
      },
      {
        "x_cat": "L",
        "y_cat": "M",
        "z": 0.7718000641278
      },
      {
        "x_cat": "N",
        "y_cat": "L",
        "z": 0.7828994392061
      },
      {
        "x_cat": "L",
        "y_cat": "M",
        "z": 1.0066154331671
      },
      {
        "x_cat": "M",
        "y_cat": "M",
        "z": 0.746846644205
      },
      {
        "x_cat": "K",
        "y_cat": "M",
        "z": 0.6184173417842
      },
      {
        "x_cat": "K",
        "y_cat": "K",
        "z": -2.2410865419035
      },
      {
        "x_cat": "M",
        "y_cat": "N",
        "z": 0.7231518055095
      },
      {
        "x_cat": "M",
        "y_cat": "K",
        "z": -1.4575409544181
      },
      {
        "x_cat": "K",
        "y_cat": "L",
        "z": 1.1108448398829
      },
      {
        "x_cat": "K",
        "y_cat": "M",
        "z": -0.202797547774
      },
      {
        "x_cat": "L",
        "y_cat": "N",
        "z": -1.5090177888356
      },
      {
        "x_cat": "K",
        "y_cat": "I",
        "z": -1.9920134307626
      },
      {
        "x_cat": "K",
        "y_cat": "K",
        "z": -0.7385021496532
      },
      {
        "x_cat": "J",
        "y_cat": "J",
        "z": -1.4511804915365
      },
      {
        "x_cat": "L",
        "y_cat": "M",
        "z": -1.3189507495226
      },
      {
        "x_cat": "N",
        "y_cat": "K",
        "z": -3.0466762585789
      },
      {
        "x_cat": "L",
        "y_cat": "K",
        "z": -1.1811807266193
      },
      {
        "x_cat": "M",
        "y_cat": "M",
        "z": 0.5336726475141
      },
      {
        "x_cat": "L",
        "y_cat": "J",
        "z": -1.396254445288
      },
      {
        "x_cat": "M",
        "y_cat": "N",
        "z": 1.0918953792892
      },
      {
        "x_cat": "L",
        "y_cat": "O",
        "z": 1.1990066810873
      },
      {
        "x_cat": "N",
        "y_cat": "M",
        "z": -0.2263121632266
      },
      {
        "x_cat": "L",
        "y_cat": "L",
        "z": 0.7315183565421
      },
      {
        "x_cat": "L",
        "y_cat": "L",
        "z": -0.4054055561837
      },
      {
        "x_cat": "N",
        "y_cat": "L",
        "z": 0.495456875838
      },
      {
        "x_cat": "L",
        "y_cat": "K",
        "z": 0.1150203077279
      },
      {
        "x_cat": "N",
        "y_cat": "L",
        "z": -0.7943678782773
      },
      {
        "x_cat": "L",
        "y_cat": "N",
        "z": 1.7721558808645
      },
      {
        "x_cat": "M",
        "y_cat": "L",
        "z": -0.430458352319
      },
      {
        "x_cat": "N",
        "y_cat": "L",
        "z": -2.2038720250671
      },
      {
        "x_cat": "K",
        "y_cat": "L",
        "z": 0.9793852301258
      },
      {
        "x_cat": "N",
        "y_cat": "O",
        "z": 1.4414337694921
      },
      {
        "x_cat": "N",
        "y_cat": "L",
        "z": -0.2167822514149
      },
      {
        "x_cat": "J",
        "y_cat": "I",
        "z": -2.3918827881335
      },
      {
        "x_cat": "M",
        "y_cat": "P",
        "z": 0.5220574418913
      },
      {
        "x_cat": "O",
        "y_cat": "N",
        "z": 1.4690035085904
      },
      {
        "x_cat": "O",
        "y_cat": "O",
        "z": 2.5597134192798
      },
      {
        "x_cat": "M",
        "y_cat": "L",
        "z": -0.1574194677302
      },
      {
        "x_cat": "J",
        "y_cat": "J",
        "z": -1.4642450379373
      },
      {
        "x_cat": "N",
        "y_cat": "O",
        "z": 2.2433560828967
      },
      {
        "x_cat": "L",
        "y_cat": "N",
        "z": 1.359751942296
      },
      {
        "x_cat": "N",
        "y_cat": "N",
        "z": 2.7062516640978
      },
      {
        "x_cat": "O",
        "y_cat": "M",
        "z": 0.8456669892686
      },
      {
        "x_cat": "O",
        "y_cat": "N",
        "z": 2.8259573473963
      },
      {
        "x_cat": "N",
        "y_cat": "L",
        "z": -1.6165409869373
      },
      {
        "x_cat": "N",
        "y_cat": "M",
        "z": -0.844522923349
      },
      {
        "x_cat": "M",
        "y_cat": "J",
        "z": -4.107488595109
      },
      {
        "x_cat": "N",
        "y_cat": "O",
        "z": 2.8484075055629
      },
      {
        "x_cat": "L",
        "y_cat": "M",
        "z": 1.4738904032003
      },
      {
        "x_cat": "N",
        "y_cat": "M",
        "z": -0.839389892565
      },
      {
        "x_cat": "N",
        "y_cat": "O",
        "z": 2.7598168874899
      },
      {
        "x_cat": "L",
        "y_cat": "J",
        "z": -2.127714571062
      },
      {
        "x_cat": "K",
        "y_cat": "J",
        "z": -1.5082852728883
      },
      {
        "x_cat": "N",
        "y_cat": "M",
        "z": 1.5001262969543
      },
      {
        "x_cat": "K",
        "y_cat": "J",
        "z": -1.9624738953008
      },
      {
        "x_cat": "M",
        "y_cat": "P",
        "z": 4.7094864222391
      },
      {
        "x_cat": "L",
        "y_cat": "L",
        "z": 0.333052707982
      },
      {
        "x_cat": "L",
        "y_cat": "M",
        "z": -0.5642082654448
      },
      {
        "x_cat": "P",
        "y_cat": "O",
        "z": 1.4170624453659
      },
      {
        "x_cat": "N",
        "y_cat": "M",
        "z": -0.6993245938048
      },
      {
        "x_cat": "N",
        "y_cat": "N",
        "z": 1.1460477992093
      },
      {
        "x_cat": "M",
        "y_cat": "L",
        "z": 0.3472424959911
      },
      {
        "x_cat": "L",
        "y_cat": "L",
        "z": -1.5913210329869
      },
      {
        "x_cat": "N",
        "y_cat": "O",
        "z": 1.5634895673741
      },
      {
        "x_cat": "M",
        "y_cat": "L",
        "z": -0.4381106919911
      },
      {
        "x_cat": "L",
        "y_cat": "K",
        "z": 0.1175066443416
      },
      {
        "x_cat": "N",
        "y_cat": "L",
        "z": 0.4975009976924
      },
      {
        "x_cat": "L",
        "y_cat": "L",
        "z": -0.6870484733872
      },
      {
        "x_cat": "M",
        "y_cat": "M",
        "z": 2.8555996553498
      },
      {
        "x_cat": "N",
        "y_cat": "M",
        "z": 0.7639186446151
      },
      {
        "x_cat": "K",
        "y_cat": "O",
        "z": 1.6415680726038
      },
      {
        "x_cat": "L",
        "y_cat": "M",
        "z": -1.5113114315498
      },
      {
        "x_cat": "M",
        "y_cat": "L",
        "z": 0.2527176832279
      },
      {
        "x_cat": "M",
        "y_cat": "L",
        "z": 0.634804534447
      },
      {
        "x_cat": "K",
        "y_cat": "L",
        "z": -1.2222491426068
      },
      {
        "x_cat": "M",
        "y_cat": "J",
        "z": -1.3979755140276
      },
      {
        "x_cat": "J",
        "y_cat": "M",
        "z": 0.5850096956729
      },
      {
        "x_cat": "N",
        "y_cat": "N",
        "z": 0.9361060419867
      },
      {
        "x_cat": "N",
        "y_cat": "N",
        "z": 2.7046929869698
      },
      {
        "x_cat": "M",
        "y_cat": "M",
        "z": -1.1567805072712
      },
      {
        "x_cat": "I",
        "y_cat": "K",
        "z": 0.7608333846469
      },
      {
        "x_cat": "N",
        "y_cat": "N",
        "z": 2.8700090744253
      },
      {
        "x_cat": "K",
        "y_cat": "K",
        "z": -0.6032644674816
      },
      {
        "x_cat": "M",
        "y_cat": "M",
        "z": 0.9429379654062
      },
      {
        "x_cat": "M",
        "y_cat": "M",
        "z": 1.225377240705
      },
      {
        "x_cat": "M",
        "y_cat": "L",
        "z": 1.1479192442635
      },
      {
        "x_cat": "M",
        "y_cat": "M",
        "z": 1.5184074847965
      },
      {
        "x_cat": "K",
        "y_cat": "M",
        "z": -0.1343667230387
      },
      {
        "x_cat": "O",
        "y_cat": "K",
        "z": 1.0618094557952
      },
      {
        "x_cat": "L",
        "y_cat": "M",
        "z": 0.6967446909932
      },
      {
        "x_cat": "J",
        "y_cat": "I",
        "z": -0.8491799083006
      },
      {
        "x_cat": "K",
        "y_cat": "M",
        "z": 0.1757844530368
      },
      {
        "x_cat": "N",
        "y_cat": "L",
        "z": -0.0491894498721
      },
      {
        "x_cat": "O",
        "y_cat": "L",
        "z": -0.1648519021868
      },
      {
        "x_cat": "N",
        "y_cat": "O",
        "z": 2.5570395789545
      },
      {
        "x_cat": "N",
        "y_cat": "N",
        "z": 1.3222624227369
      },
      {
        "x_cat": "K",
        "y_cat": "K",
        "z": -0.182626299108
      },
      {
        "x_cat": "M",
        "y_cat": "O",
        "z": 2.3858444050294
      },
      {
        "x_cat": "L",
        "y_cat": "J",
        "z": -1.154253794428
      },
      {
        "x_cat": "L",
        "y_cat": "L",
        "z": -1.1119259929757
      },
      {
        "x_cat": "M",
        "y_cat": "L",
        "z": -0.1301451699626
      },
      {
        "x_cat": "P",
        "y_cat": "N",
        "z": 2.2823245972881
      },
      {
        "x_cat": "J",
        "y_cat": "L",
        "z": -1.0687604068768
      },
      {
        "x_cat": "L",
        "y_cat": "M",
        "z": 0.8887613934417
      },
      {
        "x_cat": "L",
        "y_cat": "N",
        "z": 1.9505712319683
      },
      {
        "x_cat": "K",
        "y_cat": "K",
        "z": -2.9904190247538
      },
      {
        "x_cat": "N",
        "y_cat": "M",
        "z": 0.5070194581246
      },
      {
        "x_cat": "K",
        "y_cat": "J",
        "z": -1.6048925448979
      },
      {
        "x_cat": "L",
        "y_cat": "L",
        "z": 0.73508732838
      },
      {
        "x_cat": "J",
        "y_cat": "K",
        "z": -1.2261706380351
      },
      {
        "x_cat": "L",
        "y_cat": "L",
        "z": 0.7514215908514
      },
      {
        "x_cat": "P",
        "y_cat": "Q",
        "z": 2.6312708754988
      },
      {
        "x_cat": "N",
        "y_cat": "N",
        "z": 0.4293953523371
      },
      {
        "x_cat": "M",
        "y_cat": "L",
        "z": -0.762405717321
      },
      {
        "x_cat": "L",
        "y_cat": "I",
        "z": -2.2311147757941
      },
      {
        "x_cat": "N",
        "y_cat": "K",
        "z": -2.498525281869
      },
      {
        "x_cat": "M",
        "y_cat": "K",
        "z": -2.5072367152821
      },
      {
        "x_cat": "K",
        "y_cat": "I",
        "z": -0.3940394633824
      },
      {
        "x_cat": "N",
        "y_cat": "N",
        "z": 1.8505026201084
      },
      {
        "x_cat": "N",
        "y_cat": "M",
        "z": 0.9250289618745
      },
      {
        "x_cat": "N",
        "y_cat": "M",
        "z": 1.1635876117753
      },
      {
        "x_cat": "N",
        "y_cat": "N",
        "z": -0.2034067313352
      },
      {
        "x_cat": "M",
        "y_cat": "L",
        "z": 0.1853579870958
      },
      {
        "x_cat": "M",
        "y_cat": "K",
        "z": -1.2607041602377
      },
      {
        "x_cat": "L",
        "y_cat": "J",
        "z": -1.017956157668
      },
      {
        "x_cat": "O",
        "y_cat": "M",
        "z": 0.3128206106472
      },
      {
        "x_cat": "K",
        "y_cat": "K",
        "z": -3.1632158488898
      },
      {
        "x_cat": "L",
        "y_cat": "O",
        "z": 2.4015833714416
      },
      {
        "x_cat": "L",
        "y_cat": "K",
        "z": -2.872799336322
      },
      {
        "x_cat": "L",
        "y_cat": "M",
        "z": -0.8555973850428
      },
      {
        "x_cat": "L",
        "y_cat": "L",
        "z": 0.0941444949685
      },
      {
        "x_cat": "J",
        "y_cat": "L",
        "z": 0.6708919569269
      },
      {
        "x_cat": "J",
        "y_cat": "L",
        "z": -0.3581555190285
      },
      {
        "x_cat": "J",
        "y_cat": "I",
        "z": -4.0796888879866
      },
      {
        "x_cat": "N",
        "y_cat": "M",
        "z": -1.1612427435091
      },
      {
        "x_cat": "L",
        "y_cat": "K",
        "z": -1.6044249652847
      },
      {
        "x_cat": "J",
        "y_cat": "J",
        "z": -3.3231067406005
      },
      {
        "x_cat": "M",
        "y_cat": "K",
        "z": -1.3109463412249
      },
      {
        "x_cat": "M",
        "y_cat": "L",
        "z": -2.3174866999624
      },
      {
        "x_cat": "M",
        "y_cat": "O",
        "z": 1.2704068387566
      },
      {
        "x_cat": "L",
        "y_cat": "K",
        "z": 0.0138095606649
      },
      {
        "x_cat": "L",
        "y_cat": "J",
        "z": -4.5116629763262
      },
      {
        "x_cat": "N",
        "y_cat": "L",
        "z": -3.068601649929
      },
      {
        "x_cat": "K",
        "y_cat": "L",
        "z": 0.488750773695
      },
      {
        "x_cat": "N",
        "y_cat": "M",
        "z": 0.7762470291401
      },
      {
        "x_cat": "J",
        "y_cat": "L",
        "z": -0.5903944796028
      },
      {
        "x_cat": "O",
        "y_cat": "M",
        "z": -0.5833643723996
      },
      {
        "x_cat": "N",
        "y_cat": "P",
        "z": 3.1762483952839
      },
      {
        "x_cat": "P",
        "y_cat": "O",
        "z": 2.3624281943353
      },
      {
        "x_cat": "O",
        "y_cat": "M",
        "z": 1.875395346205
      },
      {
        "x_cat": "L",
        "y_cat": "K",
        "z": 0.4779843714129
      },
      {
        "x_cat": "K",
        "y_cat": "L",
        "z": -1.0639201580426
      },
      {
        "x_cat": "N",
        "y_cat": "N",
        "z": 1.9751704942121
      },
      {
        "x_cat": "L",
        "y_cat": "K",
        "z": -1.5296026491672
      },
      {
        "x_cat": "M",
        "y_cat": "L",
        "z": -0.5978825732213
      },
      {
        "x_cat": "K",
        "y_cat": "L",
        "z": -0.4582671099096
      },
      {
        "x_cat": "M",
        "y_cat": "L",
        "z": -2.035966737296
      },
      {
        "x_cat": "L",
        "y_cat": "K",
        "z": -1.6467993974788
      },
      {
        "x_cat": "M",
        "y_cat": "L",
        "z": 0.3601111684681
      },
      {
        "x_cat": "M",
        "y_cat": "K",
        "z": -0.7553248570642
      },
      {
        "x_cat": "M",
        "y_cat": "N",
        "z": 2.1386881828812
      },
      {
        "x_cat": "M",
        "y_cat": "J",
        "z": -0.2148772233716
      },
      {
        "x_cat": "P",
        "y_cat": "P",
        "z": 0.4865852032551
      },
      {
        "x_cat": "K",
        "y_cat": "J",
        "z": -2.7548842119096
      },
      {
        "x_cat": "K",
        "y_cat": "K",
        "z": -0.0215189555517
      },
      {
        "x_cat": "K",
        "y_cat": "M",
        "z": -0.7954926952379
      },
      {
        "x_cat": "K",
        "y_cat": "M",
        "z": 0.4924440024908
      },
      {
        "x_cat": "M",
        "y_cat": "M",
        "z": 0.0247181654289
      },
      {
        "x_cat": "P",
        "y_cat": "N",
        "z": 3.4933842038804
      },
      {
        "x_cat": "K",
        "y_cat": "M",
        "z": 0.0407818945818
      },
      {
        "x_cat": "K",
        "y_cat": "M",
        "z": 0.441678769862
      },
      {
        "x_cat": "L",
        "y_cat": "L",
        "z": -1.9659835301812
      },
      {
        "x_cat": "J",
        "y_cat": "M",
        "z": -1.1424598220034
      },
      {
        "x_cat": "L",
        "y_cat": "K",
        "z": -0.6432654454012
      },
      {
        "x_cat": "K",
        "y_cat": "K",
        "z": -0.6051564116096
      },
      {
        "x_cat": "L",
        "y_cat": "M",
        "z": -0.8424279664872
      },
      {
        "x_cat": "N",
        "y_cat": "N",
        "z": 2.587598445955
      },
      {
        "x_cat": "L",
        "y_cat": "L",
        "z": -0.9517301886621
      },
      {
        "x_cat": "M",
        "y_cat": "K",
        "z": -0.8736620889974
      },
      {
        "x_cat": "M",
        "y_cat": "L",
        "z": -0.890700940512
      },
      {
        "x_cat": "I",
        "y_cat": "K",
        "z": -0.9900969040661
      },
      {
        "x_cat": "L",
        "y_cat": "K",
        "z": -1.198725509443
      },
      {
        "x_cat": "M",
        "y_cat": "L",
        "z": -0.4410094930546
      },
      {
        "x_cat": "M",
        "y_cat": "O",
        "z": 3.1957099653531
      },
      {
        "x_cat": "L",
        "y_cat": "J",
        "z": -2.1358094226086
      },
      {
        "x_cat": "N",
        "y_cat": "L",
        "z": -0.5961123454632
      },
      {
        "x_cat": "N",
        "y_cat": "O",
        "z": 0.8316211326211
      },
      {
        "x_cat": "J",
        "y_cat": "K",
        "z": -1.7565683085073
      },
      {
        "x_cat": "M",
        "y_cat": "N",
        "z": 0.880041619185
      },
      {
        "x_cat": "L",
        "y_cat": "N",
        "z": 0.3763459104774
      },
      {
        "x_cat": "M",
        "y_cat": "L",
        "z": -1.8383985756331
      },
      {
        "x_cat": "L",
        "y_cat": "L",
        "z": 2.878266566388
      },
      {
        "x_cat": "M",
        "y_cat": "N",
        "z": 0.8621666340596
      },
      {
        "x_cat": "L",
        "y_cat": "M",
        "z": 0.6009657525416
      },
      {
        "x_cat": "M",
        "y_cat": "K",
        "z": -1.8415238397091
      },
      {
        "x_cat": "K",
        "y_cat": "K",
        "z": -2.079429914183
      },
      {
        "x_cat": "O",
        "y_cat": "P",
        "z": 2.9205189621203
      },
      {
        "x_cat": "N",
        "y_cat": "M",
        "z": -0.1115236268763
      },
      {
        "x_cat": "J",
        "y_cat": "K",
        "z": -2.3763816536618
      },
      {
        "x_cat": "K",
        "y_cat": "J",
        "z": -4.0273188496575
      }
    ]
  },
  "facet": {
    "column": {
      "field": "y_cat",
      "type": "nominal"
    }
  },
  "spec": {
    "encoding": {
      "color": {
        "field": "x_cat",
        "type": "nominal"
      },
      "x": {
        "field": "x_cat",
        "type": "nominal"
      },
      "y": {
        "field": "z",
        "type": "quantitative"
      }
    },
    "height": 600,
    "mark": {
      "opacity": 0.25,
      "thickness": 2,
      "type": "tick"
    },
    "width": 88
  }
}