{
  "$schema": "https://vega.github.io/schema/vega-lite/v4.8.1.json",
  "config": {
    "view": {
      "continuousHeight": 300,
      "continuousWidth": 400
    }
  },
  "data": {
    "values": [
      {
        "x_cat": "Q",
        "y_cat": "O"
      },
      {
        "x_cat": "M",
        "y_cat": "L"
      },
      {
        "x_cat": "M",
        "y_cat": "L"
      },
      {
        "x_cat": "O",
        "y_cat": "N"
      },
      {
        "x_cat": "O",
        "y_cat": "L"
      },
      {
        "x_cat": "M",
        "y_cat": "L"
      },
      {
        "x_cat": "L",
        "y_cat": "P"
      },
      {
        "x_cat": "L",
        "y_cat": "N"
      },
      {
        "x_cat": "M",
        "y_cat": "L"
      },
      {
        "x_cat": "L",
        "y_cat": "M"
      },
      {
        "x_cat": "N",
        "y_cat": "N"
      },
      {
        "x_cat": "M",
        "y_cat": "M"
      },
      {
        "x_cat": "L",
        "y_cat": "N"
      },
      {
        "x_cat": "L",
        "y_cat": "K"
      },
      {
        "x_cat": "O",
        "y_cat": "K"
      },
      {
        "x_cat": "N",
        "y_cat": "K"
      },
      {
        "x_cat": "O",
        "y_cat": "O"
      },
      {
        "x_cat": "M",
        "y_cat": "L"
      },
      {
        "x_cat": "K",
        "y_cat": "N"
      },
      {
        "x_cat": "I",
        "y_cat": "L"
      },
      {
        "x_cat": "H",
        "y_cat": "K"
      },
      {
        "x_cat": "M",
        "y_cat": "K"
      },
      {
        "x_cat": "L",
        "y_cat": "K"
      },
      {
        "x_cat": "K",
        "y_cat": "I"
      },
      {
        "x_cat": "O",
        "y_cat": "N"
      },
      {
        "x_cat": "K",
        "y_cat": "L"
      },
      {
        "x_cat": "M",
        "y_cat": "M"
      },
      {
        "x_cat": "L",
        "y_cat": "M"
      },
      {
        "x_cat": "L",
        "y_cat": "N"
      },
      {
        "x_cat": "L",
        "y_cat": "N"
      },
      {
        "x_cat": "M",
        "y_cat": "K"
      },
      {
        "x_cat": "N",
        "y_cat": "N"
      },
      {
        "x_cat": "K",
        "y_cat": "M"
      },
      {
        "x_cat": "K",
        "y_cat": "J"
      },
      {
        "x_cat": "N",
        "y_cat": "I"
      },
      {
        "x_cat": "O",
        "y_cat": "L"
      },
      {
        "x_cat": "O",
        "y_cat": "N"
      },
      {
        "x_cat": "N",
        "y_cat": "N"
      },
      {
        "x_cat": "K",
        "y_cat": "M"
      },
      {
        "x_cat": "L",
        "y_cat": "L"
      },
      {
        "x_cat": "J",
        "y_cat": "J"
      },
      {
        "x_cat": "K",
        "y_cat": "L"
      },
      {
        "x_cat": "I",
        "y_cat": "K"
      },
      {
        "x_cat": "M",
        "y_cat": "M"
      },
      {
        "x_cat": "L",
        "y_cat": "M"
      },
      {
        "x_cat": "K",
        "y_cat": "N"
      },
      {
        "x_cat": "I",
        "y_cat": "K"
      },
      {
        "x_cat": "L",
        "y_cat": "L"
      },
      {
        "x_cat": "J",
        "y_cat": "J"
      },
      {
        "x_cat": "M",
        "y_cat": "M"
      }
    ]
  },
  "facet": {
    "column": {
      "field": "x_cat",
      "type": "nominal"
    }
  },
  "spec": {
    "encoding": {
      "color": {
        "field": "y_cat",
        "type": "nominal"
      },
      "x": {
        "field": "y_cat",
        "type": "nominal"
      },
      "y": {
        "aggregate": "count",
        "type": "quantitative"
      }
    },
    "height": 600,
    "mark": "bar",
    "width": 88
  }
}