{
  "config": {
    "view": {
      "continuousHeight": 300,
      "continuousWidth": 400
    }
  },
  "data": {
    "values": [
      {
        "Trial A": -2.4369144438399,
        "Trial B": -4.9946128602276,
        "Trial C": 2.0000359814574
      },
      {
        "Trial A": -1.8913823584176,
        "Trial B": -4.115117219485,
        "Trial C": 2.0129059685526
      },
      {
        "Trial A": -1.6382214730377,
        "Trial B": -3.8389636949559,
        "Trial C": 2.0264369165145
      },
      {
        "Trial A": -1.4754520312011,
        "Trial B": -3.7411177568048,
        "Trial C": 2.0331785989809
      },
      {
        "Trial A": -1.3815404369206,
        "Trial B": -3.6480930370882,
        "Trial C": 2.0375551542722
      },
      {
        "Trial A": -1.3065208516794,
        "Trial B": -3.5921124081782,
        "Trial C": 2.0460261542233
      },
      {
        "Trial A": -1.2570898463644,
        "Trial B": -3.5102842668157,
        "Trial C": 2.058268016049
      },
      {
        "Trial A": -1.1936298568583,
        "Trial B": -3.4470927440745,
        "Trial C": 2.0663331498526
      },
      {
        "Trial A": -1.1361360735487,
        "Trial B": -3.381316713675,
        "Trial C": 2.0765412724401
      },
      {
        "Trial A": -1.0787337054606,
        "Trial B": -3.3172236186959,
        "Trial C": 2.0853890610502
      },
      {
        "Trial A": -1.0393138602864,
        "Trial B": -3.2418214737509,
        "Trial C": 2.0954691550895
      },
      {
        "Trial A": -0.9809943945764,
        "Trial B": -3.1730594970647,
        "Trial C": 2.1076936901522
      },
      {
        "Trial A": -0.9448175990807,
        "Trial B": -3.1172709953388,
        "Trial C": 2.1203135535267
      },
      {
        "Trial A": -0.9187480554306,
        "Trial B": -3.0642216256247,
        "Trial C": 2.1341897380077
      },
      {
        "Trial A": -0.8799132397729,
        "Trial B": -3.0238129209283,
        "Trial C": 2.1418984547201
      },
      {
        "Trial A": -0.8392416285518,
        "Trial B": -2.9982902884114,
        "Trial C": 2.1536542510381
      },
      {
        "Trial A": -0.7974824587952,
        "Trial B": -2.9680987490634,
        "Trial C": 2.1663579951758
      },
      {
        "Trial A": -0.7653760762293,
        "Trial B": -2.926692913235,
        "Trial C": 2.1747143376864
      },
      {
        "Trial A": -0.7368809561982,
        "Trial B": -2.8803856824121,
        "Trial C": 2.1854355775007
      },
      {
        "Trial A": -0.7134238910825,
        "Trial B": -2.8543663081373,
        "Trial C": 2.1942879157259
      },
      {
        "Trial A": -0.6894316370114,
        "Trial B": -2.8218055253414,
        "Trial C": 2.2023730450643
      },
      {
        "Trial A": -0.6652675366845,
        "Trial B": -2.7999490822589,
        "Trial C": 2.2088528633741
      },
      {
        "Trial A": -0.6429642887967,
        "Trial B": -2.7743311359093,
        "Trial C": 2.2161481761404
      },
      {
        "Trial A": -0.6133371094964,
        "Trial B": -2.7399820686533,
        "Trial C": 2.2253789662177
      },
      {
        "Trial A": -0.592149985724,
        "Trial B": -2.7101389216609,
        "Trial C": 2.2313999818331
      },
      {
        "Trial A": -0.5587360474879,
        "Trial B": -2.653849783817,
        "Trial C": 2.2413418007463
      },
      {
        "Trial A": -0.5448209682582,
        "Trial B": -2.6184367528374,
        "Trial C": 2.252567627098
      },
      {
        "Trial A": -0.5264908509704,
        "Trial B": -2.5907513015245,
        "Trial C": 2.2619989784047
      },
      {
        "Trial A": -0.5090332348699,
        "Trial B": -2.5623409890389,
        "Trial C": 2.2694814928071
      },
      {
        "Trial A": -0.4729974218697,
        "Trial B": -2.5228025592245,
        "Trial C": 2.2827276190335
      },
      {
        "Trial A": -0.4349733003336,
        "Trial B": -2.492949723973,
        "Trial C": 2.2940483197508
      },
      {
        "Trial A": -0.4149254609164,
        "Trial B": -2.4674571804758,
        "Trial C": 2.302625875893
      },
      {
        "Trial A": -0.4001861264333,
        "Trial B": -2.4334573360784,
        "Trial C": 2.3096471946179
      },
      {
        "Trial A": -0.3740093583075,
        "Trial B": -2.4049625068751,
        "Trial C": 2.321583832626
      },
      {
        "Trial A": -0.3593857375873,
        "Trial B": -2.3915987636299,
        "Trial C": 2.3371868197727
      },
      {
        "Trial A": -0.3338908038689,
        "Trial B": -2.3553516977524,
        "Trial C": 2.3477507005082
      },
      {
        "Trial A": -0.3184444893641,
        "Trial B": -2.3293199669153,
        "Trial C": 2.3537261423541
      },
      {
        "Trial A": -0.3077857167815,
        "Trial B": -2.3065958949378,
        "Trial C": 2.372169929256
      },
      {
        "Trial A": -0.2921949187627,
        "Trial B": -2.280398368095,
        "Trial C": 2.3847888872291
      },
      {
        "Trial A": -0.2789877154412,
        "Trial B": -2.2610186718823,
        "Trial C": 2.3904268350224
      },
      {
        "Trial A": -0.2493775699543,
        "Trial B": -2.2132611814972,
        "Trial C": 2.4007652261725
      },
      {
        "Trial A": -0.2354226436608,
        "Trial B": -2.1832537881081,
        "Trial C": 2.408148604407
      },
      {
        "Trial A": -0.210086435937,
        "Trial B": -2.1576685676364,
        "Trial C": 2.4201459093913
      },
      {
        "Trial A": -0.1825746055898,
        "Trial B": -2.1344293401486,
        "Trial C": 2.4292553102082
      },
      {
        "Trial A": -0.1681259542581,
        "Trial B": -2.1063103207542,
        "Trial C": 2.4362618771432
      },
      {
        "Trial A": -0.1447750499218,
        "Trial B": -2.0859931020467,
        "Trial C": 2.4441213334125
      },
      {
        "Trial A": -0.117518375756,
        "Trial B": -2.0603220155856,
        "Trial C": 2.4578019318913
      },
      {
        "Trial A": -0.0942388886496,
        "Trial B": -2.0355063567572,
        "Trial C": 2.4711385723106
      },
      {
        "Trial A": -0.0868339821919,
        "Trial B": -2.0152581784412,
        "Trial C": 2.4937226976957
      },
      {
        "Trial A": -0.0610394972624,
        "Trial B": -1.9882568143206,
        "Trial C": 2.5033448089119
      },
      {
        "Trial A": -0.0464224278397,
        "Trial B": -1.9739380064595,
        "Trial C": 2.5122003532919
      },
      {
        "Trial A": -0.0334350702573,
        "Trial B": -1.9605215463049,
        "Trial C": 2.5241095499393
      },
      {
        "Trial A": -0.0131024230217,
        "Trial B": -1.9394351171117,
        "Trial C": 2.5349387927799
      },
      {
        "Trial A": 0.0094747593931,
        "Trial B": -1.9145694598559,
        "Trial C": 2.543371965709
      },
      {
        "Trial A": 0.0249336335592,
        "Trial B": -1.901085338175,
        "Trial C": 2.5519037179339
      },
      {
        "Trial A": 0.0413933173054,
        "Trial B": -1.8763917347559,
        "Trial C": 2.5654533667366
      },
      {
        "Trial A": 0.06587859544,
        "Trial B": -1.8495754620902,
        "Trial C": 2.5696014894064
      },
      {
        "Trial A": 0.0849621007662,
        "Trial B": -1.8348317138289,
        "Trial C": 2.5807487443729
      },
      {
        "Trial A": 0.1244288591423,
        "Trial B": -1.807214320699,
        "Trial C": 2.588839709368
      },
      {
        "Trial A": 0.1423891991043,
        "Trial B": -1.789028118986,
        "Trial C": 2.6001707237349
      },
      {
        "Trial A": 0.1576970851322,
        "Trial B": -1.773557332781,
        "Trial C": 2.6109173972914
      },
      {
        "Trial A": 0.1804737520166,
        "Trial B": -1.7533053879438,
        "Trial C": 2.6213667698231
      },
      {
        "Trial A": 0.1985405653542,
        "Trial B": -1.718531696111,
        "Trial C": 2.6309573653468
      },
      {
        "Trial A": 0.2221557868066,
        "Trial B": -1.6925621356501,
        "Trial C": 2.6376021033437
      },
      {
        "Trial A": 0.2423035361278,
        "Trial B": -1.6640937109423,
        "Trial C": 2.649829829613
      },
      {
        "Trial A": 0.2567018719533,
        "Trial B": -1.6208627448968,
        "Trial C": 2.6628564221642
      },
      {
        "Trial A": 0.2817060154062,
        "Trial B": -1.5946375895558,
        "Trial C": 2.6692012484879
      },
      {
        "Trial A": 0.2962477562245,
        "Trial B": -1.5747166760451,
        "Trial C": 2.6787851598275
      },
      {
        "Trial A": 0.3128348786411,
        "Trial B": -1.5433338258824,
        "Trial C": 2.6864066889398
      },
      {
        "Trial A": 0.3239191321664,
        "Trial B": -1.5204927015757,
        "Trial C": 2.6941181749048
      },
      {
        "Trial A": 0.3438117562534,
        "Trial B": -1.4905372063842,
        "Trial C": 2.698821974475
      },
      {
        "Trial A": 0.3622912083508,
        "Trial B": -1.4651041777351,
        "Trial C": 2.7065258419712
      },
      {
        "Trial A": 0.3824632488103,
        "Trial B": -1.4538321669123,
        "Trial C": 2.7134513537394
      },
      {
        "Trial A": 0.416903497476,
        "Trial B": -1.4303821201338,
        "Trial C": 2.7213827827848
      },
      {
        "Trial A": 0.4463396580324,
        "Trial B": -1.3969207817272,
        "Trial C": 2.7282560126843
      },
      {
        "Trial A": 0.4855604815107,
        "Trial B": -1.3745199449884,
        "Trial C": 2.7391700840504
      },
      {
        "Trial A": 0.5149858072626,
        "Trial B": -1.331274048344,
        "Trial C": 2.7516486462357
      },
      {
        "Trial A": 0.5442778954188,
        "Trial B": -1.2832033728299,
        "Trial C": 2.7602059439534
      },
      {
        "Trial A": 0.567618793457,
        "Trial B": -1.2349696593084,
        "Trial C": 2.7685401500223
      },
      {
        "Trial A": 0.6135387352988,
        "Trial B": -1.2220919748288,
        "Trial C": 2.7857774621072
      },
      {
        "Trial A": 0.6307174330881,
        "Trial B": -1.173432002733,
        "Trial C": 2.7980680197411
      },
      {
        "Trial A": 0.6575601728108,
        "Trial B": -1.1241084131874,
        "Trial C": 2.8055265510066
      },
      {
        "Trial A": 0.6912971217622,
        "Trial B": -1.1090039215066,
        "Trial C": 2.8148913354615
      },
      {
        "Trial A": 0.721370860863,
        "Trial B": -1.0721460529524,
        "Trial C": 2.8270574386997
      },
      {
        "Trial A": 0.7495667807316,
        "Trial B": -1.0369500525693,
        "Trial C": 2.8361075994228
      },
      {
        "Trial A": 0.7613433317327,
        "Trial B": -0.9975790422263,
        "Trial C": 2.8423126188093
      },
      {
        "Trial A": 0.8100539449383,
        "Trial B": -0.9582343223655,
        "Trial C": 2.8502796207622
      },
      {
        "Trial A": 0.8520762322738,
        "Trial B": -0.8961910554436,
        "Trial C": 2.8624613806105
      },
      {
        "Trial A": 0.8773955005539,
        "Trial B": -0.8503380656632,
        "Trial C": 2.8709355815749
      },
      {
        "Trial A": 0.9138697067611,
        "Trial B": -0.7427226468376,
        "Trial C": 2.8804099841709
      },
      {
        "Trial A": 0.9852748408804,
        "Trial B": -0.6926676641917,
        "Trial C": 2.8950308942002
      },
      {
        "Trial A": 1.0504562823724,
        "Trial B": -0.6305043089246,
        "Trial C": 2.9032419082752
      },
      {
        "Trial A": 1.0942948649004,
        "Trial B": -0.5847753912785,
        "Trial C": 2.9077960662962
      },
      {
        "Trial A": 1.1641078972526,
        "Trial B": -0.5254539300123,
        "Trial C": 2.9194267170628
      },
      {
        "Trial A": 1.2146921534242,
        "Trial B": -0.4255130984153,
        "Trial C": 2.9298495493963
      },
      {
        "Trial A": 1.3280963264159,
        "Trial B": -0.3675572433309,
        "Trial C": 2.9413935739416
      },
      {
        "Trial A": 1.3945291804633,
        "Trial B": -0.2630708634665,
        "Trial C": 2.9586299816155
      },
      {
        "Trial A": 1.5170515594741,
        "Trial B": -0.1777392942209,
        "Trial C": 2.9721624788576
      },
      {
        "Trial A": 1.6175300379858,
        "Trial B": 0.023697761655,
        "Trial C": 2.9795596762499
      },
      {
        "Trial A": 1.8160769957797,
        "Trial B": 0.2440705463421,
        "Trial C": 2.9898285147701
      }
    ]
  },
  "encoding": {
    "x": {
      "field": "Trial A",
      "type": "quantitative"
    },
    "y": {
      "field": "Trial C",
      "type": "quantitative"
    }
  },
  "height": 600,
  "mark": "point",
  "width": 800
}