{
  "$schema": "https://vega.github.io/schema/vega-lite/v4.8.1.json",
  "config": {
    "view": {
      "continuousHeight": 300,
      "continuousWidth": 400
    }
  },
  "data": {
    "values": [
      {
        "x": 1.7640523459677,
        "y": 2.073776170899,
        "z": 1.8716591437633
      },
      {
        "x": 0.4001572083672,
        "y": -0.3372989855092,
        "z": -1.1705299861827
      },
      {
        "x": 0.9787379841057,
        "y": -0.5581818991175,
        "z": 1.1754183483235
      },
      {
        "x": 2.2408931992015,
        "y": 1.6786383700364,
        "z": 1.8692873741136
      },
      {
        "x": 1.86755799015,
        "y": 0.2680468668474,
        "z": 0.0902364731988
      },
      {
        "x": -0.9772778798764,
        "y": -0.1528879495323,
        "z": -1.2379130685482
      },
      {
        "x": 0.9500884175256,
        "y": 3.4415746197232,
        "z": 4.4138369525645
      },
      {
        "x": -0.1513572082977,
        "y": 0.8604979552327,
        "z": 2.2919696392777
      },
      {
        "x": -0.1032188517936,
        "y": -0.3844567912265,
        "z": -0.6295298344857
      },
      {
        "x": 0.4105985019384,
        "y": 0.4273050095413,
        "z": -0.1959488005708
      }
    ]
  },
  "encoding": {
    "color": {
      "field": "z",
      "scale": {
        "range": [
          "#F271B8",
          "#00B4D7"
        ],
        "type": "linear"
      },
      "type": "quantitative"
    },
    "x": {
      "field": "y",
      "type": "quantitative"
    },
    "y": {
      "field": "x",
      "type": "quantitative"
    }
  },
  "height": 600,
  "mark": {
    "opacity": 1.0,
    "type": "point"
  },
  "width": 800
}