{
  "config": {
    "view": {
      "continuousHeight": 300,
      "continuousWidth": 400
    }
  },
  "data": {
    "values": [
      {
        "x": 1.7640523459677,
        "y": 2.073776170899
      },
      {
        "x": 0.4001572083672,
        "y": -0.3372989855092
      },
      {
        "x": 0.9787379841057,
        "y": -0.5581818991175
      },
      {
        "x": 2.2408931992015,
        "y": 1.6786383700364
      },
      {
        "x": 1.86755799015,
        "y": 0.2680468668474
      },
      {
        "x": -0.9772778798764,
        "y": -0.1528879495323
      },
      {
        "x": 0.9500884175256,
        "y": 3.4415746197232
      },
      {
        "x": -0.1513572082977,
        "y": 0.8604979552327
      },
      {
        "x": -0.1032188517936,
        "y": -0.3844567912265
      },
      {
        "x": 0.4105985019384,
        "y": 0.4273050095413
      },
      {
        "x": 0.1440435711609,
        "y": 1.297963240307
      },
      {
        "x": 1.454273506963,
        "y": 0.8533584705463
      },
      {
        "x": 0.761037725147,
        "y": 0.8939749922494
      },
      {
        "x": 0.1216750164928,
        "y": -2.0482994108438
      },
      {
        "x": 0.4438632327454,
        "y": -0.6726956437497
      },
      {
        "x": 0.3336743273743,
        "y": -0.235693678282
      },
      {
        "x": 1.4940790731576,
        "y": 2.1303457732641
      },
      {
        "x": -0.2051582637658,
        "y": -0.9728074934078
      },
      {
        "x": 0.3130677016509,
        "y": 0.9315471849795
      },
      {
        "x": -0.8540957393017,
        "y": -0.670934519146
      },
      {
        "x": -2.5529898158341,
        "y": -0.6936385428398
      },
      {
        "x": 0.6536185954404,
        "y": -0.4218960394842
      },
      {
        "x": 0.8644361988595,
        "y": -1.1547835119851
      },
      {
        "x": -0.7421650204064,
        "y": -3.1796294781723
      },
      {
        "x": 2.2697546239876,
        "y": 2.1211911141018
      },
      {
        "x": -1.4543656745988,
        "y": -0.3032142129878
      },
      {
        "x": 0.0457585173014,
        "y": 0.2310819006998
      },
      {
        "x": -0.1871838500258,
        "y": 0.4712770761459
      },
      {
        "x": 1.5327792143585,
        "y": 1.4832431124633
      },
      {
        "x": 1.4693587699003,
        "y": 1.7067576194227
      },
      {
        "x": 0.1549474256969,
        "y": -1.3566328974446
      },
      {
        "x": 0.3781625196022,
        "y": 2.3105328522663
      },
      {
        "x": -0.8877857476301,
        "y": -0.4053637136083
      },
      {
        "x": -1.9807964682239,
        "y": -3.2965795172084
      },
      {
        "x": -0.3479121493262,
        "y": -2.3115272119897
      },
      {
        "x": 0.156348969104,
        "y": 0.6894171529475
      },
      {
        "x": 1.2302906807277,
        "y": 1.1209674637482
      },
      {
        "x": 1.2023798487844,
        "y": 0.9191964293302
      },
      {
        "x": -0.387326817408,
        "y": 1.0464170280014
      },
      {
        "x": -0.3023027505753,
        "y": -0.8709199909249
      },
      {
        "x": -1.0485529650671,
        "y": -1.8983994280803
      },
      {
        "x": -1.420017937179,
        "y": -0.6955714404079
      },
      {
        "x": -1.706270190625,
        "y": -1.1003718426488
      },
      {
        "x": 1.9507753952318,
        "y": 0.6605169143393
      },
      {
        "x": -0.5096521817517,
        "y": 0.2797809247152
      },
      {
        "x": -0.4380743016112,
        "y": 1.5228394427033
      },
      {
        "x": -1.2527953600499,
        "y": -1.588335168994
      },
      {
        "x": 0.7774903558319,
        "y": 0.1698781704941
      },
      {
        "x": -1.613897847558,
        "y": -2.3411397285958
      },
      {
        "x": -0.212740280214,
        "y": 0.6386683909584
      },
      {
        "x": -0.8954665611937,
        "y": -0.0070499810089
      },
      {
        "x": 0.3869024978593,
        "y": -0.7244208135525
      },
      {
        "x": -0.5108051375689,
        "y": 0.6270392274827
      },
      {
        "x": -1.1806321841224,
        "y": 0.0949170952881
      },
      {
        "x": -0.0281822283387,
        "y": 0.2664171834287
      },
      {
        "x": 0.4283318705304,
        "y": -1.7573476559308
      },
      {
        "x": 0.0665172223832,
        "y": 0.858894675378
      },
      {
        "x": 0.3024718977398,
        "y": -1.3225695250918
      },
      {
        "x": -0.634322093681,
        "y": 0.1055086241672
      },
      {
        "x": -0.3627411659871,
        "y": 0.651527941665
      },
      {
        "x": -0.672460447776,
        "y": 0.2857476525033
      },
      {
        "x": -0.3595531615405,
        "y": -2.9749240873007
      },
      {
        "x": -0.8131462820445,
        "y": -1.5412771097978
      },
      {
        "x": -1.7262826023317,
        "y": -0.9837841351417
      },
      {
        "x": 0.1774261422538,
        "y": 0.0952821821373
      },
      {
        "x": -0.4017809362083,
        "y": -1.9266828091726
      },
      {
        "x": -1.630198346966,
        "y": -2.0683773984507
      },
      {
        "x": 0.4627822555258,
        "y": 0.4573905966559
      },
      {
        "x": -0.9072983643832,
        "y": -2.6193832264216
      },
      {
        "x": 0.0519453957961,
        "y": 1.7575316982829
      },
      {
        "x": 0.7290905621775,
        "y": 1.54028042494
      },
      {
        "x": 0.1289829107574,
        "y": 0.2783438231103
      },
      {
        "x": 1.1394006845433,
        "y": 0.4039450030325
      },
      {
        "x": -1.2348258203537,
        "y": -1.5477923476867
      },
      {
        "x": 0.4023416411775,
        "y": -0.2510745731677
      },
      {
        "x": -0.6848100909403,
        "y": -1.6760358279354
      },
      {
        "x": -0.8707971491819,
        "y": -0.7218307684833
      },
      {
        "x": -0.5788496647644,
        "y": 0.5244739361307
      },
      {
        "x": -0.3115525321274,
        "y": -0.5016013307088
      },
      {
        "x": 0.0561653422297,
        "y": -0.356098538434
      },
      {
        "x": -1.1651498407834,
        "y": -0.9865296419574
      },
      {
        "x": 0.9008264869542,
        "y": 1.6825076399311
      },
      {
        "x": 0.4656624397305,
        "y": -0.0589779628351
      },
      {
        "x": -1.5362436862772,
        "y": -2.9173403841853
      },
      {
        "x": 1.4882521937956,
        "y": 2.4337283773358
      },
      {
        "x": 1.8958891760306,
        "y": 0.5341980960848
      },
      {
        "x": 1.1787795711597,
        "y": 1.7137672026129
      },
      {
        "x": -0.1799248358124,
        "y": -0.2758841332202
      },
      {
        "x": -1.0707526215105,
        "y": -1.9671595051026
      },
      {
        "x": 1.0544517269311,
        "y": 2.4416331627051
      },
      {
        "x": -0.4031769469732,
        "y": 0.5942161144989
      },
      {
        "x": 1.2224450703824,
        "y": 1.7989127077716
      },
      {
        "x": 0.2082749780769,
        "y": 0.6482758165626
      },
      {
        "x": 0.9766390364837,
        "y": 1.4521091409655
      },
      {
        "x": 0.3563663971744,
        "y": -0.6272109386002
      },
      {
        "x": 0.7065731681919,
        "y": 0.1445794563593
      },
      {
        "x": 0.0105000207208,
        "y": -1.6305031987087
      },
      {
        "x": 1.7858704939058,
        "y": 2.0781532309482
      },
      {
        "x": 0.1269120927036,
        "y": 1.5600169837717
      },
      {
        "x": 0.4019893634447,
        "y": 0.0182780619822
      },
      {
        "x": 1.8831506970563,
        "y": 2.1206432893776
      },
      {
        "x": -1.3477590611424,
        "y": -1.8805142277334
      },
      {
        "x": -1.2704849984857,
        "y": -1.7416648413289
      },
      {
        "x": 0.969396708158,
        "y": 0.6293121789746
      },
      {
        "x": -1.1731234051142,
        "y": -2.6363290691761
      },
      {
        "x": 1.9436211856493,
        "y": 3.0822194413568
      },
      {
        "x": -0.4136189807597,
        "y": -0.4186438104874
      },
      {
        "x": -0.7474548114408,
        "y": 0.224132885758
      },
      {
        "x": 1.9229420264804,
        "y": 2.225283250158
      },
      {
        "x": 1.4805147914344,
        "y": 0.6742790851755
      },
      {
        "x": 1.8675589604266,
        "y": 1.5506470125082
      },
      {
        "x": 0.9060446582754,
        "y": -0.680820544461
      },
      {
        "x": -0.8612256850547,
        "y": -0.0725386009661
      },
      {
        "x": 1.910064953099,
        "y": 2.0472897273554
      },
      {
        "x": -0.2680033709514,
        "y": -1.0531838961783
      },
      {
        "x": 0.8024563957964,
        "y": -0.7041138148229
      },
      {
        "x": 0.9472519677737,
        "y": 0.3708421312225
      },
      {
        "x": -0.1550100930908,
        "y": -1.2622985151189
      },
      {
        "x": 0.6140793703461,
        "y": 0.7493619018242
      },
      {
        "x": 0.9222066715665,
        "y": -0.1305709445325
      },
      {
        "x": 0.3764255311556,
        "y": 2.4287189561428
      },
      {
        "x": -1.0994007905842,
        "y": -0.1140918711582
      },
      {
        "x": 0.2982381742061,
        "y": -0.0746019437285
      },
      {
        "x": 1.326385896687,
        "y": -0.1598499059856
      },
      {
        "x": -0.6945678597314,
        "y": -0.8062292366727
      },
      {
        "x": -0.1496345403277,
        "y": -2.1092498955608
      },
      {
        "x": -0.4351535517216,
        "y": 0.6255476966841
      },
      {
        "x": 1.8492637284793,
        "y": 2.640561676118
      },
      {
        "x": 0.6722947570124,
        "y": 2.1209395016093
      },
      {
        "x": 0.4074618362411,
        "y": -0.149192672624
      },
      {
        "x": -0.7699160744453,
        "y": 0.0356482749622
      },
      {
        "x": 0.5392491912918,
        "y": 1.923290140727
      },
      {
        "x": -0.6743326606574,
        "y": -1.1099973568994
      },
      {
        "x": 0.0318305582744,
        "y": -0.7020112740058
      },
      {
        "x": -0.6358460783789,
        "y": 0.7122671107606
      },
      {
        "x": 0.6764332949465,
        "y": 0.8219097213514
      },
      {
        "x": 0.5765908166149,
        "y": 1.001888701524
      },
      {
        "x": -0.208298755578,
        "y": -0.29633857757
      },
      {
        "x": 0.3960067126616,
        "y": -0.8524667612264
      },
      {
        "x": -1.0930615087305,
        "y": 0.0115357130592
      },
      {
        "x": -1.4912575927056,
        "y": -3.5206435156406
      },
      {
        "x": 0.4393917012645,
        "y": 1.4373676197533
      },
      {
        "x": 0.1666734953725,
        "y": -0.1125649731091
      },
      {
        "x": 0.6350314368921,
        "y": 0.4473989853597
      },
      {
        "x": 2.3831447748639,
        "y": 1.8506039803031
      },
      {
        "x": 0.9444794869904,
        "y": 1.4713299297068
      },
      {
        "x": -0.9128222254442,
        "y": -0.5040772065407
      },
      {
        "x": 1.1170162880959,
        "y": 2.7285147792709
      },
      {
        "x": -1.3159074105115,
        "y": -1.4999796499258
      },
      {
        "x": -0.4615846048147,
        "y": -0.6436457157758
      },
      {
        "x": -0.0682416053246,
        "y": -0.4220367861164
      },
      {
        "x": 1.7133427216494,
        "y": 1.8172738274349
      },
      {
        "x": -0.7447548220484,
        "y": -1.1937353514468
      },
      {
        "x": -0.826438538659,
        "y": 0.3288278460563
      },
      {
        "x": -0.0984525244254,
        "y": 1.2719476178047
      },
      {
        "x": -0.6634782863621,
        "y": -2.5858643991886
      },
      {
        "x": 1.1266359221065,
        "y": -0.1622247965874
      },
      {
        "x": -1.0799315083634,
        "y": -2.0987150418428
      },
      {
        "x": -1.1474686524111,
        "y": -0.4858523215842
      },
      {
        "x": -0.4378200447444,
        "y": -1.3298585756597
      },
      {
        "x": -0.4980324506923,
        "y": 0.053856941234
      },
      {
        "x": 1.929532053817,
        "y": 3.3008620220679
      },
      {
        "x": 0.9494208069258,
        "y": 1.7203062462299
      },
      {
        "x": 0.0875512413852,
        "y": -0.9572670124541
      },
      {
        "x": -1.2254355188302,
        "y": -2.425339982104
      },
      {
        "x": 0.8443629764015,
        "y": -1.8236983721645
      },
      {
        "x": -1.0002153473896,
        "y": -0.5102032723491
      },
      {
        "x": -1.5447710967776,
        "y": -2.7998100720745
      },
      {
        "x": 1.1880297923523,
        "y": 1.2304241571604
      },
      {
        "x": 0.3169426119248,
        "y": 0.5477307985892
      },
      {
        "x": 0.9208588237808,
        "y": -0.3889155832795
      },
      {
        "x": 0.318727652943,
        "y": 1.2621203890982
      },
      {
        "x": 0.8568306119027,
        "y": -0.1791360539742
      },
      {
        "x": -0.6510255933001,
        "y": -1.2451815542792
      },
      {
        "x": -1.0342428417845,
        "y": -2.2165185502094
      },
      {
        "x": 0.6815945182816,
        "y": 0.7306341640716
      },
      {
        "x": -0.8034096641738,
        "y": -1.4680533364837
      },
      {
        "x": -0.6895497777502,
        "y": 1.5805090147046
      },
      {
        "x": -0.4555325035173,
        "y": -1.0991265635092
      },
      {
        "x": 0.0174791590251,
        "y": 0.2038529809755
      },
      {
        "x": -0.3539939112535,
        "y": -0.6343086698742
      },
      {
        "x": -1.374951293418,
        "y": -0.4882926914881
      },
      {
        "x": -0.6436184028329,
        "y": -0.6397093821145
      },
      {
        "x": -2.2234031522244,
        "y": -3.6851744755847
      },
      {
        "x": 0.6252314510272,
        "y": 0.8241073835564
      },
      {
        "x": -1.6020576556067,
        "y": -1.1620827367572
      },
      {
        "x": -1.1043833394285,
        "y": -2.3835186452937
      },
      {
        "x": 0.052165079261,
        "y": -0.9906286665873
      },
      {
        "x": -0.7395629963913,
        "y": -1.3951701036709
      },
      {
        "x": 1.5430145954067,
        "y": 1.8001688039074
      },
      {
        "x": -1.2928569097234,
        "y": -1.6496661822715
      },
      {
        "x": 0.2670508693492,
        "y": -1.9851959891088
      },
      {
        "x": -0.0392828182275,
        "y": -0.7995583230352
      },
      {
        "x": -1.1680934977412,
        "y": -0.0329375657283
      },
      {
        "x": 0.5232766605318,
        "y": 1.1559577707983
      },
      {
        "x": -0.1715463312222,
        "y": 0.4823168547572
      },
      {
        "x": 0.7717905512137,
        "y": 0.7157220531967
      },
      {
        "x": 0.8235041539637,
        "y": 2.9965000737427
      },
      {
        "x": 2.1632359492807,
        "y": 2.0945051723416
      },
      {
        "x": 1.3365279494364,
        "y": 1.1052086492914
      },
      {
        "x": -0.3691818379424,
        "y": -0.8415280190362
      },
      {
        "x": -0.2393791775759,
        "y": -0.6380670281476
      },
      {
        "x": 1.0996595958871,
        "y": 1.8819402054849
      },
      {
        "x": 0.6552637307226,
        "y": -1.4287363285231
      },
      {
        "x": 0.6401315260976,
        "y": -0.5450866212485
      },
      {
        "x": -1.6169560443108,
        "y": -0.2161783988307
      },
      {
        "x": -0.0243261243989,
        "y": -0.8000896599294
      },
      {
        "x": -0.7380309092057,
        "y": -1.8656125233543
      },
      {
        "x": 0.2799245990432,
        "y": 0.1126761868164
      },
      {
        "x": -0.098150389643,
        "y": -0.846448950721
      },
      {
        "x": 0.9101789080926,
        "y": 1.2030496373515
      },
      {
        "x": 0.3172182151913,
        "y": -0.87911361968
      },
      {
        "x": 0.786327962109,
        "y": 2.2854291428003
      },
      {
        "x": -0.4664190967359,
        "y": -1.7773493035206
      },
      {
        "x": -0.9444462559183,
        "y": -1.0283928409632
      },
      {
        "x": -0.4100496932025,
        "y": -0.3542288770801
      },
      {
        "x": -0.0170204138614,
        "y": 0.2293715625025
      },
      {
        "x": 0.3791517355551,
        "y": 0.318545173469
      },
      {
        "x": 2.2593089506909,
        "y": 2.2535296013012
      },
      {
        "x": -0.0422571516606,
        "y": -0.1122595174106
      },
      {
        "x": -0.9559450004928,
        "y": 0.3497385174768
      },
      {
        "x": -0.3459817756994,
        "y": -0.4713805313112
      },
      {
        "x": -0.4635959746461,
        "y": 0.499957230322
      },
      {
        "x": 0.4814814737735,
        "y": -0.2507833543575
      },
      {
        "x": -1.5407970144446,
        "y": -1.5432158057207
      },
      {
        "x": 0.0632619942003,
        "y": -0.0669083918934
      },
      {
        "x": 0.1565065379654,
        "y": 1.1569775576278
      },
      {
        "x": 0.2321810362003,
        "y": -0.3544208511183
      },
      {
        "x": -0.5973160689654,
        "y": -1.2890386054892
      },
      {
        "x": -0.237921729736,
        "y": -0.3940021440919
      },
      {
        "x": -1.4240609089825,
        "y": -1.4452642959171
      },
      {
        "x": -0.4933198833622,
        "y": -2.5956704588427
      },
      {
        "x": -0.5428614760167,
        "y": -1.401342264941
      },
      {
        "x": 0.4160500462614,
        "y": 1.5262220791127
      },
      {
        "x": -1.1561824318219,
        "y": -1.4107562060689
      },
      {
        "x": 0.78119810171,
        "y": 0.5395723697356
      },
      {
        "x": 1.4944845444914,
        "y": 2.0647299593366
      },
      {
        "x": -2.0699850250135,
        "y": -1.5294497329994
      },
      {
        "x": 0.4262587307781,
        "y": 2.1655341626568
      },
      {
        "x": 0.6769080350302,
        "y": 1.3081518377667
      },
      {
        "x": -0.6374370255522,
        "y": -1.0777216241538
      },
      {
        "x": -0.3972718143288,
        "y": -0.3422352226532
      },
      {
        "x": -0.132880577587,
        "y": 0.641223751277
      },
      {
        "x": -0.2977908794017,
        "y": 0.6638780148671
      },
      {
        "x": -0.3090129690471,
        "y": -1.2116368269333
      },
      {
        "x": -1.67600380633,
        "y": -1.0062205533422
      },
      {
        "x": 1.1523315647831,
        "y": 2.9194631471483
      },
      {
        "x": 1.0796185920368,
        "y": 0.9061977296123
      },
      {
        "x": -0.8133642592042,
        "y": -0.802053996842
      },
      {
        "x": -1.4664243278025,
        "y": -2.3918868404472
      }
    ]
  },
  "encoding": {
    "x": {
      "field": "y",
      "type": "quantitative"
    },
    "y": {
      "field": "x",
      "type": "quantitative"
    }
  },
  "height": 600,
  "mark": {
    "opacity": 0.5,
    "type": "circle"
  },
  "width": 800
}