{
  "$schema": "https://vega.github.io/schema/vega-lite/v4.8.1.json",
  "config": {
    "view": {
      "continuousHeight": 300,
      "continuousWidth": 400
    }
  },
  "data": {
    "values": [
      {
        "x_cat": "Q",
        "y_cat": "O",
        "z": 1.8716591437633
      },
      {
        "x_cat": "M",
        "y_cat": "L",
        "z": -1.1705299861827
      },
      {
        "x_cat": "M",
        "y_cat": "L",
        "z": 1.1754183483235
      },
      {
        "x_cat": "O",
        "y_cat": "N",
        "z": 1.8692873741136
      },
      {
        "x_cat": "O",
        "y_cat": "L",
        "z": 0.0902364731988
      },
      {
        "x_cat": "M",
        "y_cat": "L",
        "z": -1.2379130685482
      },
      {
        "x_cat": "L",
        "y_cat": "P",
        "z": 4.4138369525645
      },
      {
        "x_cat": "L",
        "y_cat": "N",
        "z": 2.2919696392777
      },
      {
        "x_cat": "M",
        "y_cat": "L",
        "z": -0.6295298344857
      },
      {
        "x_cat": "L",
        "y_cat": "M",
        "z": -0.1959488005708
      },
      {
        "x_cat": "N",
        "y_cat": "N",
        "z": 0.9019643743014
      },
      {
        "x_cat": "M",
        "y_cat": "M",
        "z": -0.5051639317355
      },
      {
        "x_cat": "L",
        "y_cat": "N",
        "z": 2.2165775199164
      },
      {
        "x_cat": "L",
        "y_cat": "K",
        "z": -2.0448554724095
      },
      {
        "x_cat": "O",
        "y_cat": "K",
        "z": -0.6728924138582
      },
      {
        "x_cat": "N",
        "y_cat": "K",
        "z": 1.2980102771284
      },
      {
        "x_cat": "O",
        "y_cat": "O",
        "z": 1.3572635254399
      },
      {
        "x_cat": "M",
        "y_cat": "L",
        "z": -1.3740624305789
      },
      {
        "x_cat": "K",
        "y_cat": "N",
        "z": 0.8161904206068
      },
      {
        "x_cat": "I",
        "y_cat": "L",
        "z": 0.340620929842
      },
      {
        "x_cat": "H",
        "y_cat": "K",
        "z": 0.8195969792161
      },
      {
        "x_cat": "M",
        "y_cat": "K",
        "z": 0.4951725817138
      },
      {
        "x_cat": "L",
        "y_cat": "K",
        "z": -0.4258904401972
      },
      {
        "x_cat": "K",
        "y_cat": "I",
        "z": -2.6275973351618
      },
      {
        "x_cat": "O",
        "y_cat": "N",
        "z": -0.6820429705432
      },
      {
        "x_cat": "K",
        "y_cat": "L",
        "z": -0.6992673911579
      },
      {
        "x_cat": "M",
        "y_cat": "M",
        "z": -0.482061721384
      },
      {
        "x_cat": "L",
        "y_cat": "M",
        "z": 1.7721107448472
      },
      {
        "x_cat": "L",
        "y_cat": "N",
        "z": 0.930377319644
      },
      {
        "x_cat": "L",
        "y_cat": "N",
        "z": 3.7776550293272
      },
      {
        "x_cat": "M",
        "y_cat": "K",
        "z": -1.722541227538
      },
      {
        "x_cat": "N",
        "y_cat": "N",
        "z": 1.4129028106102
      },
      {
        "x_cat": "K",
        "y_cat": "M",
        "z": 1.0395727674127
      },
      {
        "x_cat": "K",
        "y_cat": "J",
        "z": -3.1236376630437
      },
      {
        "x_cat": "N",
        "y_cat": "I",
        "z": -2.028838715706
      },
      {
        "x_cat": "O",
        "y_cat": "L",
        "z": 1.7802867162127
      },
      {
        "x_cat": "O",
        "y_cat": "N",
        "z": 0.9196193021047
      },
      {
        "x_cat": "N",
        "y_cat": "N",
        "z": 0.2385106742609
      },
      {
        "x_cat": "K",
        "y_cat": "M",
        "z": 1.8496920517348
      },
      {
        "x_cat": "L",
        "y_cat": "L",
        "z": -1.2130838208954
      },
      {
        "x_cat": "J",
        "y_cat": "J",
        "z": -2.3708882702794
      },
      {
        "x_cat": "K",
        "y_cat": "L",
        "z": -1.3878283385668
      },
      {
        "x_cat": "I",
        "y_cat": "K",
        "z": -1.1470431063674
      },
      {
        "x_cat": "M",
        "y_cat": "M",
        "z": 0.0409368260899
      },
      {
        "x_cat": "L",
        "y_cat": "M",
        "z": 1.1493069322424
      },
      {
        "x_cat": "K",
        "y_cat": "N",
        "z": 1.3759565899373
      },
      {
        "x_cat": "I",
        "y_cat": "K",
        "z": -1.260243405926
      },
      {
        "x_cat": "L",
        "y_cat": "L",
        "z": -1.1931653290488
      },
      {
        "x_cat": "J",
        "y_cat": "J",
        "z": -1.533305425543
      },
      {
        "x_cat": "M",
        "y_cat": "M",
        "z": 1.2993324200604
      }
    ]
  },
  "facet": {
    "column": {
      "field": "y_cat",
      "type": "nominal"
    }
  },
  "spec": {
    "encoding": {
      "color": {
        "field": "x_cat",
        "type": "nominal"
      },
      "x": {
        "field": "x_cat",
        "type": "nominal"
      },
      "y": {
        "field": "z",
        "type": "quantitative"
      }
    },
    "height": 600,
    "mark": {
      "opacity": 0.5,
      "thickness": 2,
      "type": "tick"
    },
    "width": 100
  }
}