{
  "config": {
    "view": {
      "continuousHeight": 300,
      "continuousWidth": 400
    }
  },
  "data": {
    "values": [
      {
        "x_cat": "Q"
      },
      {
        "x_cat": "M"
      },
      {
        "x_cat": "M"
      },
      {
        "x_cat": "O"
      },
      {
        "x_cat": "O"
      },
      {
        "x_cat": "M"
      },
      {
        "x_cat": "L"
      },
      {
        "x_cat": "L"
      },
      {
        "x_cat": "M"
      },
      {
        "x_cat": "L"
      },
      {
        "x_cat": "N"
      },
      {
        "x_cat": "M"
      },
      {
        "x_cat": "L"
      },
      {
        "x_cat": "L"
      },
      {
        "x_cat": "O"
      },
      {
        "x_cat": "N"
      },
      {
        "x_cat": "O"
      },
      {
        "x_cat": "M"
      },
      {
        "x_cat": "K"
      },
      {
        "x_cat": "I"
      },
      {
        "x_cat": "H"
      },
      {
        "x_cat": "M"
      },
      {
        "x_cat": "L"
      },
      {
        "x_cat": "K"
      },
      {
        "x_cat": "O"
      },
      {
        "x_cat": "K"
      },
      {
        "x_cat": "M"
      },
      {
        "x_cat": "L"
      },
      {
        "x_cat": "L"
      },
      {
        "x_cat": "L"
      },
      {
        "x_cat": "M"
      },
      {
        "x_cat": "N"
      },
      {
        "x_cat": "K"
      },
      {
        "x_cat": "K"
      },
      {
        "x_cat": "N"
      },
      {
        "x_cat": "O"
      },
      {
        "x_cat": "O"
      },
      {
        "x_cat": "N"
      },
      {
        "x_cat": "K"
      },
      {
        "x_cat": "L"
      },
      {
        "x_cat": "J"
      },
      {
        "x_cat": "K"
      },
      {
        "x_cat": "I"
      },
      {
        "x_cat": "M"
      },
      {
        "x_cat": "L"
      },
      {
        "x_cat": "K"
      },
      {
        "x_cat": "I"
      },
      {
        "x_cat": "L"
      },
      {
        "x_cat": "J"
      },
      {
        "x_cat": "M"
      }
    ]
  },
  "encoding": {
    "x": {
      "field": "x_cat",
      "type": "nominal"
    },
    "y": {
      "aggregate": "count",
      "type": "quantitative"
    }
  },
  "height": 600,
  "mark": "bar",
  "width": 800
}