{
  "config": {
    "view": {
      "continuousHeight": 300,
      "continuousWidth": 400
    }
  },
  "data": {
    "values": [
      {
        "x": 1.7640523459677,
        "y": 2.073776170899
      },
      {
        "x": 0.4001572083672,
        "y": -0.3372989855092
      },
      {
        "x": 0.9787379841057,
        "y": -0.5581818991175
      },
      {
        "x": 2.2408931992015,
        "y": 1.6786383700364
      },
      {
        "x": 1.86755799015,
        "y": 0.2680468668474
      },
      {
        "x": -0.9772778798764,
        "y": -0.1528879495323
      },
      {
        "x": 0.9500884175256,
        "y": 3.4415746197232
      },
      {
        "x": -0.1513572082977,
        "y": 0.8604979552327
      },
      {
        "x": -0.1032188517936,
        "y": -0.3844567912265
      },
      {
        "x": 0.4105985019384,
        "y": 0.4273050095413
      }
    ]
  },
  "encoding": {
    "x": {
      "field": "y",
      "scale": {
        "zero": false
      },
      "type": "quantitative"
    },
    "y": {
      "field": "x",
      "scale": {
        "zero": false
      },
      "type": "quantitative"
    }
  },
  "height": 600,
  "mark": {
    "opacity": 1.0,
    "type": "point"
  },
  "width": 800
}