{
  "config": {
    "view": {
      "continuousHeight": 300,
      "continuousWidth": 400
    }
  },
  "data": {
    "values": [
      {
        "x": "0",
        "y": "0",
        "z": "0"
      },
      {
        "x": "1",
        "y": "1",
        "z": "1"
      },
      {
        "x": "2",
        "y": "2",
        "z": "2"
      },
      {
        "x": "3",
        "y": "3",
        "z": "3"
      },
      {
        "x": "4",
        "y": "4",
        "z": "4"
      },
      {
        "x": "5",
        "y": "5",
        "z": "5"
      },
      {
        "x": "6",
        "y": "6",
        "z": "6"
      },
      {
        "x": "7",
        "y": "7",
        "z": "7"
      },
      {
        "x": "8",
        "y": "8",
        "z": "8"
      },
      {
        "x": "9",
        "y": "9",
        "z": "9"
      },
      {
        "x": "-3",
        "y": "0",
        "z": "0"
      },
      {
        "x": "-2",
        "y": "1",
        "z": "1"
      },
      {
        "x": "-1",
        "y": "2",
        "z": "2"
      },
      {
        "x": "0",
        "y": "3",
        "z": "3"
      },
      {
        "x": "1",
        "y": "4",
        "z": "4"
      },
      {
        "x": "2",
        "y": "5",
        "z": "5"
      },
      {
        "x": "3",
        "y": "6",
        "z": "6"
      },
      {
        "x": "4",
        "y": "7",
        "z": "7"
      },
      {
        "x": "5",
        "y": "8",
        "z": "8"
      },
      {
        "x": "6",
        "y": "9",
        "z": "9"
      }
    ]
  },
  "facet": {
    "column": {
      "field": "x",
      "type": "nominal"
    },
    "row": {
      "field": "z",
      "type": "nominal"
    }
  },
  "spec": {
    "encoding": {
      "color": {
        "field": "y",
        "type": "nominal"
      },
      "x": {
        "field": "y",
        "type": "nominal"
      },
      "y": {
        "aggregate": "count",
        "type": "quantitative"
      }
    },
    "height": 60,
    "mark": "bar",
    "width": 61
  }
}